PASS  battle-benchmark-complete: entire live window completed
PASS  battle-benchmark-complete: timing starts at the canonical tick
PASS  battle-benchmark-complete: canonical contact state
PASS  battle-benchmark-complete: report declares a renderer-only held simulation
PASS  battle-benchmark-complete: simulation stayed exactly at the held state
PASS  battle-benchmark-complete: all camera phases recorded
PASS  battle-benchmark-complete: camera reached near wide and horizon views
PASS  battle-benchmark-complete: every recorded callback submitted a new primary frame
PASS  battle-benchmark-complete: recorded interval total agrees with run clock
PASS  battle-benchmark-complete: result actions remain inside the initial viewport
PASS  battle-benchmark-complete: export retains the full raw recording
PASS  runner: no page errors

ALL CHECKS PASSED
scenarioReport=throwaway/held-fixed/round-1/12000-three/scenario-report.json
held-12000-three-round-1: complete (renderer-only); functional=true quiet-rankable=false; archived in /Users/david/dev/game-battle-performance-spec/throwaway/held-fixed/round-1/12000-three
  pre observation at 2026-09-19T12:18:14.153Z: shared system process(es) /System/Library/PrivateFrameworks/SkyLight.framework/Resources/WindowServer 27% cannot be split between this trial and anything else
  periodic observation at 2026-09-19T12:21:14.252Z: shared system process(es) /System/Library/PrivateFrameworks/SkyLight.framework/Resources/WindowServer 27.3% cannot be split between this trial and anything else
  periodic observation at 2026-09-19T12:22:14.289Z: shared system process(es) /System/Library/PrivateFrameworks/SkyLight.framework/Resources/WindowServer 26.7% cannot be split between this trial and anything else
  2 further unattributable observation(s)
  pre observation at 2026-09-19T12:18:14.153Z was not quiet (busiest other process 52.3%, load 3.150390625)
  periodic observation at 2026-09-19T12:22:14.289Z was not quiet (busiest other process 64.6%, load 3.02978515625)
  periodic observation at 2026-09-19T12:25:14.407Z was not quiet (busiest other process 61.8%, load 3.5087890625)
