
 RUN  v4.1.9 /Users/david/dev/game-battle-performance-spec/apps/battle-perf-lab/src/live

 ❯ tests/facade.test.ts (51 tests | 1 failed) 20ms
   × an inspection caller cannot mutate the retained presentation identity 2ms

⎯⎯⎯⎯⎯⎯⎯ Failed Tests 1 ⎯⎯⎯⎯⎯⎯⎯

 FAIL  tests/facade.test.ts > an inspection caller cannot mutate the retained presentation identity
AssertionError: expected undefined to be true // Object.is equality

- Expected:
true

+ Received:
undefined

 ❯ tests/facade.test.ts:1349:39
    1347|   first.presented!.submission += 100;
    1348|   const second = await f.renderer.verifySeating();
    1349|   expect(second.measurement?.matches).toBe(true);
       |                                       ^
    1350|   expect(second.presented).toEqual(identity);
    1351|   expect(second.presentedFrameId).toBe(first.presentedFrameId);

⎯⎯⎯⎯⎯⎯⎯⎯⎯⎯⎯⎯⎯⎯⎯⎯⎯⎯⎯⎯⎯⎯⎯⎯[1/1]⎯


 Test Files  1 failed | 3 passed (4)
      Tests  1 failed | 53 passed (54)
   Start at  13:38:53
   Duration  275ms (transform 355ms, setup 0ms, import 463ms, tests 40ms, environment 0ms)

