PASS  battle-benchmark-complete: entire live window completed
PASS  battle-benchmark-complete: timing starts at the canonical tick
PASS  battle-benchmark-complete: canonical contact state
PASS  battle-benchmark-complete: report declares a renderer-only held simulation
PASS  battle-benchmark-complete: simulation stayed exactly at the held state
PASS  battle-benchmark-complete: all camera phases recorded
PASS  battle-benchmark-complete: camera reached near wide and horizon views
PASS  battle-benchmark-complete: every recorded callback submitted a new primary frame
PASS  battle-benchmark-complete: recorded interval total agrees with run clock
PASS  battle-benchmark-complete: result actions remain inside the initial viewport
PASS  battle-benchmark-complete: export retains the full raw recording
PASS  runner: no page errors

ALL CHECKS PASSED
scenarioReport=throwaway/held-fixed/round-0/12000-vgpu/scenario-report.json
held-12000-vgpu-round-0: complete (renderer-only); functional=true quiet-rankable=false; archived in /Users/david/dev/game-battle-performance-spec/throwaway/held-fixed/round-0/12000-vgpu
  pre observation at 2026-09-19T11:16:30.935Z: shared system process(es) /System/Library/PrivateFrameworks/SkyLight.framework/Resources/WindowServer 32% cannot be split between this trial and anything else
  periodic observation at 2026-09-19T11:17:30.969Z: shared system process(es) /System/Library/PrivateFrameworks/SkyLight.framework/Resources/WindowServer 32.7% cannot be split between this trial and anything else
  periodic observation at 2026-09-19T11:18:31.003Z: shared system process(es) /System/Library/PrivateFrameworks/SkyLight.framework/Resources/WindowServer 31.7% cannot be split between this trial and anything else
  7 further unattributable observation(s)
  pre observation at 2026-09-19T11:16:30.935Z was not quiet (busiest other process 46.1%, load 3.59326171875)
  periodic observation at 2026-09-19T11:17:30.969Z was not quiet (busiest other process 7.2%, load 4.34423828125)
  periodic observation at 2026-09-19T11:18:31.003Z was not quiet (busiest other process 3.8%, load 4.29150390625)
  2 further busy observation(s)
