PASS  battle-benchmark-complete: entire live window completed
PASS  battle-benchmark-complete: timing starts at the canonical tick
PASS  battle-benchmark-complete: canonical contact state
PASS  battle-benchmark-complete: report declares a renderer-only held simulation
PASS  battle-benchmark-complete: simulation stayed exactly at the held state
PASS  battle-benchmark-complete: all camera phases recorded
PASS  battle-benchmark-complete: camera reached near wide and horizon views
PASS  battle-benchmark-complete: every recorded callback submitted a new primary frame
PASS  battle-benchmark-complete: recorded interval total agrees with run clock
PASS  battle-benchmark-complete: result actions remain inside the initial viewport
PASS  battle-benchmark-complete: export retains the full raw recording
PASS  runner: no page errors

ALL CHECKS PASSED
scenarioReport=throwaway/held-fixed/round-1/12000-raw/scenario-report.json
held-12000-raw-round-1: complete (renderer-only); functional=true quiet-rankable=false; archived in /Users/david/dev/game-battle-performance-spec/throwaway/held-fixed/round-1/12000-raw
  periodic observation at 2026-09-19T12:12:08.949Z: shared system process(es) /System/Library/PrivateFrameworks/SkyLight.framework/Resources/WindowServer 25.6% cannot be split between this trial and anything else
  periodic observation at 2026-09-19T12:15:09.059Z: shared system process(es) /System/Library/PrivateFrameworks/SkyLight.framework/Resources/WindowServer 29.9% cannot be split between this trial and anything else
  periodic observation at 2026-09-19T12:16:09.071Z: shared system process(es) /System/Library/PrivateFrameworks/SkyLight.framework/Resources/WindowServer 27.3% cannot be split between this trial and anything else
  2 further unattributable observation(s)
  pre observation at 2026-09-19T12:10:08.881Z was not quiet (busiest other process 56.2%, load 3.150390625)
  periodic observation at 2026-09-19T12:11:08.914Z was not quiet (busiest other process 59.7%, load 3.73583984375)
  periodic observation at 2026-09-19T12:12:08.949Z was not quiet (busiest other process 26.2%, load 3.52392578125)
  3 further busy observation(s)
