scene:raw:load-assets
scene:raw:source-create
scene:raw:candidate-create
scene:raw:candidate-ready
scene:raw:tactical:source-upload
scene:raw:tactical:candidate-upload
scene:raw:tactical:candidate-prepare
scene:raw:tactical:source-settle
scene:raw:tactical:candidate-settle
scene:raw:tactical:candidate-prepare
scene:raw:tactical:candidate-prepare
scene:raw:wide:source-upload
scene:raw:wide:candidate-upload
scene:raw:wide:candidate-prepare
scene:raw:wide:source-settle
scene:raw:wide:candidate-settle
scene:raw:wide:candidate-prepare
scene:raw:wide:candidate-prepare
scene:raw:horizon:source-upload
scene:raw:horizon:candidate-upload
scene:raw:horizon:candidate-prepare
scene:raw:horizon:source-settle
scene:raw:horizon:candidate-settle
scene:raw:horizon:candidate-prepare
scene:raw:horizon:candidate-prepare
scene:raw:far-lod:source-upload
scene:raw:far-lod:candidate-upload
scene:raw:far-lod:candidate-prepare
scene:raw:far-lod:source-settle
scene:raw:far-lod:candidate-settle
scene:raw:far-lod:candidate-prepare
scene:raw:far-lod:candidate-prepare
scene:raw:dispose
{
  "errors": [],
  "pageErrors": [],
  "remaining": {
    "textures": 0,
    "buffers": 0
  },
  "instances": 15560,
  "frames": [
    {
      "label": "tactical-initial",
      "image": {
        "width": 2880,
        "height": 1800,
        "changedPixels": 870410,
        "maximumChannelDifference": 106,
        "meanChannelDifference": 0.6909838927469136,
        "nonzeroRgb": 15552000
      }
    },
    {
      "label": "tactical-settled",
      "image": {
        "width": 2880,
        "height": 1800,
        "changedPixels": 30339,
        "maximumChannelDifference": 114,
        "meanChannelDifference": 0.012194733796296296,
        "nonzeroRgb": 15552000
      }
    },
    {
      "label": "wide-initial",
      "image": {
        "width": 2880,
        "height": 1800,
        "changedPixels": 15937,
        "maximumChannelDifference": 138,
        "meanChannelDifference": 0.001351707175925926,
        "nonzeroRgb": 15552000
      }
    },
    {
      "label": "wide-settled",
      "image": {
        "width": 2880,
        "height": 1800,
        "changedPixels": 15937,
        "maximumChannelDifference": 138,
        "meanChannelDifference": 0.001351707175925926,
        "nonzeroRgb": 15552000
      }
    },
    {
      "label": "horizon-initial",
      "image": {
        "width": 2880,
        "height": 1800,
        "changedPixels": 17562,
        "maximumChannelDifference": 51,
        "meanChannelDifference": 0.0008608699845679013,
        "nonzeroRgb": 15552000
      }
    },
    {
      "label": "horizon-settled",
      "image": {
        "width": 2880,
        "height": 1800,
        "changedPixels": 17562,
        "maximumChannelDifference": 51,
        "meanChannelDifference": 0.0008608699845679013,
        "nonzeroRgb": 15552000
      }
    },
    {
      "label": "far-lod-initial",
      "image": {
        "width": 2880,
        "height": 1800,
        "changedPixels": 233067,
        "maximumChannelDifference": 31,
        "meanChannelDifference": 0.01156688850308642,
        "nonzeroRgb": 15552000
      }
    },
    {
      "label": "far-lod-settled",
      "image": {
        "width": 2880,
        "height": 1800,
        "changedPixels": 233067,
        "maximumChannelDifference": 31,
        "meanChannelDifference": 0.01156688850308642,
        "nonzeroRgb": 15552000
      }
    }
  ]
}
