PASS  battle-benchmark-complete: entire live window completed
PASS  battle-benchmark-complete: timing starts at the canonical tick
PASS  battle-benchmark-complete: canonical contact state
PASS  battle-benchmark-complete: report declares a renderer-only held simulation
PASS  battle-benchmark-complete: simulation stayed exactly at the held state
PASS  battle-benchmark-complete: all camera phases recorded
PASS  battle-benchmark-complete: camera reached near wide and horizon views
PASS  battle-benchmark-complete: every recorded callback submitted a new primary frame
PASS  battle-benchmark-complete: recorded interval total agrees with run clock
PASS  battle-benchmark-complete: result actions remain inside the initial viewport
PASS  battle-benchmark-complete: export retains the full raw recording
PASS  runner: no page errors

ALL CHECKS PASSED
scenarioReport=throwaway/held-fixed/confirmation/disabled-12000-raw/scenario-report.json
held-disabled-12000-raw-confirmation: complete (renderer-only); functional=true quiet-rankable=false; archived in /Users/david/dev/game-battle-performance-spec/throwaway/held-fixed/confirmation/disabled-12000-raw
  pre observation at 2026-09-19T19:30:41.457Z: shared system process(es) /System/Library/PrivateFrameworks/SkyLight.framework/Resources/WindowServer 25.6% cannot be split between this trial and anything else
  periodic observation at 2026-09-19T19:32:41.515Z: shared system process(es) /System/Library/PrivateFrameworks/SkyLight.framework/Resources/WindowServer 34% cannot be split between this trial and anything else
  periodic observation at 2026-09-19T19:34:41.565Z: shared system process(es) /System/Library/PrivateFrameworks/SkyLight.framework/Resources/WindowServer 26.8% cannot be split between this trial and anything else
  5 further unattributable observation(s)
  pre observation at 2026-09-19T19:30:41.457Z was not quiet (busiest other process 48.3%, load 4.3310546875)
  periodic observation at 2026-09-19T19:31:41.484Z was not quiet (busiest other process 26%, load 4.07373046875)
  periodic observation at 2026-09-19T19:32:41.515Z was not quiet (busiest other process 97.9%, load 3.89453125)
  6 further busy observation(s)
