$ vitest run

 RUN  v4.1.9 /Users/david/dev/game-map-landscape-quality/web

{"bodies":3,"distinctPosedMeshes":5,"snapshotSlots":6,"controllerSnapshotBytes":5280}
{"bodies":9,"distinctPosedMeshes":5,"snapshotSlots":18,"controllerSnapshotBytes":15840}
11:09:12 AM [vite] (ssr) warning: invalid import "/@fs${root}apps/renderer-lab/src/battleModelReplay.ts". Variable absolute imports are not supported, imports must start with ./ in the static part of the import. For example: import(`./foo/${bar}.js`).
  Plugin: vite:dynamic-import-vars
  File: /Users/david/dev/game-map-landscape-quality/web/scenes/models/_temporal-replay.mjs
11:09:12 AM [vite] (ssr) warning: invalid import "/@fs${root}web/scenes/models/_posed-bundle.ts". Variable absolute imports are not supported, imports must start with ./ in the static part of the import. For example: import(`./foo/${bar}.js`).
  Plugin: vite:dynamic-import-vars
  File: /Users/david/dev/game-map-landscape-quality/web/scenes/models/_temporal-replay.mjs
11:09:12 AM [vite] (ssr) warning: invalid import "/@fs${root}packages/crowd-runtime/src/actionTimeline.ts". Variable absolute imports are not supported, imports must start with ./ in the static part of the import. For example: import(`./foo/${bar}.js`).
  Plugin: vite:dynamic-import-vars
  File: /Users/david/dev/game-map-landscape-quality/web/scenes/models/_temporal-replay.mjs
11:09:12 AM [vite] (ssr) warning: invalid import "/@fs${root}packages/crowd-runtime/src/instanceData.ts". Variable absolute imports are not supported, imports must start with ./ in the static part of the import. For example: import(`./foo/${bar}.js`).
  Plugin: vite:dynamic-import-vars
  File: /Users/david/dev/game-map-landscape-quality/web/scenes/models/_temporal-replay.mjs
11:09:12 AM [vite] (ssr) warning: invalid import "/@fs${root}packages/soldier-assets/src/localPose.ts". Variable absolute imports are not supported, imports must start with ./ in the static part of the import. For example: import(`./foo/${bar}.js`).
  Plugin: vite:dynamic-import-vars
  File: /Users/david/dev/game-map-landscape-quality/web/scenes/models/_temporal-replay.mjs
11:09:12 AM [vite] (ssr) warning: invalid import "/@fs${root}web/scenes/models/_mounted-temporal-fixture.ts". Variable absolute imports are not supported, imports must start with ./ in the static part of the import. For example: import(`./foo/${bar}.js`).
  Plugin: vite:dynamic-import-vars
  File: /Users/david/dev/game-map-landscape-quality/web/scenes/models/_temporal-replay.mjs

 Test Files  91 passed (91)
      Tests  501 passed (501)
   Start at  11:09:10
   Duration  19.34s (transform 5.48s, setup 6.96s, import 8.52s, tests 25.64s, environment 7.25s)

