PASS  battle-benchmark-complete: entire live window completed
PASS  battle-benchmark-complete: timing starts at the canonical tick
PASS  battle-benchmark-complete: canonical contact state
PASS  battle-benchmark-complete: report declares a renderer-only held simulation
PASS  battle-benchmark-complete: simulation stayed exactly at the held state
PASS  battle-benchmark-complete: all camera phases recorded
PASS  battle-benchmark-complete: camera reached near wide and horizon views
PASS  battle-benchmark-complete: every recorded callback submitted a new primary frame
PASS  battle-benchmark-complete: recorded interval total agrees with run clock
PASS  battle-benchmark-complete: result actions remain inside the initial viewport
PASS  battle-benchmark-complete: export retains the full raw recording
PASS  runner: no page errors

ALL CHECKS PASSED
scenarioReport=throwaway/held-fixed/round-2/9000-three/scenario-report.json
held-9000-three-round-2: complete (renderer-only); functional=true quiet-rankable=false; archived in /Users/david/dev/game-battle-performance-spec/throwaway/held-fixed/round-2/9000-three
  pre observation at 2026-09-19T12:35:02.203Z: shared system process(es) /System/Library/PrivateFrameworks/SkyLight.framework/Resources/WindowServer 25.5% cannot be split between this trial and anything else
  periodic observation at 2026-09-19T12:37:02.267Z: shared system process(es) /System/Library/PrivateFrameworks/SkyLight.framework/Resources/WindowServer 35.7% cannot be split between this trial and anything else
  periodic observation at 2026-09-19T12:39:02.337Z: shared system process(es) /System/Library/PrivateFrameworks/SkyLight.framework/Resources/WindowServer 25.4% cannot be split between this trial and anything else
  2 further unattributable observation(s)
  periodic observation at 2026-09-19T12:36:02.235Z was not quiet (busiest other process 10.6%, load 4.0498046875)
  periodic observation at 2026-09-19T12:38:02.301Z was not quiet (busiest other process 27.9%, load 3.15771484375)
  periodic observation at 2026-09-19T12:39:02.337Z was not quiet (busiest other process 100.3%, load 3.43115234375)
