PASS  battle-benchmark-complete: entire live window completed
PASS  battle-benchmark-complete: timing starts at the canonical tick
PASS  battle-benchmark-complete: canonical contact state
PASS  battle-benchmark-complete: report declares a renderer-only held simulation
PASS  battle-benchmark-complete: simulation stayed exactly at the held state
PASS  battle-benchmark-complete: all camera phases recorded
PASS  battle-benchmark-complete: camera reached near wide and horizon views
PASS  battle-benchmark-complete: every recorded callback submitted a new primary frame
PASS  battle-benchmark-complete: recorded interval total agrees with run clock
PASS  battle-benchmark-complete: result actions remain inside the initial viewport
PASS  battle-benchmark-complete: export retains the full raw recording
PASS  runner: no page errors

ALL CHECKS PASSED
scenarioReport=throwaway/held-fixed/confirmation/enabled-12000-typegpu/scenario-report.json
held-enabled-12000-typegpu-confirmation: complete (renderer-only); functional=true quiet-rankable=false; archived in /Users/david/dev/game-battle-performance-spec/throwaway/held-fixed/confirmation/enabled-12000-typegpu
  periodic observation at 2026-09-19T18:54:54.583Z: shared system process(es) /System/Library/PrivateFrameworks/SkyLight.framework/Resources/WindowServer 37.7% cannot be split between this trial and anything else
  periodic observation at 2026-09-19T18:56:54.562Z: shared system process(es) /System/Library/PrivateFrameworks/SkyLight.framework/Resources/WindowServer 37.5% cannot be split between this trial and anything else
  periodic observation at 2026-09-19T18:57:54.591Z: shared system process(es) /System/Library/PrivateFrameworks/SkyLight.framework/Resources/WindowServer 42% cannot be split between this trial and anything else
  5 further unattributable observation(s)
  pre observation at 2026-09-19T18:53:54.550Z was not quiet (busiest other process 90.1%, load 4.36279296875)
  periodic observation at 2026-09-19T18:54:54.583Z was not quiet (busiest other process 63.7%, load 4.125)
  periodic observation at 2026-09-19T18:55:54.533Z was not quiet (busiest other process 20%, load 4.41455078125)
  7 further busy observation(s)
