(node:36856) [MODULE_TYPELESS_PACKAGE_JSON] Warning: Module type of file:///Users/david/dev/game-medium-pike-thrust/packages/soldier-assets/src/soldierMesh.ts is not specified and it doesn't parse as CommonJS.
Reparsing as ES module because module syntax was detected. This incurs a performance overhead.
To eliminate this warning, add "type": "module" to /Users/david/dev/game-medium-pike-thrust/package.json.
(Use `node --trace-warnings ...` to show where the warning was created)
PASS  medium-phalanx: medium-phalanx candidate is manually inspectable for its declared classes  ({"catalog":"http://127.0.0.1:5447/assets/soldiers/candidates/medium-phalanx/catalog.json","assets":[{"id":14,"name":"medium-phalanx","presentation":null,"bones":26,"triangles":[155190,155190,155190],"clips":[{"name":"bend","duration":2,"loop":false},{"name":"bend-pronation","duration":2,"loop":false},{"name":"pike-carry","duration":1,"loop":true},{"name":"pike-ready","duration":1,"loop":true},{"name":"pike-thrust","duration":1.2999999523162842,"loop":false},{"name":"pronation","duration":2,"loop":false},{"name":"ready","duration":1.2000000476837158,"loop":true},{"name":"run","duration":0.800000011920929,"loop":true},{"name":"walk","duration":0.8999999761581421,"loop":true}]}]})
PASS  medium-phalanx: pike-thrust/whole-left: absolute time reset is exact
PASS  medium-phalanx: pike-thrust/whole-left: stationary root reaches submission
PASS  medium-phalanx: pike-thrust/whole-left: terminal phase one holds exactly
PASS  medium-phalanx: pike-thrust/whole-left: terminal returns to ready starting pose
PASS  medium-phalanx: shared/soldiers/medium-phalanx/pike-thrust-whole-left-10: frozen frame repeats
PASS  medium-phalanx: shared/soldiers/medium-phalanx/pike-thrust-whole-left-10: manual pike-thrust reaches production
FAIL  medium-phalanx: snapshot shared/soldiers/medium-phalanx/pike-thrust-whole-left-10  (56807 px differ (8.6681%) — see shots/diff/shared/soldiers/medium-phalanx/pike-thrust-whole-left-10.png)
PASS  medium-phalanx: shared/soldiers/medium-phalanx/pike-thrust-whole-left-11: frozen frame repeats
PASS  medium-phalanx: shared/soldiers/medium-phalanx/pike-thrust-whole-left-11: manual pike-thrust reaches production
FAIL  medium-phalanx: snapshot shared/soldiers/medium-phalanx/pike-thrust-whole-left-11  (64427 px differ (9.8308%) — see shots/diff/shared/soldiers/medium-phalanx/pike-thrust-whole-left-11.png)
PASS  medium-phalanx: shared/soldiers/medium-phalanx/pike-thrust-whole-left-13: frozen frame repeats
PASS  medium-phalanx: shared/soldiers/medium-phalanx/pike-thrust-whole-left-13: manual pike-thrust reaches production
FAIL  medium-phalanx: snapshot shared/soldiers/medium-phalanx/pike-thrust-whole-left-13  (74345 px differ (11.3441%) — see shots/diff/shared/soldiers/medium-phalanx/pike-thrust-whole-left-13.png)
PASS  medium-phalanx: shared/soldiers/medium-phalanx/pike-thrust-whole-left-17: frozen frame repeats
PASS  medium-phalanx: shared/soldiers/medium-phalanx/pike-thrust-whole-left-17: manual pike-thrust reaches production
FAIL  medium-phalanx: snapshot shared/soldiers/medium-phalanx/pike-thrust-whole-left-17  (122134 px differ (18.6362%) — see shots/diff/shared/soldiers/medium-phalanx/pike-thrust-whole-left-17.png)
PASS  medium-phalanx: pike-thrust/whole-right: absolute time reset is exact
PASS  medium-phalanx: pike-thrust/whole-right: stationary root reaches submission
PASS  medium-phalanx: pike-thrust/whole-right: terminal phase one holds exactly
PASS  medium-phalanx: pike-thrust/whole-right: terminal returns to ready starting pose
PASS  medium-phalanx: shared/soldiers/medium-phalanx/pike-thrust-whole-right-10: frozen frame repeats
PASS  medium-phalanx: shared/soldiers/medium-phalanx/pike-thrust-whole-right-10: manual pike-thrust reaches production
FAIL  medium-phalanx: snapshot shared/soldiers/medium-phalanx/pike-thrust-whole-right-10  (64075 px differ (9.7771%) — see shots/diff/shared/soldiers/medium-phalanx/pike-thrust-whole-right-10.png)
PASS  medium-phalanx: shared/soldiers/medium-phalanx/pike-thrust-whole-right-11: frozen frame repeats
PASS  medium-phalanx: shared/soldiers/medium-phalanx/pike-thrust-whole-right-11: manual pike-thrust reaches production
FAIL  medium-phalanx: snapshot shared/soldiers/medium-phalanx/pike-thrust-whole-right-11  (73229 px differ (11.1739%) — see shots/diff/shared/soldiers/medium-phalanx/pike-thrust-whole-right-11.png)
PASS  medium-phalanx: shared/soldiers/medium-phalanx/pike-thrust-whole-right-13: frozen frame repeats
PASS  medium-phalanx: shared/soldiers/medium-phalanx/pike-thrust-whole-right-13: manual pike-thrust reaches production
FAIL  medium-phalanx: snapshot shared/soldiers/medium-phalanx/pike-thrust-whole-right-13  (80582 px differ (12.2958%) — see shots/diff/shared/soldiers/medium-phalanx/pike-thrust-whole-right-13.png)
PASS  medium-phalanx: shared/soldiers/medium-phalanx/pike-thrust-whole-right-17: frozen frame repeats
PASS  medium-phalanx: shared/soldiers/medium-phalanx/pike-thrust-whole-right-17: manual pike-thrust reaches production
FAIL  medium-phalanx: snapshot shared/soldiers/medium-phalanx/pike-thrust-whole-right-17  (106054 px differ (16.1826%) — see shots/diff/shared/soldiers/medium-phalanx/pike-thrust-whole-right-17.png)
PASS  runner: no page errors

8 FAILURE(S)
scenarioReport=throwaway/pike-thrust/revision-i-targeted.json
