PASS  battle-benchmark-complete: entire live window completed
PASS  battle-benchmark-complete: timing starts at the canonical tick
PASS  battle-benchmark-complete: canonical contact state
PASS  battle-benchmark-complete: report declares a renderer-only held simulation
PASS  battle-benchmark-complete: simulation stayed exactly at the held state
PASS  battle-benchmark-complete: all camera phases recorded
PASS  battle-benchmark-complete: camera reached near wide and horizon views
PASS  battle-benchmark-complete: every recorded callback submitted a new primary frame
PASS  battle-benchmark-complete: recorded interval total agrees with run clock
PASS  battle-benchmark-complete: result actions remain inside the initial viewport
PASS  battle-benchmark-complete: export retains the full raw recording
PASS  runner: no page errors

ALL CHECKS PASSED
scenarioReport=throwaway/held-fixed/round-2/9000-vgpu/scenario-report.json
held-9000-vgpu-round-2: complete (renderer-only); functional=true quiet-rankable=false; archived in /Users/david/dev/game-battle-performance-spec/throwaway/held-fixed/round-2/9000-vgpu
  periodic observation at 2026-09-19T12:42:16.873Z: shared system process(es) /System/Library/PrivateFrameworks/SkyLight.framework/Resources/WindowServer 25.9% cannot be split between this trial and anything else
  periodic observation at 2026-09-19T12:43:16.906Z: shared system process(es) /System/Library/PrivateFrameworks/SkyLight.framework/Resources/WindowServer 29.3% cannot be split between this trial and anything else
  periodic observation at 2026-09-19T12:44:16.947Z: shared system process(es) /System/Library/PrivateFrameworks/SkyLight.framework/Resources/WindowServer 28.2% cannot be split between this trial and anything else
  3 further unattributable observation(s)
  periodic observation at 2026-09-19T12:43:16.906Z was not quiet (busiest other process 28.7%, load 3.2119140625)
  post observation at 2026-09-19T12:47:27.985Z was not quiet (busiest other process 27.9%, load 2.73046875)
