PASS  battle-benchmark-complete: entire live window completed
PASS  battle-benchmark-complete: timing starts at the canonical tick
PASS  battle-benchmark-complete: canonical contact state
PASS  battle-benchmark-complete: report declares a renderer-only held simulation
PASS  battle-benchmark-complete: simulation stayed exactly at the held state
PASS  battle-benchmark-complete: all camera phases recorded
PASS  battle-benchmark-complete: camera reached near wide and horizon views
PASS  battle-benchmark-complete: every recorded callback submitted a new primary frame
PASS  battle-benchmark-complete: recorded interval total agrees with run clock
PASS  battle-benchmark-complete: result actions remain inside the initial viewport
PASS  battle-benchmark-complete: export retains the full raw recording
PASS  runner: no page errors

ALL CHECKS PASSED
scenarioReport=throwaway/held-fixed/round-2/12000-raw/scenario-report.json
held-12000-raw-round-2: complete (renderer-only); functional=true quiet-rankable=false; archived in /Users/david/dev/game-battle-performance-spec/throwaway/held-fixed/round-2/12000-raw
  periodic observation at 2026-09-19T12:57:45.879Z: shared system process(es) /System/Library/PrivateFrameworks/SkyLight.framework/Resources/WindowServer 25.3% cannot be split between this trial and anything else
  periodic observation at 2026-09-19T12:58:45.915Z: shared system process(es) /System/Library/PrivateFrameworks/SkyLight.framework/Resources/WindowServer 28.8% cannot be split between this trial and anything else
  periodic observation at 2026-09-19T13:00:45.994Z: shared system process(es) /System/Library/PrivateFrameworks/SkyLight.framework/Resources/WindowServer 39.6% cannot be split between this trial and anything else
  2 further unattributable observation(s)
  periodic observation at 2026-09-19T12:55:45.812Z was not quiet (busiest other process 95.2%, load 3.51708984375)
  periodic observation at 2026-09-19T12:56:45.846Z was not quiet (busiest other process 16.5%, load 4.58154296875)
  periodic observation at 2026-09-19T12:58:45.915Z was not quiet (busiest other process 55.9%, load 2.7607421875)
  3 further busy observation(s)
