PASS  battle-benchmark-complete: entire live window completed
PASS  battle-benchmark-complete: timing starts at the canonical tick
PASS  battle-benchmark-complete: canonical contact state
PASS  battle-benchmark-complete: report declares a renderer-only held simulation
PASS  battle-benchmark-complete: simulation stayed exactly at the held state
PASS  battle-benchmark-complete: all camera phases recorded
PASS  battle-benchmark-complete: camera reached near wide and horizon views
PASS  battle-benchmark-complete: every recorded callback submitted a new primary frame
PASS  battle-benchmark-complete: recorded interval total agrees with run clock
PASS  battle-benchmark-complete: result actions remain inside the initial viewport
PASS  battle-benchmark-complete: export retains the full raw recording
PASS  runner: no page errors

ALL CHECKS PASSED
scenarioReport=throwaway/held-fixed/confirmation/disabled-9000-raw/scenario-report.json
held-disabled-9000-raw-confirmation: complete (renderer-only); functional=true quiet-rankable=false; archived in /Users/david/dev/game-battle-performance-spec/throwaway/held-fixed/confirmation/disabled-9000-raw
  pre observation at 2026-09-19T19:16:21.454Z: shared system process(es) /System/Library/PrivateFrameworks/SkyLight.framework/Resources/WindowServer 35.9% cannot be split between this trial and anything else
  periodic observation at 2026-09-19T19:18:21.507Z: shared system process(es) /System/Library/PrivateFrameworks/SkyLight.framework/Resources/WindowServer 32.3% cannot be split between this trial and anything else
  periodic observation at 2026-09-19T19:19:21.539Z: shared system process(es) /System/Library/PrivateFrameworks/SkyLight.framework/Resources/WindowServer 33.6% cannot be split between this trial and anything else
  4 further unattributable observation(s)
  pre observation at 2026-09-19T19:16:21.454Z was not quiet (busiest other process 90.6%, load 3.5419921875)
  periodic observation at 2026-09-19T19:17:21.481Z was not quiet (busiest other process 55.1%, load 3.740234375)
  periodic observation at 2026-09-19T19:18:21.507Z was not quiet (busiest other process 56.8%, load 3.46630859375)
  4 further busy observation(s)
