PASS  battle-benchmark-complete: entire live window completed
PASS  battle-benchmark-complete: timing starts at the canonical tick
PASS  battle-benchmark-complete: canonical contact state
PASS  battle-benchmark-complete: report declares a renderer-only held simulation
PASS  battle-benchmark-complete: simulation stayed exactly at the held state
PASS  battle-benchmark-complete: all camera phases recorded
PASS  battle-benchmark-complete: camera reached near wide and horizon views
PASS  battle-benchmark-complete: every recorded callback submitted a new primary frame
PASS  battle-benchmark-complete: recorded interval total agrees with run clock
PASS  battle-benchmark-complete: result actions remain inside the initial viewport
PASS  battle-benchmark-complete: export retains the full raw recording
PASS  runner: no page errors

ALL CHECKS PASSED
scenarioReport=throwaway/held-fixed/round-2/12000-vgpu/scenario-report.json
held-12000-vgpu-round-2: complete (renderer-only); functional=true quiet-rankable=false; archived in /Users/david/dev/game-battle-performance-spec/throwaway/held-fixed/round-2/12000-vgpu
  pre observation at 2026-09-19T13:09:55.416Z: shared system process(es) /System/Library/PrivateFrameworks/SkyLight.framework/Resources/WindowServer 30.4% cannot be split between this trial and anything else
  periodic observation at 2026-09-19T13:10:55.447Z: shared system process(es) /System/Library/PrivateFrameworks/SkyLight.framework/Resources/WindowServer 32.4% cannot be split between this trial and anything else
  periodic observation at 2026-09-19T13:11:55.480Z: shared system process(es) /System/Library/PrivateFrameworks/SkyLight.framework/Resources/WindowServer 30.9% cannot be split between this trial and anything else
  7 further unattributable observation(s)
  pre observation at 2026-09-19T13:09:55.416Z was not quiet (busiest other process 107.8%, load 2.82421875)
  periodic observation at 2026-09-19T13:11:55.480Z was not quiet (busiest other process 26.4%, load 2.75048828125)
  periodic observation at 2026-09-19T13:17:55.713Z was not quiet (busiest other process 96.1%, load 3.10400390625)
  1 further busy observation(s)
