PASS  battle-benchmark-complete: entire live window completed
PASS  battle-benchmark-complete: timing starts at the canonical tick
PASS  battle-benchmark-complete: canonical contact state
PASS  battle-benchmark-complete: report declares a renderer-only held simulation
PASS  battle-benchmark-complete: simulation stayed exactly at the held state
PASS  battle-benchmark-complete: all camera phases recorded
PASS  battle-benchmark-complete: camera reached near wide and horizon views
PASS  battle-benchmark-complete: every recorded callback submitted a new primary frame
PASS  battle-benchmark-complete: recorded interval total agrees with run clock
PASS  battle-benchmark-complete: result actions remain inside the initial viewport
PASS  battle-benchmark-complete: export retains the full raw recording
PASS  runner: no page errors

ALL CHECKS PASSED
scenarioReport=throwaway/held-fixed/confirmation/enabled-9000-raw/scenario-report.json
held-enabled-9000-raw-confirmation: complete (renderer-only); functional=true quiet-rankable=false; archived in /Users/david/dev/game-battle-performance-spec/throwaway/held-fixed/confirmation/enabled-9000-raw
  pre observation at 2026-09-19T18:47:40.097Z: shared system process(es) /System/Library/PrivateFrameworks/SkyLight.framework/Resources/WindowServer 34.3% cannot be split between this trial and anything else
  periodic observation at 2026-09-19T18:48:40.124Z: shared system process(es) /System/Library/PrivateFrameworks/SkyLight.framework/Resources/WindowServer 33.2% cannot be split between this trial and anything else
  periodic observation at 2026-09-19T18:49:40.151Z: shared system process(es) /System/Library/PrivateFrameworks/SkyLight.framework/Resources/WindowServer 36.4% cannot be split between this trial and anything else
  5 further unattributable observation(s)
  pre observation at 2026-09-19T18:47:40.097Z was not quiet (busiest other process 96%, load 4.15087890625)
  periodic observation at 2026-09-19T18:48:40.124Z was not quiet (busiest other process 47.5%, load 4.150390625)
  periodic observation at 2026-09-19T18:49:40.151Z was not quiet (busiest other process 32.4%, load 4.1689453125)
  5 further busy observation(s)
