$ vite build
vite v8.0.16 building client environment for production...
[2Ktransforming...✓ 341 modules transformed.
rendering chunks...
computing gzip size...
dist/assets/terrainWorkerEntry-BIBs1--1.js      14.47 kB
dist/assets/ai-worker-BetrmOun.js               15.49 kB
dist/index.html                                 33.83 kB │ gzip:   7.35 kB
dist/assets/mounted-DFvJolqR.glb                49.21 kB
dist/assets/human-w4nskSxz.glb                  52.72 kB
dist/assets/human.landmarks-BnKL1m5c.json       57.49 kB │ gzip:   6.09 kB
dist/assets/mounted.landmarks-C4CyA-0j.json     97.95 kB │ gzip:   8.31 kB
dist/assets/game_wasm_bg-9d_HVhzv.wasm       1,023.89 kB │ gzip: 397.48 kB
dist/assets/capabilities-DLjJWCZr.css            6.14 kB │ gzip:   1.92 kB
dist/assets/index-BKXFIyv9.css                   6.75 kB │ gzip:   1.59 kB
dist/assets/game_wasm-CtPjq0ih.js                0.24 kB │ gzip:   0.17 kB
dist/assets/game_wasm-DKW-I0YY.js               15.92 kB │ gzip:   3.65 kB
dist/assets/index-BUOrqfU8.js                  153.72 kB │ gzip:  53.73 kB
dist/assets/router-BSkui76n.js                 279.74 kB │ gzip:  89.67 kB
dist/assets/capabilities-CtzOxT_p.js         1,571.77 kB │ gzip: 471.16 kB

[33m[PLUGIN_TIMINGS] [0mYour build spent significant time in plugins. Here is a breakdown:
  - vite:worker-import-meta-url (40%)
  - vite:prepare-out-dir (32%)
  - @tailwindcss/vite:generate:build (20%)
See https://rolldown.rs/options/checks#plugintimings for more details.

[plugin builtin:vite-reporter] 
(!) Some chunks are larger than 500 kB after minification. Consider:
- Using dynamic import() to code-split the application
- Use build.rolldownOptions.output.codeSplitting to improve chunking: https://rolldown.rs/reference/OutputOptions.codeSplitting
- Adjust chunk size limit for this warning via build.chunkSizeWarningLimit.
✓ built in 3.57s
