(node:62937) [MODULE_TYPELESS_PACKAGE_JSON] Warning: Module type of file:///Users/david/dev/game-heavy-travel-review/packages/soldier-assets/src/soldierMesh.ts is not specified and it doesn't parse as CommonJS.
Reparsing as ES module because module syntax was detected. This incurs a performance overhead.
To eliminate this warning, add "type": "module" to /Users/david/dev/game-heavy-travel-review/package.json.
(Use `node --trace-warnings ...` to show where the warning was created)
PASS  heavy-kit: heavy-kit candidate is manually inspectable for its declared classes  ({"catalog":"http://127.0.0.1:5186/assets/soldiers/candidates/heavy-kit/catalog.json","assets":[{"id":0,"name":"heavy-kit","presentation":null,"bones":26,"triangles":[88888,88888,88888],"clips":[{"name":"bend","duration":2,"loop":false},{"name":"bend-pronation","duration":2,"loop":false},{"name":"pronation","duration":2,"loop":false},{"name":"ready","duration":1.2000000476837158,"loop":true},{"name":"run","duration":0.800000011920929,"loop":true},{"name":"walk","duration":0.8999999761581421,"loop":true}]}]})
PASS  heavy-kit: walk/side: absolute time repeat after travel is exact
PASS  heavy-kit: walk/side: prescribed forward distance reaches submission
PASS  heavy-kit: shared/soldiers/heavy-kit/travel-walk-side-00: frozen frame repeats
PASS  heavy-kit: shared/soldiers/heavy-kit/travel-walk-side-00: intended manual clip reaches production
PASS  heavy-kit: snapshot shared/soldiers/heavy-kit/travel-walk-side-00  (baseline created)
PASS  heavy-kit: shared/soldiers/heavy-kit/travel-walk-side-18: frozen frame repeats
PASS  heavy-kit: shared/soldiers/heavy-kit/travel-walk-side-18: intended manual clip reaches production
PASS  heavy-kit: snapshot shared/soldiers/heavy-kit/travel-walk-side-18  (baseline created)
PASS  heavy-kit: shared/soldiers/heavy-kit/travel-walk-side-35: frozen frame repeats
PASS  heavy-kit: shared/soldiers/heavy-kit/travel-walk-side-35: intended manual clip reaches production
PASS  heavy-kit: snapshot shared/soldiers/heavy-kit/travel-walk-side-35  (baseline created)
PASS  heavy-kit: walk/oblique: absolute time repeat after travel is exact
PASS  heavy-kit: walk/oblique: prescribed forward distance reaches submission
PASS  heavy-kit: shared/soldiers/heavy-kit/travel-walk-oblique-00: frozen frame repeats
PASS  heavy-kit: shared/soldiers/heavy-kit/travel-walk-oblique-00: intended manual clip reaches production
PASS  heavy-kit: snapshot shared/soldiers/heavy-kit/travel-walk-oblique-00  (baseline created)
PASS  heavy-kit: shared/soldiers/heavy-kit/travel-walk-oblique-18: frozen frame repeats
PASS  heavy-kit: shared/soldiers/heavy-kit/travel-walk-oblique-18: intended manual clip reaches production
PASS  heavy-kit: snapshot shared/soldiers/heavy-kit/travel-walk-oblique-18  (baseline created)
PASS  heavy-kit: shared/soldiers/heavy-kit/travel-walk-oblique-35: frozen frame repeats
PASS  heavy-kit: shared/soldiers/heavy-kit/travel-walk-oblique-35: intended manual clip reaches production
PASS  heavy-kit: snapshot shared/soldiers/heavy-kit/travel-walk-oblique-35  (baseline created)
PASS  heavy-kit: run/side: absolute time repeat after travel is exact
PASS  heavy-kit: run/side: prescribed forward distance reaches submission
PASS  heavy-kit: shared/soldiers/heavy-kit/travel-run-side-00: frozen frame repeats
PASS  heavy-kit: shared/soldiers/heavy-kit/travel-run-side-00: intended manual clip reaches production
PASS  heavy-kit: snapshot shared/soldiers/heavy-kit/travel-run-side-00  (baseline created)
PASS  heavy-kit: shared/soldiers/heavy-kit/travel-run-side-16: frozen frame repeats
PASS  heavy-kit: shared/soldiers/heavy-kit/travel-run-side-16: intended manual clip reaches production
PASS  heavy-kit: snapshot shared/soldiers/heavy-kit/travel-run-side-16  (baseline created)
PASS  heavy-kit: shared/soldiers/heavy-kit/travel-run-side-31: frozen frame repeats
PASS  heavy-kit: shared/soldiers/heavy-kit/travel-run-side-31: intended manual clip reaches production
PASS  heavy-kit: snapshot shared/soldiers/heavy-kit/travel-run-side-31  (baseline created)
PASS  heavy-kit: run/oblique: absolute time repeat after travel is exact
PASS  heavy-kit: run/oblique: prescribed forward distance reaches submission
PASS  heavy-kit: shared/soldiers/heavy-kit/travel-run-oblique-00: frozen frame repeats
PASS  heavy-kit: shared/soldiers/heavy-kit/travel-run-oblique-00: intended manual clip reaches production
PASS  heavy-kit: snapshot shared/soldiers/heavy-kit/travel-run-oblique-00  (baseline created)
PASS  heavy-kit: shared/soldiers/heavy-kit/travel-run-oblique-16: frozen frame repeats
PASS  heavy-kit: shared/soldiers/heavy-kit/travel-run-oblique-16: intended manual clip reaches production
PASS  heavy-kit: snapshot shared/soldiers/heavy-kit/travel-run-oblique-16  (baseline created)
PASS  heavy-kit: shared/soldiers/heavy-kit/travel-run-oblique-31: frozen frame repeats
PASS  heavy-kit: shared/soldiers/heavy-kit/travel-run-oblique-31: intended manual clip reaches production
PASS  heavy-kit: snapshot shared/soldiers/heavy-kit/travel-run-oblique-31  (baseline created)
PASS  runner: no page errors

ALL CHECKS PASSED
