(node:90768) [MODULE_TYPELESS_PACKAGE_JSON] Warning: Module type of file:///Users/david/dev/game-heavy-hand-form/packages/soldier-assets/src/soldierMesh.ts is not specified and it doesn't parse as CommonJS.
Reparsing as ES module because module syntax was detected. This incurs a performance overhead.
To eliminate this warning, add "type": "module" to /Users/david/dev/game-heavy-hand-form/package.json.
(Use `node --trace-warnings ...` to show where the warning was created)
PASS  heavy-kit: heavy-kit candidate is manually inspectable for its declared classes  ({"catalog":"http://localhost:5193/assets/soldiers/candidates/heavy-kit/catalog.json","assets":[{"id":0,"name":"heavy-kit","presentation":null,"bones":26,"triangles":[102034,102034,102034],"clips":[{"name":"bend","duration":2,"loop":false},{"name":"bend-pronation","duration":2,"loop":false},{"name":"pronation","duration":2,"loop":false},{"name":"ready","duration":1.2000000476837158,"loop":true},{"name":"run","duration":0.800000011920929,"loop":true},{"name":"walk","duration":0.8999999761581421,"loop":true}]}]})
PASS  heavy-kit: close/neutral/front: production weighted pose submitted  ({"sampled":{"clip":"bend","phase":0,"duration":2},"lod":{"skinned":1,"impostors":0},"palettes":[{"bones":26,"visible":1,"capacity":256,"snapshotCapacity":2,"snapshotBankCapacity":1,"residentSnapshots":0,"snapshotSlotHighWater":0,"allocatedBytes":748480,"uploadedBytes":80,"snapshotUploadedBytes":0}]})
PASS  heavy-kit: close/neutral/front: newly rendered frozen crop is byte-stable
PASS  heavy-kit: close/neutral/side: production weighted pose submitted  ({"sampled":{"clip":"bend","phase":0,"duration":2},"lod":{"skinned":1,"impostors":0},"palettes":[{"bones":26,"visible":1,"capacity":256,"snapshotCapacity":2,"snapshotBankCapacity":1,"residentSnapshots":0,"snapshotSlotHighWater":0,"allocatedBytes":748480,"uploadedBytes":80,"snapshotUploadedBytes":0}]})
PASS  heavy-kit: close/neutral/side: newly rendered frozen crop is byte-stable
PASS  heavy-kit: close/neutral/rear: production weighted pose submitted  ({"sampled":{"clip":"bend","phase":0,"duration":2},"lod":{"skinned":1,"impostors":0},"palettes":[{"bones":26,"visible":1,"capacity":256,"snapshotCapacity":2,"snapshotBankCapacity":1,"residentSnapshots":0,"snapshotSlotHighWater":0,"allocatedBytes":748480,"uploadedBytes":80,"snapshotUploadedBytes":0}]})
PASS  heavy-kit: close/neutral/rear: newly rendered frozen crop is byte-stable
PASS  heavy-kit: close/neutral/three-quarter: production weighted pose submitted  ({"sampled":{"clip":"bend","phase":0,"duration":2},"lod":{"skinned":1,"impostors":0},"palettes":[{"bones":26,"visible":1,"capacity":256,"snapshotCapacity":2,"snapshotBankCapacity":1,"residentSnapshots":0,"snapshotSlotHighWater":0,"allocatedBytes":748480,"uploadedBytes":80,"snapshotUploadedBytes":0}]})
PASS  heavy-kit: close/neutral/three-quarter: newly rendered frozen crop is byte-stable
PASS  heavy-kit: close/deep bend/front: production weighted pose submitted  ({"sampled":{"clip":"bend","phase":0.5,"duration":2},"lod":{"skinned":1,"impostors":0},"palettes":[{"bones":26,"visible":1,"capacity":256,"snapshotCapacity":2,"snapshotBankCapacity":1,"residentSnapshots":0,"snapshotSlotHighWater":0,"allocatedBytes":748480,"uploadedBytes":80,"snapshotUploadedBytes":0}]})
PASS  heavy-kit: close/deep bend/front: newly rendered frozen crop is byte-stable
PASS  heavy-kit: close/deep bend/side: production weighted pose submitted  ({"sampled":{"clip":"bend","phase":0.5,"duration":2},"lod":{"skinned":1,"impostors":0},"palettes":[{"bones":26,"visible":1,"capacity":256,"snapshotCapacity":2,"snapshotBankCapacity":1,"residentSnapshots":0,"snapshotSlotHighWater":0,"allocatedBytes":748480,"uploadedBytes":80,"snapshotUploadedBytes":0}]})
PASS  heavy-kit: close/deep bend/side: newly rendered frozen crop is byte-stable
PASS  heavy-kit: close/deep bend/rear: production weighted pose submitted  ({"sampled":{"clip":"bend","phase":0.5,"duration":2},"lod":{"skinned":1,"impostors":0},"palettes":[{"bones":26,"visible":1,"capacity":256,"snapshotCapacity":2,"snapshotBankCapacity":1,"residentSnapshots":0,"snapshotSlotHighWater":0,"allocatedBytes":748480,"uploadedBytes":80,"snapshotUploadedBytes":0}]})
PASS  heavy-kit: close/deep bend/rear: newly rendered frozen crop is byte-stable
PASS  heavy-kit: close/deep bend/three-quarter: production weighted pose submitted  ({"sampled":{"clip":"bend","phase":0.5,"duration":2},"lod":{"skinned":1,"impostors":0},"palettes":[{"bones":26,"visible":1,"capacity":256,"snapshotCapacity":2,"snapshotBankCapacity":1,"residentSnapshots":0,"snapshotSlotHighWater":0,"allocatedBytes":748480,"uploadedBytes":80,"snapshotUploadedBytes":0}]})
PASS  heavy-kit: close/deep bend/three-quarter: newly rendered frozen crop is byte-stable
PASS  heavy-kit: snapshot shared/soldiers/heavy-kit/close  (0 px differ (0.0000%))
PASS  heavy-kit: gameplay-pitch/neutral/front: production weighted pose submitted  ({"sampled":{"clip":"bend","phase":0,"duration":2},"lod":{"skinned":1,"impostors":0},"palettes":[{"bones":26,"visible":1,"capacity":256,"snapshotCapacity":2,"snapshotBankCapacity":1,"residentSnapshots":0,"snapshotSlotHighWater":0,"allocatedBytes":748480,"uploadedBytes":80,"snapshotUploadedBytes":0}]})
PASS  heavy-kit: gameplay-pitch/neutral/front: newly rendered frozen crop is byte-stable
PASS  heavy-kit: gameplay-pitch/neutral/side: production weighted pose submitted  ({"sampled":{"clip":"bend","phase":0,"duration":2},"lod":{"skinned":1,"impostors":0},"palettes":[{"bones":26,"visible":1,"capacity":256,"snapshotCapacity":2,"snapshotBankCapacity":1,"residentSnapshots":0,"snapshotSlotHighWater":0,"allocatedBytes":748480,"uploadedBytes":80,"snapshotUploadedBytes":0}]})
PASS  heavy-kit: gameplay-pitch/neutral/side: newly rendered frozen crop is byte-stable
PASS  heavy-kit: gameplay-pitch/neutral/rear: production weighted pose submitted  ({"sampled":{"clip":"bend","phase":0,"duration":2},"lod":{"skinned":1,"impostors":0},"palettes":[{"bones":26,"visible":1,"capacity":256,"snapshotCapacity":2,"snapshotBankCapacity":1,"residentSnapshots":0,"snapshotSlotHighWater":0,"allocatedBytes":748480,"uploadedBytes":80,"snapshotUploadedBytes":0}]})
PASS  heavy-kit: gameplay-pitch/neutral/rear: newly rendered frozen crop is byte-stable
PASS  heavy-kit: gameplay-pitch/neutral/three-quarter: production weighted pose submitted  ({"sampled":{"clip":"bend","phase":0,"duration":2},"lod":{"skinned":1,"impostors":0},"palettes":[{"bones":26,"visible":1,"capacity":256,"snapshotCapacity":2,"snapshotBankCapacity":1,"residentSnapshots":0,"snapshotSlotHighWater":0,"allocatedBytes":748480,"uploadedBytes":80,"snapshotUploadedBytes":0}]})
PASS  heavy-kit: gameplay-pitch/neutral/three-quarter: newly rendered frozen crop is byte-stable
PASS  heavy-kit: gameplay-pitch/deep bend/front: production weighted pose submitted  ({"sampled":{"clip":"bend","phase":0.5,"duration":2},"lod":{"skinned":1,"impostors":0},"palettes":[{"bones":26,"visible":1,"capacity":256,"snapshotCapacity":2,"snapshotBankCapacity":1,"residentSnapshots":0,"snapshotSlotHighWater":0,"allocatedBytes":748480,"uploadedBytes":80,"snapshotUploadedBytes":0}]})
PASS  heavy-kit: gameplay-pitch/deep bend/front: newly rendered frozen crop is byte-stable
PASS  heavy-kit: gameplay-pitch/deep bend/side: production weighted pose submitted  ({"sampled":{"clip":"bend","phase":0.5,"duration":2},"lod":{"skinned":1,"impostors":0},"palettes":[{"bones":26,"visible":1,"capacity":256,"snapshotCapacity":2,"snapshotBankCapacity":1,"residentSnapshots":0,"snapshotSlotHighWater":0,"allocatedBytes":748480,"uploadedBytes":80,"snapshotUploadedBytes":0}]})
PASS  heavy-kit: gameplay-pitch/deep bend/side: newly rendered frozen crop is byte-stable
PASS  heavy-kit: gameplay-pitch/deep bend/rear: production weighted pose submitted  ({"sampled":{"clip":"bend","phase":0.5,"duration":2},"lod":{"skinned":1,"impostors":0},"palettes":[{"bones":26,"visible":1,"capacity":256,"snapshotCapacity":2,"snapshotBankCapacity":1,"residentSnapshots":0,"snapshotSlotHighWater":0,"allocatedBytes":748480,"uploadedBytes":80,"snapshotUploadedBytes":0}]})
PASS  heavy-kit: gameplay-pitch/deep bend/rear: newly rendered frozen crop is byte-stable
PASS  heavy-kit: gameplay-pitch/deep bend/three-quarter: production weighted pose submitted  ({"sampled":{"clip":"bend","phase":0.5,"duration":2},"lod":{"skinned":1,"impostors":0},"palettes":[{"bones":26,"visible":1,"capacity":256,"snapshotCapacity":2,"snapshotBankCapacity":1,"residentSnapshots":0,"snapshotSlotHighWater":0,"allocatedBytes":748480,"uploadedBytes":80,"snapshotUploadedBytes":0}]})
PASS  heavy-kit: gameplay-pitch/deep bend/three-quarter: newly rendered frozen crop is byte-stable
PASS  heavy-kit: snapshot shared/soldiers/heavy-kit/gameplay-pitch  (0 px differ (0.0000%))
PASS  heavy-kit: sword-grip/neutral/front: production weighted pose submitted  ({"sampled":{"clip":"bend","phase":0,"duration":2},"lod":{"skinned":1,"impostors":0},"palettes":[{"bones":26,"visible":1,"capacity":256,"snapshotCapacity":2,"snapshotBankCapacity":1,"residentSnapshots":0,"snapshotSlotHighWater":0,"allocatedBytes":748480,"uploadedBytes":80,"snapshotUploadedBytes":0}]})
PASS  heavy-kit: sword-grip/neutral/front: newly rendered frozen crop is byte-stable
PASS  heavy-kit: sword-grip/neutral/right side: production weighted pose submitted  ({"sampled":{"clip":"bend","phase":0,"duration":2},"lod":{"skinned":1,"impostors":0},"palettes":[{"bones":26,"visible":1,"capacity":256,"snapshotCapacity":2,"snapshotBankCapacity":1,"residentSnapshots":0,"snapshotSlotHighWater":0,"allocatedBytes":748480,"uploadedBytes":80,"snapshotUploadedBytes":0}]})
PASS  heavy-kit: sword-grip/neutral/right side: newly rendered frozen crop is byte-stable
PASS  heavy-kit: sword-grip/neutral/rear: production weighted pose submitted  ({"sampled":{"clip":"bend","phase":0,"duration":2},"lod":{"skinned":1,"impostors":0},"palettes":[{"bones":26,"visible":1,"capacity":256,"snapshotCapacity":2,"snapshotBankCapacity":1,"residentSnapshots":0,"snapshotSlotHighWater":0,"allocatedBytes":748480,"uploadedBytes":80,"snapshotUploadedBytes":0}]})
PASS  heavy-kit: sword-grip/neutral/rear: newly rendered frozen crop is byte-stable
PASS  heavy-kit: sword-grip/neutral/right three-quarter: production weighted pose submitted  ({"sampled":{"clip":"bend","phase":0,"duration":2},"lod":{"skinned":1,"impostors":0},"palettes":[{"bones":26,"visible":1,"capacity":256,"snapshotCapacity":2,"snapshotBankCapacity":1,"residentSnapshots":0,"snapshotSlotHighWater":0,"allocatedBytes":748480,"uploadedBytes":80,"snapshotUploadedBytes":0}]})
PASS  heavy-kit: sword-grip/neutral/right three-quarter: newly rendered frozen crop is byte-stable
FAIL  heavy-kit: snapshot shared/soldiers/heavy-kit/sword-grip  (53284 px differ (3.2522%) — see shots/diff/shared/soldiers/heavy-kit/sword-grip.png)
PASS  heavy-kit: shield-grip/neutral/front: production weighted pose submitted  ({"sampled":{"clip":"bend","phase":0,"duration":2},"lod":{"skinned":1,"impostors":0},"palettes":[{"bones":26,"visible":1,"capacity":256,"snapshotCapacity":2,"snapshotBankCapacity":1,"residentSnapshots":0,"snapshotSlotHighWater":0,"allocatedBytes":748480,"uploadedBytes":80,"snapshotUploadedBytes":0}]})
PASS  heavy-kit: shield-grip/neutral/front: newly rendered frozen crop is byte-stable
PASS  heavy-kit: shield-grip/neutral/left side: production weighted pose submitted  ({"sampled":{"clip":"bend","phase":0,"duration":2},"lod":{"skinned":1,"impostors":0},"palettes":[{"bones":26,"visible":1,"capacity":256,"snapshotCapacity":2,"snapshotBankCapacity":1,"residentSnapshots":0,"snapshotSlotHighWater":0,"allocatedBytes":748480,"uploadedBytes":80,"snapshotUploadedBytes":0}]})
PASS  heavy-kit: shield-grip/neutral/left side: newly rendered frozen crop is byte-stable
PASS  heavy-kit: shield-grip/neutral/rear: production weighted pose submitted  ({"sampled":{"clip":"bend","phase":0,"duration":2},"lod":{"skinned":1,"impostors":0},"palettes":[{"bones":26,"visible":1,"capacity":256,"snapshotCapacity":2,"snapshotBankCapacity":1,"residentSnapshots":0,"snapshotSlotHighWater":0,"allocatedBytes":748480,"uploadedBytes":80,"snapshotUploadedBytes":0}]})
PASS  heavy-kit: shield-grip/neutral/rear: newly rendered frozen crop is byte-stable
PASS  heavy-kit: shield-grip/neutral/left three-quarter: production weighted pose submitted  ({"sampled":{"clip":"bend","phase":0,"duration":2},"lod":{"skinned":1,"impostors":0},"palettes":[{"bones":26,"visible":1,"capacity":256,"snapshotCapacity":2,"snapshotBankCapacity":1,"residentSnapshots":0,"snapshotSlotHighWater":0,"allocatedBytes":748480,"uploadedBytes":80,"snapshotUploadedBytes":0}]})
PASS  heavy-kit: shield-grip/neutral/left three-quarter: newly rendered frozen crop is byte-stable
FAIL  heavy-kit: snapshot shared/soldiers/heavy-kit/shield-grip  (28016 px differ (1.7100%) — see shots/diff/shared/soldiers/heavy-kit/shield-grip.png)
PASS  heavy-kit: ready/ready/front: production weighted pose submitted  ({"sampled":{"clip":"ready","phase":0,"duration":1.2000000476837158},"lod":{"skinned":1,"impostors":0},"palettes":[{"bones":26,"visible":1,"capacity":256,"snapshotCapacity":2,"snapshotBankCapacity":1,"residentSnapshots":0,"snapshotSlotHighWater":0,"allocatedBytes":748480,"uploadedBytes":80,"snapshotUploadedBytes":0}]})
PASS  heavy-kit: ready/ready/front: newly rendered frozen crop is byte-stable
PASS  heavy-kit: ready/ready/side: production weighted pose submitted  ({"sampled":{"clip":"ready","phase":0,"duration":1.2000000476837158},"lod":{"skinned":1,"impostors":0},"palettes":[{"bones":26,"visible":1,"capacity":256,"snapshotCapacity":2,"snapshotBankCapacity":1,"residentSnapshots":0,"snapshotSlotHighWater":0,"allocatedBytes":748480,"uploadedBytes":80,"snapshotUploadedBytes":0}]})
PASS  heavy-kit: ready/ready/side: newly rendered frozen crop is byte-stable
PASS  heavy-kit: ready/ready/rear: production weighted pose submitted  ({"sampled":{"clip":"ready","phase":0,"duration":1.2000000476837158},"lod":{"skinned":1,"impostors":0},"palettes":[{"bones":26,"visible":1,"capacity":256,"snapshotCapacity":2,"snapshotBankCapacity":1,"residentSnapshots":0,"snapshotSlotHighWater":0,"allocatedBytes":748480,"uploadedBytes":80,"snapshotUploadedBytes":0}]})
PASS  heavy-kit: ready/ready/rear: newly rendered frozen crop is byte-stable
PASS  heavy-kit: ready/ready/three-quarter: production weighted pose submitted  ({"sampled":{"clip":"ready","phase":0,"duration":1.2000000476837158},"lod":{"skinned":1,"impostors":0},"palettes":[{"bones":26,"visible":1,"capacity":256,"snapshotCapacity":2,"snapshotBankCapacity":1,"residentSnapshots":0,"snapshotSlotHighWater":0,"allocatedBytes":748480,"uploadedBytes":80,"snapshotUploadedBytes":0}]})
PASS  heavy-kit: ready/ready/three-quarter: newly rendered frozen crop is byte-stable
PASS  heavy-kit: snapshot shared/soldiers/heavy-kit/ready  (0 px differ (0.0000%))
PASS  heavy-kit: ready-feet/ready/front: production weighted pose submitted  ({"sampled":{"clip":"ready","phase":0,"duration":1.2000000476837158},"lod":{"skinned":1,"impostors":0},"palettes":[{"bones":26,"visible":1,"capacity":256,"snapshotCapacity":2,"snapshotBankCapacity":1,"residentSnapshots":0,"snapshotSlotHighWater":0,"allocatedBytes":748480,"uploadedBytes":80,"snapshotUploadedBytes":0}]})
PASS  heavy-kit: ready-feet/ready/front: newly rendered frozen crop is byte-stable
PASS  heavy-kit: ready-feet/ready/side: production weighted pose submitted  ({"sampled":{"clip":"ready","phase":0,"duration":1.2000000476837158},"lod":{"skinned":1,"impostors":0},"palettes":[{"bones":26,"visible":1,"capacity":256,"snapshotCapacity":2,"snapshotBankCapacity":1,"residentSnapshots":0,"snapshotSlotHighWater":0,"allocatedBytes":748480,"uploadedBytes":80,"snapshotUploadedBytes":0}]})
PASS  heavy-kit: ready-feet/ready/side: newly rendered frozen crop is byte-stable
PASS  heavy-kit: ready-feet/ready/rear: production weighted pose submitted  ({"sampled":{"clip":"ready","phase":0,"duration":1.2000000476837158},"lod":{"skinned":1,"impostors":0},"palettes":[{"bones":26,"visible":1,"capacity":256,"snapshotCapacity":2,"snapshotBankCapacity":1,"residentSnapshots":0,"snapshotSlotHighWater":0,"allocatedBytes":748480,"uploadedBytes":80,"snapshotUploadedBytes":0}]})
PASS  heavy-kit: ready-feet/ready/rear: newly rendered frozen crop is byte-stable
PASS  heavy-kit: ready-feet/ready/three-quarter: production weighted pose submitted  ({"sampled":{"clip":"ready","phase":0,"duration":1.2000000476837158},"lod":{"skinned":1,"impostors":0},"palettes":[{"bones":26,"visible":1,"capacity":256,"snapshotCapacity":2,"snapshotBankCapacity":1,"residentSnapshots":0,"snapshotSlotHighWater":0,"allocatedBytes":748480,"uploadedBytes":80,"snapshotUploadedBytes":0}]})
PASS  heavy-kit: ready-feet/ready/three-quarter: newly rendered frozen crop is byte-stable
PASS  heavy-kit: snapshot shared/soldiers/heavy-kit/ready-feet  (0 px differ (0.0000%))
PASS  runner: no page errors

2 FAILURE(S)
