scene:typegpu:load-assets
scene:typegpu:source-create
scene:typegpu:candidate-create
scene:typegpu:candidate-ready
scene:typegpu:tactical:source-upload
scene:typegpu:tactical:candidate-upload
scene:typegpu:tactical:candidate-prepare
scene:typegpu:tactical:source-settle
scene:typegpu:tactical:candidate-settle
scene:typegpu:tactical:candidate-prepare
scene:typegpu:tactical:candidate-prepare
scene:typegpu:wide:source-upload
scene:typegpu:wide:candidate-upload
scene:typegpu:wide:candidate-prepare
scene:typegpu:wide:source-settle
scene:typegpu:wide:candidate-settle
scene:typegpu:wide:candidate-prepare
scene:typegpu:wide:candidate-prepare
scene:typegpu:horizon:source-upload
scene:typegpu:horizon:candidate-upload
scene:typegpu:horizon:candidate-prepare
scene:typegpu:horizon:source-settle
scene:typegpu:horizon:candidate-settle
scene:typegpu:horizon:candidate-prepare
scene:typegpu:horizon:candidate-prepare
scene:typegpu:far-lod:source-upload
scene:typegpu:far-lod:candidate-upload
scene:typegpu:far-lod:candidate-prepare
scene:typegpu:far-lod:source-settle
scene:typegpu:far-lod:candidate-settle
scene:typegpu:far-lod:candidate-prepare
scene:typegpu:far-lod:candidate-prepare
scene:typegpu:dispose
{
  "errors": [],
  "pageErrors": [],
  "remaining": {
    "textures": 0,
    "buffers": 0
  },
  "instances": 15560,
  "frames": [
    {
      "label": "tactical-initial",
      "image": {
        "width": 2880,
        "height": 1800,
        "changedPixels": 870400,
        "maximumChannelDifference": 105,
        "meanChannelDifference": 0.6907811053240741,
        "nonzeroRgb": 15552000
      }
    },
    {
      "label": "tactical-settled",
      "image": {
        "width": 2880,
        "height": 1800,
        "changedPixels": 30089,
        "maximumChannelDifference": 104,
        "meanChannelDifference": 0.011930507330246913,
        "nonzeroRgb": 15552000
      }
    },
    {
      "label": "wide-initial",
      "image": {
        "width": 2880,
        "height": 1800,
        "changedPixels": 15779,
        "maximumChannelDifference": 89,
        "meanChannelDifference": 0.0012104552469135803,
        "nonzeroRgb": 15552000
      }
    },
    {
      "label": "wide-settled",
      "image": {
        "width": 2880,
        "height": 1800,
        "changedPixels": 15779,
        "maximumChannelDifference": 89,
        "meanChannelDifference": 0.0012104552469135803,
        "nonzeroRgb": 15552000
      }
    },
    {
      "label": "horizon-initial",
      "image": {
        "width": 2880,
        "height": 1800,
        "changedPixels": 17554,
        "maximumChannelDifference": 10,
        "meanChannelDifference": 0.0008558545524691358,
        "nonzeroRgb": 15552000
      }
    },
    {
      "label": "horizon-settled",
      "image": {
        "width": 2880,
        "height": 1800,
        "changedPixels": 17554,
        "maximumChannelDifference": 10,
        "meanChannelDifference": 0.0008558545524691358,
        "nonzeroRgb": 15552000
      }
    },
    {
      "label": "far-lod-initial",
      "image": {
        "width": 2880,
        "height": 1800,
        "changedPixels": 233067,
        "maximumChannelDifference": 31,
        "meanChannelDifference": 0.01156688850308642,
        "nonzeroRgb": 15552000
      }
    },
    {
      "label": "far-lod-settled",
      "image": {
        "width": 2880,
        "height": 1800,
        "changedPixels": 233067,
        "maximumChannelDifference": 31,
        "meanChannelDifference": 0.01156688850308642,
        "nonzeroRgb": 15552000
      }
    }
  ]
}
