weights 1,0,0,0 column 0/xyz true {"name":"weights 1,0,0,0 column 0/xyz","ok":true,"error":0,"expected":[1,0,0],"actual":[1,0,0]}
weights 0.25,0.75,0,0 column 0/xyz true {"name":"weights 0.25,0.75,0,0 column 0/xyz","ok":true,"error":5.960464477539063e-8,"expected":[0.949245497584343,0.27121156454086304,0],"actual":[0.9492454528808594,0.2712116241455078,0]}
weights 0.20000000298023224,0.30000001192092896,0.5,0 column 0/xyz true {"name":"weights 0.20000000298023224,0.30000001192092896,0.5,0 column 0/xyz","ok":true,"error":2.405920902504022e-7,"expected":[0.8489325068274418,0.4456285877420356,0],"actual":[0.8489322662353516,0.44562864303588867,0]}
weights 0.10000000149011612,0.20000000298023224,0.30000001192092896,0.4000000059604645 column 0/xyz true {"name":"weights 0.10000000149011612,0.20000000298023224,0.30000001192092896,0.4000000059604645 column 0/xyz","ok":true,"error":1.4558483485416218e-7,"expected":[0.6858706691131733,0.6328889395301474,0],"actual":[0.6858706474304199,0.6328887939453125,0]}
weights 0,1,0,0 column 0/xyz true {"name":"weights 0,1,0,0 column 0/xyz","ok":true,"error":2.384185791015625e-7,"expected":[0.9323273301124573,0.3616154193878174,0],"actual":[0.9323272705078125,0.3616151809692383,0]}
weights 0.5,0,0.5,0 column 0/xyz true {"name":"weights 0.5,0,0.5,0 column 0/xyz","ok":true,"error":2.086162567138672e-7,"expected":[0.8692342936992645,0.3371439576148987,0],"actual":[0.8692340850830078,0.3371438980102539,0]}
weights 0,0,0.25,0.75 column 0/xyz true {"name":"weights 0,0,0.25,0.75 column 0/xyz","ok":true,"error":1.564621925354004e-7,"expected":[0.5181132927536964,0.8403459787368774,0],"actual":[0.5181131362915039,0.8403458595275879,0]}
weights 0,0.5,0,0.5 column 0/xyz true {"name":"weights 0,0.5,0,0.5 column 0/xyz","ok":true,"error":2.5331974029541016e-7,"expected":[0.6884944289922714,0.6286570429801941,0],"actual":[0.6884946823120117,0.6286568641662598,0]}
weights 0,0,0,1 column 0/xyz true {"name":"weights 0,0,0,1 column 0/xyz","ok":true,"error":1.1920928955078125e-7,"expected":[0.44466152787208557,0.8956986665725708,0],"actual":[0.44466161727905273,0.8956985473632812,0]}
weights 0.9999995231628418,0,0,0 column 0/xyz true {"name":"weights 0.9999995231628418,0,0,0 column 0/xyz","ok":true,"error":0,"expected":[0.9999995231628418,0,0],"actual":[0.9999995231628418,0,0]}
weights 1,0,0,0 column 0/w true {"name":"weights 1,0,0,0 column 0/w","ok":true,"error":0,"expected":[0,0,0],"actual":[0,0,0]}
weights 0.25,0.75,0,0 column 0/w true {"name":"weights 0.25,0.75,0,0 column 0/w","ok":true,"error":0,"expected":[0,0,0],"actual":[0,0,0]}
weights 0.20000000298023224,0.30000001192092896,0.5,0 column 0/w true {"name":"weights 0.20000000298023224,0.30000001192092896,0.5,0 column 0/w","ok":true,"error":0,"expected":[0,0,0],"actual":[0,0,0]}
weights 0.10000000149011612,0.20000000298023224,0.30000001192092896,0.4000000059604645 column 0/w true {"name":"weights 0.10000000149011612,0.20000000298023224,0.30000001192092896,0.4000000059604645 column 0/w","ok":true,"error":0,"expected":[0,0,0],"actual":[0,0,0]}
weights 0,1,0,0 column 0/w true {"name":"weights 0,1,0,0 column 0/w","ok":true,"error":0,"expected":[0,0,0],"actual":[0,0,0]}
weights 0.5,0,0.5,0 column 0/w true {"name":"weights 0.5,0,0.5,0 column 0/w","ok":true,"error":0,"expected":[0,0,0],"actual":[0,0,0]}
weights 0,0,0.25,0.75 column 0/w true {"name":"weights 0,0,0.25,0.75 column 0/w","ok":true,"error":0,"expected":[0,0,0],"actual":[0,0,0]}
weights 0,0.5,0,0.5 column 0/w true {"name":"weights 0,0.5,0,0.5 column 0/w","ok":true,"error":0,"expected":[0,0,0],"actual":[0,0,0]}
weights 0,0,0,1 column 0/w true {"name":"weights 0,0,0,1 column 0/w","ok":true,"error":0,"expected":[0,0,0],"actual":[0,0,0]}
weights 0.9999995231628418,0,0,0 column 0/w true {"name":"weights 0.9999995231628418,0,0,0 column 0/w","ok":true,"error":0,"expected":[0,0,0],"actual":[0,0,0]}
weights 1,0,0,0 column 1/xyz true {"name":"weights 1,0,0,0 column 1/xyz","ok":true,"error":0,"expected":[0,1,0],"actual":[0,1,0]}
weights 0.25,0.75,0,0 column 1/xyz true {"name":"weights 0.25,0.75,0,0 column 1/xyz","ok":true,"error":5.960464477539063e-8,"expected":[-0.27121156454086304,0.949245497584343,0],"actual":[-0.2712116241455078,0.9492454528808594,0]}
weights 0.20000000298023224,0.30000001192092896,0.5,0 column 1/xyz true {"name":"weights 0.20000000298023224,0.30000001192092896,0.5,0 column 1/xyz","ok":true,"error":2.405920902504022e-7,"expected":[-0.4456285877420356,0.8489325068274418,0],"actual":[-0.44562864303588867,0.8489322662353516,0]}
weights 0.10000000149011612,0.20000000298023224,0.30000001192092896,0.4000000059604645 column 1/xyz true {"name":"weights 0.10000000149011612,0.20000000298023224,0.30000001192092896,0.4000000059604645 column 1/xyz","ok":true,"error":9.283374424740032e-8,"expected":[-0.6328889395301474,0.6858706691131733,0],"actual":[-0.6328890323638916,0.6858706474304199,0]}
weights 0,1,0,0 column 1/xyz true {"name":"weights 0,1,0,0 column 1/xyz","ok":true,"error":5.960464477539063e-8,"expected":[-0.3616154193878174,0.9323273301124573,0],"actual":[-0.3616154193878174,0.9323272705078125,0]}
weights 0.5,0,0.5,0 column 1/xyz true {"name":"weights 0.5,0,0.5,0 column 1/xyz","ok":true,"error":2.086162567138672e-7,"expected":[-0.3371439576148987,0.8692342936992645,0],"actual":[-0.3371438980102539,0.8692340850830078,0]}
weights 0,0,0.25,0.75 column 1/xyz true {"name":"weights 0,0,0.25,0.75 column 1/xyz","ok":true,"error":1.564621925354004e-7,"expected":[-0.8403459787368774,0.5181132927536964,0],"actual":[-0.8403458595275879,0.5181131362915039,0]}
weights 0,0.5,0,0.5 column 1/xyz true {"name":"weights 0,0.5,0,0.5 column 1/xyz","ok":true,"error":2.5331974029541016e-7,"expected":[-0.6286570429801941,0.6884944289922714,0],"actual":[-0.6286571025848389,0.6884946823120117,0]}
weights 0,0,0,1 column 1/xyz true {"name":"weights 0,0,0,1 column 1/xyz","ok":true,"error":1.1920928955078125e-7,"expected":[-0.8956986665725708,0.44466152787208557,0],"actual":[-0.8956985473632812,0.44466161727905273,0]}
weights 0.9999995231628418,0,0,0 column 1/xyz true {"name":"weights 0.9999995231628418,0,0,0 column 1/xyz","ok":true,"error":0,"expected":[0,0.9999995231628418,0],"actual":[0,0.9999995231628418,0]}
weights 1,0,0,0 column 1/w true {"name":"weights 1,0,0,0 column 1/w","ok":true,"error":0,"expected":[0,0,0],"actual":[0,0,0]}
weights 0.25,0.75,0,0 column 1/w true {"name":"weights 0.25,0.75,0,0 column 1/w","ok":true,"error":0,"expected":[0,0,0],"actual":[0,0,0]}
weights 0.20000000298023224,0.30000001192092896,0.5,0 column 1/w true {"name":"weights 0.20000000298023224,0.30000001192092896,0.5,0 column 1/w","ok":true,"error":0,"expected":[0,0,0],"actual":[0,0,0]}
weights 0.10000000149011612,0.20000000298023224,0.30000001192092896,0.4000000059604645 column 1/w true {"name":"weights 0.10000000149011612,0.20000000298023224,0.30000001192092896,0.4000000059604645 column 1/w","ok":true,"error":0,"expected":[0,0,0],"actual":[0,0,0]}
weights 0,1,0,0 column 1/w true {"name":"weights 0,1,0,0 column 1/w","ok":true,"error":0,"expected":[0,0,0],"actual":[0,0,0]}
weights 0.5,0,0.5,0 column 1/w true {"name":"weights 0.5,0,0.5,0 column 1/w","ok":true,"error":0,"expected":[0,0,0],"actual":[0,0,0]}
weights 0,0,0.25,0.75 column 1/w true {"name":"weights 0,0,0.25,0.75 column 1/w","ok":true,"error":0,"expected":[0,0,0],"actual":[0,0,0]}
weights 0,0.5,0,0.5 column 1/w true {"name":"weights 0,0.5,0,0.5 column 1/w","ok":true,"error":0,"expected":[0,0,0],"actual":[0,0,0]}
weights 0,0,0,1 column 1/w true {"name":"weights 0,0,0,1 column 1/w","ok":true,"error":0,"expected":[0,0,0],"actual":[0,0,0]}
weights 0.9999995231628418,0,0,0 column 1/w true {"name":"weights 0.9999995231628418,0,0,0 column 1/w","ok":true,"error":0,"expected":[0,0,0],"actual":[0,0,0]}
weights 1,0,0,0 column 2/xyz true {"name":"weights 1,0,0,0 column 2/xyz","ok":true,"error":0,"expected":[0,0,1],"actual":[0,0,1]}
weights 0.25,0.75,0,0 column 2/xyz true {"name":"weights 0.25,0.75,0,0 column 2/xyz","ok":true,"error":0,"expected":[0,0,1],"actual":[0,0,1]}
weights 0.20000000298023224,0.30000001192092896,0.5,0 column 2/xyz true {"name":"weights 0.20000000298023224,0.30000001192092896,0.5,0 column 2/xyz","ok":true,"error":1.4901161193847656e-8,"expected":[0,0,1.0000000149011612],"actual":[0,0,1]}
weights 0.10000000149011612,0.20000000298023224,0.30000001192092896,0.4000000059604645 column 2/xyz true {"name":"weights 0.10000000149011612,0.20000000298023224,0.30000001192092896,0.4000000059604645 column 2/xyz","ok":true,"error":2.2351741790771484e-8,"expected":[0,0,1.0000000223517418],"actual":[0,0,1]}
weights 0,1,0,0 column 2/xyz true {"name":"weights 0,1,0,0 column 2/xyz","ok":true,"error":0,"expected":[0,0,1],"actual":[0,0,1]}
weights 0.5,0,0.5,0 column 2/xyz true {"name":"weights 0.5,0,0.5,0 column 2/xyz","ok":true,"error":0,"expected":[0,0,1],"actual":[0,0,1]}
weights 0,0,0.25,0.75 column 2/xyz true {"name":"weights 0,0,0.25,0.75 column 2/xyz","ok":true,"error":0,"expected":[0,0,1],"actual":[0,0,1]}
weights 0,0.5,0,0.5 column 2/xyz true {"name":"weights 0,0.5,0,0.5 column 2/xyz","ok":true,"error":0,"expected":[0,0,1],"actual":[0,0,1]}
weights 0,0,0,1 column 2/xyz true {"name":"weights 0,0,0,1 column 2/xyz","ok":true,"error":0,"expected":[0,0,1],"actual":[0,0,1]}
weights 0.9999995231628418,0,0,0 column 2/xyz true {"name":"weights 0.9999995231628418,0,0,0 column 2/xyz","ok":true,"error":0,"expected":[0,0,0.9999995231628418],"actual":[0,0,0.9999995231628418]}
weights 1,0,0,0 column 2/w true {"name":"weights 1,0,0,0 column 2/w","ok":true,"error":0,"expected":[0,0,0],"actual":[0,0,0]}
weights 0.25,0.75,0,0 column 2/w true {"name":"weights 0.25,0.75,0,0 column 2/w","ok":true,"error":0,"expected":[0,0,0],"actual":[0,0,0]}
weights 0.20000000298023224,0.30000001192092896,0.5,0 column 2/w true {"name":"weights 0.20000000298023224,0.30000001192092896,0.5,0 column 2/w","ok":true,"error":0,"expected":[0,0,0],"actual":[0,0,0]}
weights 0.10000000149011612,0.20000000298023224,0.30000001192092896,0.4000000059604645 column 2/w true {"name":"weights 0.10000000149011612,0.20000000298023224,0.30000001192092896,0.4000000059604645 column 2/w","ok":true,"error":0,"expected":[0,0,0],"actual":[0,0,0]}
weights 0,1,0,0 column 2/w true {"name":"weights 0,1,0,0 column 2/w","ok":true,"error":0,"expected":[0,0,0],"actual":[0,0,0]}
weights 0.5,0,0.5,0 column 2/w true {"name":"weights 0.5,0,0.5,0 column 2/w","ok":true,"error":0,"expected":[0,0,0],"actual":[0,0,0]}
weights 0,0,0.25,0.75 column 2/w true {"name":"weights 0,0,0.25,0.75 column 2/w","ok":true,"error":0,"expected":[0,0,0],"actual":[0,0,0]}
weights 0,0.5,0,0.5 column 2/w true {"name":"weights 0,0.5,0,0.5 column 2/w","ok":true,"error":0,"expected":[0,0,0],"actual":[0,0,0]}
weights 0,0,0,1 column 2/w true {"name":"weights 0,0,0,1 column 2/w","ok":true,"error":0,"expected":[0,0,0],"actual":[0,0,0]}
weights 0.9999995231628418,0,0,0 column 2/w true {"name":"weights 0.9999995231628418,0,0,0 column 2/w","ok":true,"error":0,"expected":[0,0,0],"actual":[0,0,0]}
weights 1,0,0,0 column 3/xyz true {"name":"weights 1,0,0,0 column 3/xyz","ok":true,"error":0,"expected":[-0.5,0,0],"actual":[-0.5,0,0]}
weights 0.25,0.75,0,0 column 3/xyz true {"name":"weights 0.25,0.75,0,0 column 3/xyz","ok":true,"error":1.043081283569336e-7,"expected":[0.25,0.22500000894069672,-0.15000000223517418],"actual":[0.25,0.22499990463256836,-0.15000009536743164]}
weights 0.20000000298023224,0.30000001192092896,0.5,0 column 3/xyz true {"name":"weights 0.20000000298023224,0.30000001192092896,0.5,0 column 3/xyz","ok":true,"error":1.862645149230957e-7,"expected":[0.8000000044703484,0.39000001907348647,-0.26000000625848774],"actual":[0.8000001907348633,0.3899998664855957,-0.25999999046325684]}
weights 0.10000000149011612,0.20000000298023224,0.30000001192092896,0.4000000059604645 column 3/xyz true {"name":"weights 0.10000000149011612,0.20000000298023224,0.30000001192092896,0.4000000059604645 column 3/xyz","ok":true,"error":1.0877847689272357e-7,"expected":[1.5000000335276127,0.6000000134110453,-0.4000000208616259],"actual":[1.5,0.5999999046325684,-0.40000009536743164]}
weights 0,1,0,0 column 3/xyz true {"name":"weights 0,1,0,0 column 3/xyz","ok":true,"error":1.7881393432617188e-7,"expected":[0.5,0.30000001192092896,-0.20000000298023224],"actual":[0.5,0.3000001907348633,-0.20000004768371582]}
weights 0.5,0,0.5,0 column 3/xyz true {"name":"weights 0.5,0,0.5,0 column 3/xyz","ok":true,"error":1.7881393432617188e-7,"expected":[0.5,0.30000001192092896,-0.20000000298023224],"actual":[0.5,0.3000001907348633,-0.20000004768371582]}
weights 0,0,0.25,0.75 column 3/xyz true {"name":"weights 0,0,0.25,0.75 column 3/xyz","ok":true,"error":1.7881393432617188e-7,"expected":[2.25,0.824999988079071,-0.5500000193715096],"actual":[2.25,0.8249998092651367,-0.5499999523162842]}
weights 0,0.5,0,0.5 column 3/xyz true {"name":"weights 0,0.5,0,0.5 column 3/xyz","ok":true,"error":8.940696716308594e-8,"expected":[1.5,0.5999999940395355,-0.4000000134110451],"actual":[1.5,0.5999999046325684,-0.40000009536743164]}
weights 0,0,0,1 column 3/xyz true {"name":"weights 0,0,0,1 column 3/xyz","ok":true,"error":1.1920928955078125e-7,"expected":[2.5,0.8999999761581421,-0.6000000238418579],"actual":[2.5,0.9000000953674316,-0.5999999046325684]}
weights 0.9999995231628418,0,0,0 column 3/xyz true {"name":"weights 0.9999995231628418,0,0,0 column 3/xyz","ok":true,"error":0,"expected":[-0.4999997615814209,0,0],"actual":[-0.4999997615814209,0,0]}
weights 1,0,0,0 column 3/w true {"name":"weights 1,0,0,0 column 3/w","ok":true,"error":0,"expected":[1,0,0],"actual":[1,0,0]}
weights 0.25,0.75,0,0 column 3/w true {"name":"weights 0.25,0.75,0,0 column 3/w","ok":true,"error":0,"expected":[1,0,0],"actual":[1,0,0]}
weights 0.20000000298023224,0.30000001192092896,0.5,0 column 3/w true {"name":"weights 0.20000000298023224,0.30000001192092896,0.5,0 column 3/w","ok":true,"error":1.4901161193847656e-8,"expected":[1.0000000149011612,0,0],"actual":[1,0,0]}
weights 0.10000000149011612,0.20000000298023224,0.30000001192092896,0.4000000059604645 column 3/w true {"name":"weights 0.10000000149011612,0.20000000298023224,0.30000001192092896,0.4000000059604645 column 3/w","ok":true,"error":2.2351741790771484e-8,"expected":[1.0000000223517418,0,0],"actual":[1,0,0]}
weights 0,1,0,0 column 3/w true {"name":"weights 0,1,0,0 column 3/w","ok":true,"error":0,"expected":[1,0,0],"actual":[1,0,0]}
weights 0.5,0,0.5,0 column 3/w true {"name":"weights 0.5,0,0.5,0 column 3/w","ok":true,"error":0,"expected":[1,0,0],"actual":[1,0,0]}
weights 0,0,0.25,0.75 column 3/w true {"name":"weights 0,0,0.25,0.75 column 3/w","ok":true,"error":0,"expected":[1,0,0],"actual":[1,0,0]}
weights 0,0.5,0,0.5 column 3/w true {"name":"weights 0,0.5,0,0.5 column 3/w","ok":true,"error":0,"expected":[1,0,0],"actual":[1,0,0]}
weights 0,0,0,1 column 3/w true {"name":"weights 0,0,0,1 column 3/w","ok":true,"error":0,"expected":[1,0,0],"actual":[1,0,0]}
weights 0.9999995231628418,0,0,0 column 3/w true {"name":"weights 0.9999995231628418,0,0,0 column 3/w","ok":true,"error":0,"expected":[0.9999995231628418,0,0],"actual":[0.9999995231628418,0,0]}
