PASS  battle-benchmark-complete: entire live window completed
PASS  battle-benchmark-complete: timing starts at the canonical tick
PASS  battle-benchmark-complete: canonical contact state
PASS  battle-benchmark-complete: report declares a renderer-only held simulation
PASS  battle-benchmark-complete: simulation stayed exactly at the held state
PASS  battle-benchmark-complete: all camera phases recorded
PASS  battle-benchmark-complete: camera reached near wide and horizon views
PASS  battle-benchmark-complete: every recorded callback submitted a new primary frame
PASS  battle-benchmark-complete: recorded interval total agrees with run clock
PASS  battle-benchmark-complete: result actions remain inside the initial viewport
PASS  battle-benchmark-complete: export retains the full raw recording
PASS  runner: no page errors

ALL CHECKS PASSED
scenarioReport=throwaway/held-fixed/confirmation/enabled-12000-raw/scenario-report.json
held-enabled-12000-raw-confirmation: complete (renderer-only); functional=true quiet-rankable=false; archived in /Users/david/dev/game-battle-performance-spec/throwaway/held-fixed/confirmation/enabled-12000-raw
  pre observation at 2026-09-19T19:02:02.210Z: shared system process(es) /System/Library/PrivateFrameworks/SkyLight.framework/Resources/WindowServer 43.2% cannot be split between this trial and anything else
  periodic observation at 2026-09-19T19:03:02.237Z: shared system process(es) /System/Library/PrivateFrameworks/SkyLight.framework/Resources/WindowServer 45% cannot be split between this trial and anything else
  periodic observation at 2026-09-19T19:04:02.263Z: shared system process(es) /System/Library/PrivateFrameworks/SkyLight.framework/Resources/WindowServer 50.3% cannot be split between this trial and anything else
  6 further unattributable observation(s)
  pre observation at 2026-09-19T19:02:02.210Z was not quiet (busiest other process 36.4%, load 4.95263671875)
  periodic observation at 2026-09-19T19:03:02.237Z was not quiet (busiest other process 93.7%, load 5.43798828125)
  periodic observation at 2026-09-19T19:04:02.263Z was not quiet (busiest other process 33.4%, load 4.93408203125)
  6 further busy observation(s)
