PASS  battle-benchmark-complete: entire live window completed
PASS  battle-benchmark-complete: timing starts at the canonical tick
PASS  battle-benchmark-complete: canonical contact state
PASS  battle-benchmark-complete: report declares a renderer-only held simulation
PASS  battle-benchmark-complete: simulation stayed exactly at the held state
PASS  battle-benchmark-complete: all camera phases recorded
PASS  battle-benchmark-complete: camera reached near wide and horizon views
PASS  battle-benchmark-complete: every recorded callback submitted a new primary frame
PASS  battle-benchmark-complete: recorded interval total agrees with run clock
PASS  battle-benchmark-complete: result actions remain inside the initial viewport
PASS  battle-benchmark-complete: export retains the full raw recording
PASS  runner: no page errors

ALL CHECKS PASSED
scenarioReport=throwaway/held-fixed/round-1/9000-three/scenario-report.json
held-9000-three-round-1: complete (renderer-only); functional=true quiet-rankable=false; archived in /Users/david/dev/game-battle-performance-spec/throwaway/held-fixed/round-1/9000-three
  periodic observation at 2026-09-19T11:53:46.518Z: shared system process(es) /System/Library/PrivateFrameworks/SkyLight.framework/Resources/WindowServer 38.9% cannot be split between this trial and anything else
  post observation at 2026-09-19T11:53:58.058Z: shared system process(es) /System/Library/PrivateFrameworks/SkyLight.framework/Resources/WindowServer 25.8% cannot be split between this trial and anything else
  pre observation at 2026-09-19T11:47:46.304Z was not quiet (busiest other process 73.6%, load 2.2421875)
  periodic observation at 2026-09-19T11:49:46.367Z was not quiet (busiest other process 88.3%, load 2.72509765625)
  periodic observation at 2026-09-19T11:51:46.438Z was not quiet (busiest other process 37.8%, load 2.4990234375)
  1 further busy observation(s)
