PASS  battle-benchmark-complete: entire live window completed
PASS  battle-benchmark-complete: timing starts at the canonical tick
PASS  battle-benchmark-complete: canonical contact state
PASS  battle-benchmark-complete: report declares a renderer-only held simulation
PASS  battle-benchmark-complete: simulation stayed exactly at the held state
PASS  battle-benchmark-complete: all camera phases recorded
PASS  battle-benchmark-complete: camera reached near wide and horizon views
PASS  battle-benchmark-complete: every recorded callback submitted a new primary frame
PASS  battle-benchmark-complete: recorded interval total agrees with run clock
PASS  battle-benchmark-complete: result actions remain inside the initial viewport
PASS  battle-benchmark-complete: export retains the full raw recording
PASS  runner: no page errors

ALL CHECKS PASSED
scenarioReport=throwaway/held-fixed/confirmation/enabled-9000-typegpu/scenario-report.json
held-enabled-9000-typegpu-confirmation: complete (renderer-only); functional=true quiet-rankable=false; archived in /Users/david/dev/game-battle-performance-spec/throwaway/held-fixed/confirmation/enabled-9000-typegpu
  periodic observation at 2026-09-19T13:38:11.765Z: shared system process(es) /System/Library/PrivateFrameworks/SkyLight.framework/Resources/WindowServer 26.4% cannot be split between this trial and anything else
  pre observation at 2026-09-19T13:31:11.079Z was not quiet (busiest other process 428.9%, load 9.5830078125)
  periodic observation at 2026-09-19T13:32:11.231Z was not quiet (busiest other process 448.3%, load 13.2939453125)
  periodic observation at 2026-09-19T13:33:11.317Z was not quiet (busiest other process 443.5%, load 12.62646484375)
  7 further busy observation(s)
