(node:34826) [MODULE_TYPELESS_PACKAGE_JSON] Warning: Module type of file:///Users/david/dev/game-battle-model-quality/packages/soldier-assets/src/soldierMesh.ts is not specified and it doesn't parse as CommonJS.
Reparsing as ES module because module syntax was detected. This incurs a performance overhead.
To eliminate this warning, add "type": "module" to /Users/david/dev/game-battle-model-quality/package.json.
(Use `node --trace-warnings ...` to show where the warning was created)
PASS  battle-model-workbench: heavy-front: production path and submitted count  ({"substrate":"threejs-webgpu-tsl","soldiers":1})
PASS  battle-model-workbench: heavy-front: readable foreground model coverage  (22769)
PASS  battle-model-workbench: snapshot shared/soldiers/workbench/heavy-front  (0 px differ (0.0000%))
PASS  battle-model-workbench: heavy-front: frozen frame is byte-stable
PASS  battle-model-workbench: phalanx-side: production path and submitted count  ({"substrate":"threejs-webgpu-tsl","soldiers":1})
PASS  battle-model-workbench: phalanx-side: readable foreground model coverage  (10024)
PASS  battle-model-workbench: snapshot shared/soldiers/workbench/phalanx-side  (0 px differ (0.0000%))
PASS  battle-model-workbench: phalanx-side: frozen frame is byte-stable
PASS  battle-model-workbench: formation: production path and submitted count  ({"substrate":"threejs-webgpu-tsl","soldiers":16})
PASS  battle-model-workbench: formation: readable foreground model coverage  (33408)
PASS  battle-model-workbench: snapshot shared/soldiers/workbench/formation  (0 px differ (0.0000%))
PASS  battle-model-workbench: formation: frozen frame is byte-stable
PASS  battle-model-workbench: local bake reload keeps identical production pixels
PASS  battle-model-workbench: failed reload is explicit and preserves last good crowd  ({"ok":false,"error":"SyntaxError: Unexpected token 'm', \"malformed fixture\" is not valid JSON"})
PASS  battle-model-workbench: incompatible reload retains the active appearance
PASS  battle-model-workbench: incompatible reload retains the active appearance-specific clip
PASS  battle-model-workbench: truncated animation matrix data is rejected explicitly  ({"ok":false,"error":"Error: appearance animation matrix data does not match its dimensions"})
PASS  battle-model-workbench: production reload rejects a missing non-active action before replacing the crowd  ({"ok":false,"error":"Error: Appearance 0 is missing required crowd clips: attack_a"})
PASS  battle-model-workbench: production startup rejects a missing controller action  (Error: Appearance 0 is missing required crowd clips: attack_a)
PASS  battle-model-workbench: invalid VAT retry 0: no orphaned scene meshes  ({"nodesBefore":111,"nodesAfter":111})
PASS  battle-model-workbench: invalid VAT retry 1: no orphaned scene meshes  ({"nodesBefore":111,"nodesAfter":111})
PASS  battle-model-workbench: partially allocated replacement is rolled back without orphaned meshes  ({"ok":false,"error":"Error: Injected replacement allocation failure","before":111,"after":111,"peak":113,"attempts":3})
PASS  battle-model-workbench: rejected bundles preserve the last good production pixels
PASS  battle-model-workbench: battle submission replaces the retained formation
PASS  battle-model-workbench: snapshot shared/soldiers/workbench/submission-parity  (0 px differ (0.0000%))
PASS  battle-model-workbench: battle adapter and explicit pose submission have identical pixels
PASS  battle-model-workbench: snapshot shared/soldiers/workbench/submission-parity  (0 px differ (0.0000%))
PASS  battle-model-workbench: interactive clip playback and turntable change the rendered pose
PASS  battle-model-workbench: snapshot shared/soldiers/workbench/controls  (0 px differ (0.0000%))
PASS  battle-model-workbench: malformed material rejects reload and preserves the last good pixels  ({"ok":false,"error":"Error: appearance materials require finite base RGBA, roughness and metallic in [0, 1]"})
PASS  battle-model-workbench: equivalent material-table reindex loads
PASS  battle-model-workbench: material slot numbering cannot change surface pixels
PASS  battle-model-workbench: authored roughness 0.9, metallic 0: replacement loads
PASS  battle-model-workbench: authored roughness 0.15, metallic 0: replacement loads
PASS  battle-model-workbench: authored roughness 0.15, metallic 1: replacement loads
PASS  battle-model-workbench: authored roughness changes pixels with fixed color and metallic
PASS  battle-model-workbench: authored metallic changes pixels with fixed color and roughness
PASS  battle-model-workbench: instance seed does not vary authored appearance
PASS  battle-model-workbench: blue mesh with explicit mask 0: replacement loads
PASS  battle-model-workbench: ordinary blue does not imply faction tint
PASS  battle-model-workbench: blue mesh with explicit mask 1: replacement loads
PASS  battle-model-workbench: explicit mask permits faction tint
PASS  battle-model-workbench: admission probe starts from the complete authored catalog
PASS  battle-model-workbench: pose changed during GPU admission retains the last valid crowd  ({"ok":false,"error":"Error: Reload does not contain active appearance 14 / clip idle","beforeNodes":111,"afterNodes":111,"activeClass":14,"retainedAppearance":true})
PASS  runner: no page errors

ALL CHECKS PASSED
