(node:93317) [MODULE_TYPELESS_PACKAGE_JSON] Warning: Module type of file:///Users/david/dev/game-heavy-kit-candidate/packages/soldier-assets/src/soldierMesh.ts is not specified and it doesn't parse as CommonJS.
Reparsing as ES module because module syntax was detected. This incurs a performance overhead.
To eliminate this warning, add "type": "module" to /Users/david/dev/game-heavy-kit-candidate/package.json.
(Use `node --trace-warnings ...` to show where the warning was created)
PASS  heavy-motion: heavy-motion candidate is manually inspectable for its declared classes  ({"catalog":"http://127.0.0.1:5177/assets/soldiers/candidates/heavy-motion/catalog.json","assets":[{"id":0,"name":"heavy-motion","presentation":null,"bones":26,"triangles":[51112,51112,51112],"clips":[{"name":"bend","duration":2,"loop":false},{"name":"bend-pronation","duration":2,"loop":false},{"name":"pronation","duration":2,"loop":false},{"name":"ready","duration":1.2000000476837158,"loop":true},{"name":"walk","duration":1,"loop":true}]}]})
PASS  heavy-motion: close/neutral/front: production weighted pose submitted  ({"sampled":{"clip":"bend","phase":0,"duration":2},"lod":{"skinned":1,"impostors":0},"palettes":[{"bones":26,"visible":1,"capacity":256,"snapshotCapacity":2,"snapshotBankCapacity":1,"residentSnapshots":0,"snapshotSlotHighWater":0,"allocatedBytes":720920,"uploadedBytes":80,"snapshotUploadedBytes":0}]})
PASS  heavy-motion: close/neutral/front: newly rendered frozen crop is byte-stable
PASS  heavy-motion: close/neutral/side: production weighted pose submitted  ({"sampled":{"clip":"bend","phase":0,"duration":2},"lod":{"skinned":1,"impostors":0},"palettes":[{"bones":26,"visible":1,"capacity":256,"snapshotCapacity":2,"snapshotBankCapacity":1,"residentSnapshots":0,"snapshotSlotHighWater":0,"allocatedBytes":720920,"uploadedBytes":80,"snapshotUploadedBytes":0}]})
PASS  heavy-motion: close/neutral/side: newly rendered frozen crop is byte-stable
PASS  heavy-motion: close/neutral/rear: production weighted pose submitted  ({"sampled":{"clip":"bend","phase":0,"duration":2},"lod":{"skinned":1,"impostors":0},"palettes":[{"bones":26,"visible":1,"capacity":256,"snapshotCapacity":2,"snapshotBankCapacity":1,"residentSnapshots":0,"snapshotSlotHighWater":0,"allocatedBytes":720920,"uploadedBytes":80,"snapshotUploadedBytes":0}]})
PASS  heavy-motion: close/neutral/rear: newly rendered frozen crop is byte-stable
PASS  heavy-motion: close/neutral/three-quarter: production weighted pose submitted  ({"sampled":{"clip":"bend","phase":0,"duration":2},"lod":{"skinned":1,"impostors":0},"palettes":[{"bones":26,"visible":1,"capacity":256,"snapshotCapacity":2,"snapshotBankCapacity":1,"residentSnapshots":0,"snapshotSlotHighWater":0,"allocatedBytes":720920,"uploadedBytes":80,"snapshotUploadedBytes":0}]})
PASS  heavy-motion: close/neutral/three-quarter: newly rendered frozen crop is byte-stable
PASS  heavy-motion: close/deep bend/front: production weighted pose submitted  ({"sampled":{"clip":"bend","phase":0.5,"duration":2},"lod":{"skinned":1,"impostors":0},"palettes":[{"bones":26,"visible":1,"capacity":256,"snapshotCapacity":2,"snapshotBankCapacity":1,"residentSnapshots":0,"snapshotSlotHighWater":0,"allocatedBytes":720920,"uploadedBytes":80,"snapshotUploadedBytes":0}]})
PASS  heavy-motion: close/deep bend/front: newly rendered frozen crop is byte-stable
PASS  heavy-motion: close/deep bend/side: production weighted pose submitted  ({"sampled":{"clip":"bend","phase":0.5,"duration":2},"lod":{"skinned":1,"impostors":0},"palettes":[{"bones":26,"visible":1,"capacity":256,"snapshotCapacity":2,"snapshotBankCapacity":1,"residentSnapshots":0,"snapshotSlotHighWater":0,"allocatedBytes":720920,"uploadedBytes":80,"snapshotUploadedBytes":0}]})
PASS  heavy-motion: close/deep bend/side: newly rendered frozen crop is byte-stable
PASS  heavy-motion: close/deep bend/rear: production weighted pose submitted  ({"sampled":{"clip":"bend","phase":0.5,"duration":2},"lod":{"skinned":1,"impostors":0},"palettes":[{"bones":26,"visible":1,"capacity":256,"snapshotCapacity":2,"snapshotBankCapacity":1,"residentSnapshots":0,"snapshotSlotHighWater":0,"allocatedBytes":720920,"uploadedBytes":80,"snapshotUploadedBytes":0}]})
PASS  heavy-motion: close/deep bend/rear: newly rendered frozen crop is byte-stable
PASS  heavy-motion: close/deep bend/three-quarter: production weighted pose submitted  ({"sampled":{"clip":"bend","phase":0.5,"duration":2},"lod":{"skinned":1,"impostors":0},"palettes":[{"bones":26,"visible":1,"capacity":256,"snapshotCapacity":2,"snapshotBankCapacity":1,"residentSnapshots":0,"snapshotSlotHighWater":0,"allocatedBytes":720920,"uploadedBytes":80,"snapshotUploadedBytes":0}]})
PASS  heavy-motion: close/deep bend/three-quarter: newly rendered frozen crop is byte-stable
PASS  heavy-motion: snapshot shared/soldiers/heavy-motion/close  (0 px differ (0.0000%))
PASS  heavy-motion: gameplay-pitch/neutral/front: production weighted pose submitted  ({"sampled":{"clip":"bend","phase":0,"duration":2},"lod":{"skinned":1,"impostors":0},"palettes":[{"bones":26,"visible":1,"capacity":256,"snapshotCapacity":2,"snapshotBankCapacity":1,"residentSnapshots":0,"snapshotSlotHighWater":0,"allocatedBytes":720920,"uploadedBytes":80,"snapshotUploadedBytes":0}]})
PASS  heavy-motion: gameplay-pitch/neutral/front: newly rendered frozen crop is byte-stable
PASS  heavy-motion: gameplay-pitch/neutral/side: production weighted pose submitted  ({"sampled":{"clip":"bend","phase":0,"duration":2},"lod":{"skinned":1,"impostors":0},"palettes":[{"bones":26,"visible":1,"capacity":256,"snapshotCapacity":2,"snapshotBankCapacity":1,"residentSnapshots":0,"snapshotSlotHighWater":0,"allocatedBytes":720920,"uploadedBytes":80,"snapshotUploadedBytes":0}]})
PASS  heavy-motion: gameplay-pitch/neutral/side: newly rendered frozen crop is byte-stable
PASS  heavy-motion: gameplay-pitch/neutral/rear: production weighted pose submitted  ({"sampled":{"clip":"bend","phase":0,"duration":2},"lod":{"skinned":1,"impostors":0},"palettes":[{"bones":26,"visible":1,"capacity":256,"snapshotCapacity":2,"snapshotBankCapacity":1,"residentSnapshots":0,"snapshotSlotHighWater":0,"allocatedBytes":720920,"uploadedBytes":80,"snapshotUploadedBytes":0}]})
PASS  heavy-motion: gameplay-pitch/neutral/rear: newly rendered frozen crop is byte-stable
PASS  heavy-motion: gameplay-pitch/neutral/three-quarter: production weighted pose submitted  ({"sampled":{"clip":"bend","phase":0,"duration":2},"lod":{"skinned":1,"impostors":0},"palettes":[{"bones":26,"visible":1,"capacity":256,"snapshotCapacity":2,"snapshotBankCapacity":1,"residentSnapshots":0,"snapshotSlotHighWater":0,"allocatedBytes":720920,"uploadedBytes":80,"snapshotUploadedBytes":0}]})
PASS  heavy-motion: gameplay-pitch/neutral/three-quarter: newly rendered frozen crop is byte-stable
PASS  heavy-motion: gameplay-pitch/deep bend/front: production weighted pose submitted  ({"sampled":{"clip":"bend","phase":0.5,"duration":2},"lod":{"skinned":1,"impostors":0},"palettes":[{"bones":26,"visible":1,"capacity":256,"snapshotCapacity":2,"snapshotBankCapacity":1,"residentSnapshots":0,"snapshotSlotHighWater":0,"allocatedBytes":720920,"uploadedBytes":80,"snapshotUploadedBytes":0}]})
PASS  heavy-motion: gameplay-pitch/deep bend/front: newly rendered frozen crop is byte-stable
PASS  heavy-motion: gameplay-pitch/deep bend/side: production weighted pose submitted  ({"sampled":{"clip":"bend","phase":0.5,"duration":2},"lod":{"skinned":1,"impostors":0},"palettes":[{"bones":26,"visible":1,"capacity":256,"snapshotCapacity":2,"snapshotBankCapacity":1,"residentSnapshots":0,"snapshotSlotHighWater":0,"allocatedBytes":720920,"uploadedBytes":80,"snapshotUploadedBytes":0}]})
PASS  heavy-motion: gameplay-pitch/deep bend/side: newly rendered frozen crop is byte-stable
PASS  heavy-motion: gameplay-pitch/deep bend/rear: production weighted pose submitted  ({"sampled":{"clip":"bend","phase":0.5,"duration":2},"lod":{"skinned":1,"impostors":0},"palettes":[{"bones":26,"visible":1,"capacity":256,"snapshotCapacity":2,"snapshotBankCapacity":1,"residentSnapshots":0,"snapshotSlotHighWater":0,"allocatedBytes":720920,"uploadedBytes":80,"snapshotUploadedBytes":0}]})
PASS  heavy-motion: gameplay-pitch/deep bend/rear: newly rendered frozen crop is byte-stable
PASS  heavy-motion: gameplay-pitch/deep bend/three-quarter: production weighted pose submitted  ({"sampled":{"clip":"bend","phase":0.5,"duration":2},"lod":{"skinned":1,"impostors":0},"palettes":[{"bones":26,"visible":1,"capacity":256,"snapshotCapacity":2,"snapshotBankCapacity":1,"residentSnapshots":0,"snapshotSlotHighWater":0,"allocatedBytes":720920,"uploadedBytes":80,"snapshotUploadedBytes":0}]})
PASS  heavy-motion: gameplay-pitch/deep bend/three-quarter: newly rendered frozen crop is byte-stable
PASS  heavy-motion: snapshot shared/soldiers/heavy-motion/gameplay-pitch  (0 px differ (0.0000%))
PASS  heavy-motion: head-detail/neutral/front: production weighted pose submitted  ({"sampled":{"clip":"bend","phase":0,"duration":2},"lod":{"skinned":1,"impostors":0},"palettes":[{"bones":26,"visible":1,"capacity":256,"snapshotCapacity":2,"snapshotBankCapacity":1,"residentSnapshots":0,"snapshotSlotHighWater":0,"allocatedBytes":720920,"uploadedBytes":80,"snapshotUploadedBytes":0}]})
PASS  heavy-motion: head-detail/neutral/front: newly rendered frozen crop is byte-stable
PASS  heavy-motion: head-detail/neutral/side: production weighted pose submitted  ({"sampled":{"clip":"bend","phase":0,"duration":2},"lod":{"skinned":1,"impostors":0},"palettes":[{"bones":26,"visible":1,"capacity":256,"snapshotCapacity":2,"snapshotBankCapacity":1,"residentSnapshots":0,"snapshotSlotHighWater":0,"allocatedBytes":720920,"uploadedBytes":80,"snapshotUploadedBytes":0}]})
PASS  heavy-motion: head-detail/neutral/side: newly rendered frozen crop is byte-stable
PASS  heavy-motion: head-detail/neutral/rear: production weighted pose submitted  ({"sampled":{"clip":"bend","phase":0,"duration":2},"lod":{"skinned":1,"impostors":0},"palettes":[{"bones":26,"visible":1,"capacity":256,"snapshotCapacity":2,"snapshotBankCapacity":1,"residentSnapshots":0,"snapshotSlotHighWater":0,"allocatedBytes":720920,"uploadedBytes":80,"snapshotUploadedBytes":0}]})
PASS  heavy-motion: head-detail/neutral/rear: newly rendered frozen crop is byte-stable
PASS  heavy-motion: head-detail/neutral/three-quarter: production weighted pose submitted  ({"sampled":{"clip":"bend","phase":0,"duration":2},"lod":{"skinned":1,"impostors":0},"palettes":[{"bones":26,"visible":1,"capacity":256,"snapshotCapacity":2,"snapshotBankCapacity":1,"residentSnapshots":0,"snapshotSlotHighWater":0,"allocatedBytes":720920,"uploadedBytes":80,"snapshotUploadedBytes":0}]})
PASS  heavy-motion: head-detail/neutral/three-quarter: newly rendered frozen crop is byte-stable
PASS  heavy-motion: snapshot shared/soldiers/heavy-motion/head-detail  (0 px differ (0.0000%))
PASS  heavy-motion: hand-detail/neutral/front: production weighted pose submitted  ({"sampled":{"clip":"bend","phase":0,"duration":2},"lod":{"skinned":1,"impostors":0},"palettes":[{"bones":26,"visible":1,"capacity":256,"snapshotCapacity":2,"snapshotBankCapacity":1,"residentSnapshots":0,"snapshotSlotHighWater":0,"allocatedBytes":720920,"uploadedBytes":80,"snapshotUploadedBytes":0}]})
PASS  heavy-motion: hand-detail/neutral/front: newly rendered frozen crop is byte-stable
PASS  heavy-motion: hand-detail/neutral/side: production weighted pose submitted  ({"sampled":{"clip":"bend","phase":0,"duration":2},"lod":{"skinned":1,"impostors":0},"palettes":[{"bones":26,"visible":1,"capacity":256,"snapshotCapacity":2,"snapshotBankCapacity":1,"residentSnapshots":0,"snapshotSlotHighWater":0,"allocatedBytes":720920,"uploadedBytes":80,"snapshotUploadedBytes":0}]})
PASS  heavy-motion: hand-detail/neutral/side: newly rendered frozen crop is byte-stable
PASS  heavy-motion: hand-detail/neutral/rear: production weighted pose submitted  ({"sampled":{"clip":"bend","phase":0,"duration":2},"lod":{"skinned":1,"impostors":0},"palettes":[{"bones":26,"visible":1,"capacity":256,"snapshotCapacity":2,"snapshotBankCapacity":1,"residentSnapshots":0,"snapshotSlotHighWater":0,"allocatedBytes":720920,"uploadedBytes":80,"snapshotUploadedBytes":0}]})
PASS  heavy-motion: hand-detail/neutral/rear: newly rendered frozen crop is byte-stable
PASS  heavy-motion: hand-detail/neutral/three-quarter: production weighted pose submitted  ({"sampled":{"clip":"bend","phase":0,"duration":2},"lod":{"skinned":1,"impostors":0},"palettes":[{"bones":26,"visible":1,"capacity":256,"snapshotCapacity":2,"snapshotBankCapacity":1,"residentSnapshots":0,"snapshotSlotHighWater":0,"allocatedBytes":720920,"uploadedBytes":80,"snapshotUploadedBytes":0}]})
PASS  heavy-motion: hand-detail/neutral/three-quarter: newly rendered frozen crop is byte-stable
PASS  heavy-motion: snapshot shared/soldiers/heavy-motion/hand-detail  (0 px differ (0.0000%))
PASS  heavy-motion: ready/ready/front: production weighted pose submitted  ({"sampled":{"clip":"ready","phase":0,"duration":1.2000000476837158},"lod":{"skinned":1,"impostors":0},"palettes":[{"bones":26,"visible":1,"capacity":256,"snapshotCapacity":2,"snapshotBankCapacity":1,"residentSnapshots":0,"snapshotSlotHighWater":0,"allocatedBytes":720920,"uploadedBytes":80,"snapshotUploadedBytes":0}]})
PASS  heavy-motion: ready/ready/front: newly rendered frozen crop is byte-stable
PASS  heavy-motion: ready/ready/right side: production weighted pose submitted  ({"sampled":{"clip":"ready","phase":0,"duration":1.2000000476837158},"lod":{"skinned":1,"impostors":0},"palettes":[{"bones":26,"visible":1,"capacity":256,"snapshotCapacity":2,"snapshotBankCapacity":1,"residentSnapshots":0,"snapshotSlotHighWater":0,"allocatedBytes":720920,"uploadedBytes":80,"snapshotUploadedBytes":0}]})
PASS  heavy-motion: ready/ready/right side: newly rendered frozen crop is byte-stable
PASS  heavy-motion: ready/ready/rear: production weighted pose submitted  ({"sampled":{"clip":"ready","phase":0,"duration":1.2000000476837158},"lod":{"skinned":1,"impostors":0},"palettes":[{"bones":26,"visible":1,"capacity":256,"snapshotCapacity":2,"snapshotBankCapacity":1,"residentSnapshots":0,"snapshotSlotHighWater":0,"allocatedBytes":720920,"uploadedBytes":80,"snapshotUploadedBytes":0}]})
PASS  heavy-motion: ready/ready/rear: newly rendered frozen crop is byte-stable
PASS  heavy-motion: ready/ready/three-quarter: production weighted pose submitted  ({"sampled":{"clip":"ready","phase":0,"duration":1.2000000476837158},"lod":{"skinned":1,"impostors":0},"palettes":[{"bones":26,"visible":1,"capacity":256,"snapshotCapacity":2,"snapshotBankCapacity":1,"residentSnapshots":0,"snapshotSlotHighWater":0,"allocatedBytes":720920,"uploadedBytes":80,"snapshotUploadedBytes":0}]})
PASS  heavy-motion: ready/ready/three-quarter: newly rendered frozen crop is byte-stable
FAIL  heavy-motion: snapshot shared/soldiers/heavy-motion/ready  (950 px differ (0.0580%) — see shots/diff/shared/soldiers/heavy-motion/ready.png)
PASS  heavy-motion: walk-frames/walk frame 0/front: production weighted pose submitted  ({"sampled":{"clip":"walk","phase":0,"duration":1},"lod":{"skinned":1,"impostors":0},"palettes":[{"bones":26,"visible":1,"capacity":256,"snapshotCapacity":2,"snapshotBankCapacity":1,"residentSnapshots":0,"snapshotSlotHighWater":0,"allocatedBytes":720920,"uploadedBytes":80,"snapshotUploadedBytes":0}]})
PASS  heavy-motion: walk-frames/walk frame 0/front: newly rendered frozen crop is byte-stable
PASS  heavy-motion: walk-frames/walk frame 0/right side: production weighted pose submitted  ({"sampled":{"clip":"walk","phase":0,"duration":1},"lod":{"skinned":1,"impostors":0},"palettes":[{"bones":26,"visible":1,"capacity":256,"snapshotCapacity":2,"snapshotBankCapacity":1,"residentSnapshots":0,"snapshotSlotHighWater":0,"allocatedBytes":720920,"uploadedBytes":80,"snapshotUploadedBytes":0}]})
PASS  heavy-motion: walk-frames/walk frame 0/right side: newly rendered frozen crop is byte-stable
PASS  heavy-motion: walk-frames/walk frame 0/rear: production weighted pose submitted  ({"sampled":{"clip":"walk","phase":0,"duration":1},"lod":{"skinned":1,"impostors":0},"palettes":[{"bones":26,"visible":1,"capacity":256,"snapshotCapacity":2,"snapshotBankCapacity":1,"residentSnapshots":0,"snapshotSlotHighWater":0,"allocatedBytes":720920,"uploadedBytes":80,"snapshotUploadedBytes":0}]})
PASS  heavy-motion: walk-frames/walk frame 0/rear: newly rendered frozen crop is byte-stable
PASS  heavy-motion: walk-frames/walk frame 0/three-quarter: production weighted pose submitted  ({"sampled":{"clip":"walk","phase":0,"duration":1},"lod":{"skinned":1,"impostors":0},"palettes":[{"bones":26,"visible":1,"capacity":256,"snapshotCapacity":2,"snapshotBankCapacity":1,"residentSnapshots":0,"snapshotSlotHighWater":0,"allocatedBytes":720920,"uploadedBytes":80,"snapshotUploadedBytes":0}]})
PASS  heavy-motion: walk-frames/walk frame 0/three-quarter: newly rendered frozen crop is byte-stable
PASS  heavy-motion: walk-frames/walk frame 1/front: production weighted pose submitted  ({"sampled":{"clip":"walk","phase":0.03333333333333333,"duration":1},"lod":{"skinned":1,"impostors":0},"palettes":[{"bones":26,"visible":1,"capacity":256,"snapshotCapacity":2,"snapshotBankCapacity":1,"residentSnapshots":0,"snapshotSlotHighWater":0,"allocatedBytes":720920,"uploadedBytes":80,"snapshotUploadedBytes":0}]})
PASS  heavy-motion: walk-frames/walk frame 1/front: newly rendered frozen crop is byte-stable
PASS  heavy-motion: walk-frames/walk frame 1/right side: production weighted pose submitted  ({"sampled":{"clip":"walk","phase":0.03333333333333333,"duration":1},"lod":{"skinned":1,"impostors":0},"palettes":[{"bones":26,"visible":1,"capacity":256,"snapshotCapacity":2,"snapshotBankCapacity":1,"residentSnapshots":0,"snapshotSlotHighWater":0,"allocatedBytes":720920,"uploadedBytes":80,"snapshotUploadedBytes":0}]})
PASS  heavy-motion: walk-frames/walk frame 1/right side: newly rendered frozen crop is byte-stable
PASS  heavy-motion: walk-frames/walk frame 1/rear: production weighted pose submitted  ({"sampled":{"clip":"walk","phase":0.03333333333333333,"duration":1},"lod":{"skinned":1,"impostors":0},"palettes":[{"bones":26,"visible":1,"capacity":256,"snapshotCapacity":2,"snapshotBankCapacity":1,"residentSnapshots":0,"snapshotSlotHighWater":0,"allocatedBytes":720920,"uploadedBytes":80,"snapshotUploadedBytes":0}]})
PASS  heavy-motion: walk-frames/walk frame 1/rear: newly rendered frozen crop is byte-stable
PASS  heavy-motion: walk-frames/walk frame 1/three-quarter: production weighted pose submitted  ({"sampled":{"clip":"walk","phase":0.03333333333333333,"duration":1},"lod":{"skinned":1,"impostors":0},"palettes":[{"bones":26,"visible":1,"capacity":256,"snapshotCapacity":2,"snapshotBankCapacity":1,"residentSnapshots":0,"snapshotSlotHighWater":0,"allocatedBytes":720920,"uploadedBytes":80,"snapshotUploadedBytes":0}]})
PASS  heavy-motion: walk-frames/walk frame 1/three-quarter: newly rendered frozen crop is byte-stable
PASS  heavy-motion: walk-frames/walk frame 2/front: production weighted pose submitted  ({"sampled":{"clip":"walk","phase":0.06666666666666667,"duration":1},"lod":{"skinned":1,"impostors":0},"palettes":[{"bones":26,"visible":1,"capacity":256,"snapshotCapacity":2,"snapshotBankCapacity":1,"residentSnapshots":0,"snapshotSlotHighWater":0,"allocatedBytes":720920,"uploadedBytes":80,"snapshotUploadedBytes":0}]})
PASS  heavy-motion: walk-frames/walk frame 2/front: newly rendered frozen crop is byte-stable
PASS  heavy-motion: walk-frames/walk frame 2/right side: production weighted pose submitted  ({"sampled":{"clip":"walk","phase":0.06666666666666667,"duration":1},"lod":{"skinned":1,"impostors":0},"palettes":[{"bones":26,"visible":1,"capacity":256,"snapshotCapacity":2,"snapshotBankCapacity":1,"residentSnapshots":0,"snapshotSlotHighWater":0,"allocatedBytes":720920,"uploadedBytes":80,"snapshotUploadedBytes":0}]})
PASS  heavy-motion: walk-frames/walk frame 2/right side: newly rendered frozen crop is byte-stable
PASS  heavy-motion: walk-frames/walk frame 2/rear: production weighted pose submitted  ({"sampled":{"clip":"walk","phase":0.06666666666666667,"duration":1},"lod":{"skinned":1,"impostors":0},"palettes":[{"bones":26,"visible":1,"capacity":256,"snapshotCapacity":2,"snapshotBankCapacity":1,"residentSnapshots":0,"snapshotSlotHighWater":0,"allocatedBytes":720920,"uploadedBytes":80,"snapshotUploadedBytes":0}]})
PASS  heavy-motion: walk-frames/walk frame 2/rear: newly rendered frozen crop is byte-stable
PASS  heavy-motion: walk-frames/walk frame 2/three-quarter: production weighted pose submitted  ({"sampled":{"clip":"walk","phase":0.06666666666666667,"duration":1},"lod":{"skinned":1,"impostors":0},"palettes":[{"bones":26,"visible":1,"capacity":256,"snapshotCapacity":2,"snapshotBankCapacity":1,"residentSnapshots":0,"snapshotSlotHighWater":0,"allocatedBytes":720920,"uploadedBytes":80,"snapshotUploadedBytes":0}]})
PASS  heavy-motion: walk-frames/walk frame 2/three-quarter: newly rendered frozen crop is byte-stable
PASS  heavy-motion: walk-frames/walk frame 3/front: production weighted pose submitted  ({"sampled":{"clip":"walk","phase":0.1,"duration":1},"lod":{"skinned":1,"impostors":0},"palettes":[{"bones":26,"visible":1,"capacity":256,"snapshotCapacity":2,"snapshotBankCapacity":1,"residentSnapshots":0,"snapshotSlotHighWater":0,"allocatedBytes":720920,"uploadedBytes":80,"snapshotUploadedBytes":0}]})
PASS  heavy-motion: walk-frames/walk frame 3/front: newly rendered frozen crop is byte-stable
PASS  heavy-motion: walk-frames/walk frame 3/right side: production weighted pose submitted  ({"sampled":{"clip":"walk","phase":0.1,"duration":1},"lod":{"skinned":1,"impostors":0},"palettes":[{"bones":26,"visible":1,"capacity":256,"snapshotCapacity":2,"snapshotBankCapacity":1,"residentSnapshots":0,"snapshotSlotHighWater":0,"allocatedBytes":720920,"uploadedBytes":80,"snapshotUploadedBytes":0}]})
PASS  heavy-motion: walk-frames/walk frame 3/right side: newly rendered frozen crop is byte-stable
PASS  heavy-motion: walk-frames/walk frame 3/rear: production weighted pose submitted  ({"sampled":{"clip":"walk","phase":0.1,"duration":1},"lod":{"skinned":1,"impostors":0},"palettes":[{"bones":26,"visible":1,"capacity":256,"snapshotCapacity":2,"snapshotBankCapacity":1,"residentSnapshots":0,"snapshotSlotHighWater":0,"allocatedBytes":720920,"uploadedBytes":80,"snapshotUploadedBytes":0}]})
PASS  heavy-motion: walk-frames/walk frame 3/rear: newly rendered frozen crop is byte-stable
PASS  heavy-motion: walk-frames/walk frame 3/three-quarter: production weighted pose submitted  ({"sampled":{"clip":"walk","phase":0.1,"duration":1},"lod":{"skinned":1,"impostors":0},"palettes":[{"bones":26,"visible":1,"capacity":256,"snapshotCapacity":2,"snapshotBankCapacity":1,"residentSnapshots":0,"snapshotSlotHighWater":0,"allocatedBytes":720920,"uploadedBytes":80,"snapshotUploadedBytes":0}]})
PASS  heavy-motion: walk-frames/walk frame 3/three-quarter: newly rendered frozen crop is byte-stable
PASS  heavy-motion: walk-frames/walk frame 4/front: production weighted pose submitted  ({"sampled":{"clip":"walk","phase":0.13333333333333333,"duration":1},"lod":{"skinned":1,"impostors":0},"palettes":[{"bones":26,"visible":1,"capacity":256,"snapshotCapacity":2,"snapshotBankCapacity":1,"residentSnapshots":0,"snapshotSlotHighWater":0,"allocatedBytes":720920,"uploadedBytes":80,"snapshotUploadedBytes":0}]})
PASS  heavy-motion: walk-frames/walk frame 4/front: newly rendered frozen crop is byte-stable
PASS  heavy-motion: walk-frames/walk frame 4/right side: production weighted pose submitted  ({"sampled":{"clip":"walk","phase":0.13333333333333333,"duration":1},"lod":{"skinned":1,"impostors":0},"palettes":[{"bones":26,"visible":1,"capacity":256,"snapshotCapacity":2,"snapshotBankCapacity":1,"residentSnapshots":0,"snapshotSlotHighWater":0,"allocatedBytes":720920,"uploadedBytes":80,"snapshotUploadedBytes":0}]})
PASS  heavy-motion: walk-frames/walk frame 4/right side: newly rendered frozen crop is byte-stable
PASS  heavy-motion: walk-frames/walk frame 4/rear: production weighted pose submitted  ({"sampled":{"clip":"walk","phase":0.13333333333333333,"duration":1},"lod":{"skinned":1,"impostors":0},"palettes":[{"bones":26,"visible":1,"capacity":256,"snapshotCapacity":2,"snapshotBankCapacity":1,"residentSnapshots":0,"snapshotSlotHighWater":0,"allocatedBytes":720920,"uploadedBytes":80,"snapshotUploadedBytes":0}]})
PASS  heavy-motion: walk-frames/walk frame 4/rear: newly rendered frozen crop is byte-stable
PASS  heavy-motion: walk-frames/walk frame 4/three-quarter: production weighted pose submitted  ({"sampled":{"clip":"walk","phase":0.13333333333333333,"duration":1},"lod":{"skinned":1,"impostors":0},"palettes":[{"bones":26,"visible":1,"capacity":256,"snapshotCapacity":2,"snapshotBankCapacity":1,"residentSnapshots":0,"snapshotSlotHighWater":0,"allocatedBytes":720920,"uploadedBytes":80,"snapshotUploadedBytes":0}]})
PASS  heavy-motion: walk-frames/walk frame 4/three-quarter: newly rendered frozen crop is byte-stable
PASS  heavy-motion: walk-frames/walk frame 5/front: production weighted pose submitted  ({"sampled":{"clip":"walk","phase":0.16666666666666666,"duration":1},"lod":{"skinned":1,"impostors":0},"palettes":[{"bones":26,"visible":1,"capacity":256,"snapshotCapacity":2,"snapshotBankCapacity":1,"residentSnapshots":0,"snapshotSlotHighWater":0,"allocatedBytes":720920,"uploadedBytes":80,"snapshotUploadedBytes":0}]})
PASS  heavy-motion: walk-frames/walk frame 5/front: newly rendered frozen crop is byte-stable
PASS  heavy-motion: walk-frames/walk frame 5/right side: production weighted pose submitted  ({"sampled":{"clip":"walk","phase":0.16666666666666666,"duration":1},"lod":{"skinned":1,"impostors":0},"palettes":[{"bones":26,"visible":1,"capacity":256,"snapshotCapacity":2,"snapshotBankCapacity":1,"residentSnapshots":0,"snapshotSlotHighWater":0,"allocatedBytes":720920,"uploadedBytes":80,"snapshotUploadedBytes":0}]})
PASS  heavy-motion: walk-frames/walk frame 5/right side: newly rendered frozen crop is byte-stable
PASS  heavy-motion: walk-frames/walk frame 5/rear: production weighted pose submitted  ({"sampled":{"clip":"walk","phase":0.16666666666666666,"duration":1},"lod":{"skinned":1,"impostors":0},"palettes":[{"bones":26,"visible":1,"capacity":256,"snapshotCapacity":2,"snapshotBankCapacity":1,"residentSnapshots":0,"snapshotSlotHighWater":0,"allocatedBytes":720920,"uploadedBytes":80,"snapshotUploadedBytes":0}]})
PASS  heavy-motion: walk-frames/walk frame 5/rear: newly rendered frozen crop is byte-stable
PASS  heavy-motion: walk-frames/walk frame 5/three-quarter: production weighted pose submitted  ({"sampled":{"clip":"walk","phase":0.16666666666666666,"duration":1},"lod":{"skinned":1,"impostors":0},"palettes":[{"bones":26,"visible":1,"capacity":256,"snapshotCapacity":2,"snapshotBankCapacity":1,"residentSnapshots":0,"snapshotSlotHighWater":0,"allocatedBytes":720920,"uploadedBytes":80,"snapshotUploadedBytes":0}]})
PASS  heavy-motion: walk-frames/walk frame 5/three-quarter: newly rendered frozen crop is byte-stable
PASS  heavy-motion: walk-frames/walk frame 6/front: production weighted pose submitted  ({"sampled":{"clip":"walk","phase":0.2,"duration":1},"lod":{"skinned":1,"impostors":0},"palettes":[{"bones":26,"visible":1,"capacity":256,"snapshotCapacity":2,"snapshotBankCapacity":1,"residentSnapshots":0,"snapshotSlotHighWater":0,"allocatedBytes":720920,"uploadedBytes":80,"snapshotUploadedBytes":0}]})
PASS  heavy-motion: walk-frames/walk frame 6/front: newly rendered frozen crop is byte-stable
PASS  heavy-motion: walk-frames/walk frame 6/right side: production weighted pose submitted  ({"sampled":{"clip":"walk","phase":0.2,"duration":1},"lod":{"skinned":1,"impostors":0},"palettes":[{"bones":26,"visible":1,"capacity":256,"snapshotCapacity":2,"snapshotBankCapacity":1,"residentSnapshots":0,"snapshotSlotHighWater":0,"allocatedBytes":720920,"uploadedBytes":80,"snapshotUploadedBytes":0}]})
PASS  heavy-motion: walk-frames/walk frame 6/right side: newly rendered frozen crop is byte-stable
PASS  heavy-motion: walk-frames/walk frame 6/rear: production weighted pose submitted  ({"sampled":{"clip":"walk","phase":0.2,"duration":1},"lod":{"skinned":1,"impostors":0},"palettes":[{"bones":26,"visible":1,"capacity":256,"snapshotCapacity":2,"snapshotBankCapacity":1,"residentSnapshots":0,"snapshotSlotHighWater":0,"allocatedBytes":720920,"uploadedBytes":80,"snapshotUploadedBytes":0}]})
PASS  heavy-motion: walk-frames/walk frame 6/rear: newly rendered frozen crop is byte-stable
PASS  heavy-motion: walk-frames/walk frame 6/three-quarter: production weighted pose submitted  ({"sampled":{"clip":"walk","phase":0.2,"duration":1},"lod":{"skinned":1,"impostors":0},"palettes":[{"bones":26,"visible":1,"capacity":256,"snapshotCapacity":2,"snapshotBankCapacity":1,"residentSnapshots":0,"snapshotSlotHighWater":0,"allocatedBytes":720920,"uploadedBytes":80,"snapshotUploadedBytes":0}]})
PASS  heavy-motion: walk-frames/walk frame 6/three-quarter: newly rendered frozen crop is byte-stable
PASS  heavy-motion: walk-frames/walk frame 7/front: production weighted pose submitted  ({"sampled":{"clip":"walk","phase":0.23333333333333334,"duration":1},"lod":{"skinned":1,"impostors":0},"palettes":[{"bones":26,"visible":1,"capacity":256,"snapshotCapacity":2,"snapshotBankCapacity":1,"residentSnapshots":0,"snapshotSlotHighWater":0,"allocatedBytes":720920,"uploadedBytes":80,"snapshotUploadedBytes":0}]})
PASS  heavy-motion: walk-frames/walk frame 7/front: newly rendered frozen crop is byte-stable
PASS  heavy-motion: walk-frames/walk frame 7/right side: production weighted pose submitted  ({"sampled":{"clip":"walk","phase":0.23333333333333334,"duration":1},"lod":{"skinned":1,"impostors":0},"palettes":[{"bones":26,"visible":1,"capacity":256,"snapshotCapacity":2,"snapshotBankCapacity":1,"residentSnapshots":0,"snapshotSlotHighWater":0,"allocatedBytes":720920,"uploadedBytes":80,"snapshotUploadedBytes":0}]})
PASS  heavy-motion: walk-frames/walk frame 7/right side: newly rendered frozen crop is byte-stable
PASS  heavy-motion: walk-frames/walk frame 7/rear: production weighted pose submitted  ({"sampled":{"clip":"walk","phase":0.23333333333333334,"duration":1},"lod":{"skinned":1,"impostors":0},"palettes":[{"bones":26,"visible":1,"capacity":256,"snapshotCapacity":2,"snapshotBankCapacity":1,"residentSnapshots":0,"snapshotSlotHighWater":0,"allocatedBytes":720920,"uploadedBytes":80,"snapshotUploadedBytes":0}]})
PASS  heavy-motion: walk-frames/walk frame 7/rear: newly rendered frozen crop is byte-stable
PASS  heavy-motion: walk-frames/walk frame 7/three-quarter: production weighted pose submitted  ({"sampled":{"clip":"walk","phase":0.23333333333333334,"duration":1},"lod":{"skinned":1,"impostors":0},"palettes":[{"bones":26,"visible":1,"capacity":256,"snapshotCapacity":2,"snapshotBankCapacity":1,"residentSnapshots":0,"snapshotSlotHighWater":0,"allocatedBytes":720920,"uploadedBytes":80,"snapshotUploadedBytes":0}]})
PASS  heavy-motion: walk-frames/walk frame 7/three-quarter: newly rendered frozen crop is byte-stable
PASS  heavy-motion: walk-frames/walk frame 8/front: production weighted pose submitted  ({"sampled":{"clip":"walk","phase":0.26666666666666666,"duration":1},"lod":{"skinned":1,"impostors":0},"palettes":[{"bones":26,"visible":1,"capacity":256,"snapshotCapacity":2,"snapshotBankCapacity":1,"residentSnapshots":0,"snapshotSlotHighWater":0,"allocatedBytes":720920,"uploadedBytes":80,"snapshotUploadedBytes":0}]})
PASS  heavy-motion: walk-frames/walk frame 8/front: newly rendered frozen crop is byte-stable
PASS  heavy-motion: walk-frames/walk frame 8/right side: production weighted pose submitted  ({"sampled":{"clip":"walk","phase":0.26666666666666666,"duration":1},"lod":{"skinned":1,"impostors":0},"palettes":[{"bones":26,"visible":1,"capacity":256,"snapshotCapacity":2,"snapshotBankCapacity":1,"residentSnapshots":0,"snapshotSlotHighWater":0,"allocatedBytes":720920,"uploadedBytes":80,"snapshotUploadedBytes":0}]})
PASS  heavy-motion: walk-frames/walk frame 8/right side: newly rendered frozen crop is byte-stable
PASS  heavy-motion: walk-frames/walk frame 8/rear: production weighted pose submitted  ({"sampled":{"clip":"walk","phase":0.26666666666666666,"duration":1},"lod":{"skinned":1,"impostors":0},"palettes":[{"bones":26,"visible":1,"capacity":256,"snapshotCapacity":2,"snapshotBankCapacity":1,"residentSnapshots":0,"snapshotSlotHighWater":0,"allocatedBytes":720920,"uploadedBytes":80,"snapshotUploadedBytes":0}]})
PASS  heavy-motion: walk-frames/walk frame 8/rear: newly rendered frozen crop is byte-stable
PASS  heavy-motion: walk-frames/walk frame 8/three-quarter: production weighted pose submitted  ({"sampled":{"clip":"walk","phase":0.26666666666666666,"duration":1},"lod":{"skinned":1,"impostors":0},"palettes":[{"bones":26,"visible":1,"capacity":256,"snapshotCapacity":2,"snapshotBankCapacity":1,"residentSnapshots":0,"snapshotSlotHighWater":0,"allocatedBytes":720920,"uploadedBytes":80,"snapshotUploadedBytes":0}]})
PASS  heavy-motion: walk-frames/walk frame 8/three-quarter: newly rendered frozen crop is byte-stable
PASS  heavy-motion: walk-frames/walk frame 9/front: production weighted pose submitted  ({"sampled":{"clip":"walk","phase":0.3,"duration":1},"lod":{"skinned":1,"impostors":0},"palettes":[{"bones":26,"visible":1,"capacity":256,"snapshotCapacity":2,"snapshotBankCapacity":1,"residentSnapshots":0,"snapshotSlotHighWater":0,"allocatedBytes":720920,"uploadedBytes":80,"snapshotUploadedBytes":0}]})
PASS  heavy-motion: walk-frames/walk frame 9/front: newly rendered frozen crop is byte-stable
PASS  heavy-motion: walk-frames/walk frame 9/right side: production weighted pose submitted  ({"sampled":{"clip":"walk","phase":0.3,"duration":1},"lod":{"skinned":1,"impostors":0},"palettes":[{"bones":26,"visible":1,"capacity":256,"snapshotCapacity":2,"snapshotBankCapacity":1,"residentSnapshots":0,"snapshotSlotHighWater":0,"allocatedBytes":720920,"uploadedBytes":80,"snapshotUploadedBytes":0}]})
PASS  heavy-motion: walk-frames/walk frame 9/right side: newly rendered frozen crop is byte-stable
PASS  heavy-motion: walk-frames/walk frame 9/rear: production weighted pose submitted  ({"sampled":{"clip":"walk","phase":0.3,"duration":1},"lod":{"skinned":1,"impostors":0},"palettes":[{"bones":26,"visible":1,"capacity":256,"snapshotCapacity":2,"snapshotBankCapacity":1,"residentSnapshots":0,"snapshotSlotHighWater":0,"allocatedBytes":720920,"uploadedBytes":80,"snapshotUploadedBytes":0}]})
PASS  heavy-motion: walk-frames/walk frame 9/rear: newly rendered frozen crop is byte-stable
PASS  heavy-motion: walk-frames/walk frame 9/three-quarter: production weighted pose submitted  ({"sampled":{"clip":"walk","phase":0.3,"duration":1},"lod":{"skinned":1,"impostors":0},"palettes":[{"bones":26,"visible":1,"capacity":256,"snapshotCapacity":2,"snapshotBankCapacity":1,"residentSnapshots":0,"snapshotSlotHighWater":0,"allocatedBytes":720920,"uploadedBytes":80,"snapshotUploadedBytes":0}]})
PASS  heavy-motion: walk-frames/walk frame 9/three-quarter: newly rendered frozen crop is byte-stable
PASS  heavy-motion: walk-frames/walk frame 10/front: production weighted pose submitted  ({"sampled":{"clip":"walk","phase":0.3333333333333333,"duration":1},"lod":{"skinned":1,"impostors":0},"palettes":[{"bones":26,"visible":1,"capacity":256,"snapshotCapacity":2,"snapshotBankCapacity":1,"residentSnapshots":0,"snapshotSlotHighWater":0,"allocatedBytes":720920,"uploadedBytes":80,"snapshotUploadedBytes":0}]})
PASS  heavy-motion: walk-frames/walk frame 10/front: newly rendered frozen crop is byte-stable
PASS  heavy-motion: walk-frames/walk frame 10/right side: production weighted pose submitted  ({"sampled":{"clip":"walk","phase":0.3333333333333333,"duration":1},"lod":{"skinned":1,"impostors":0},"palettes":[{"bones":26,"visible":1,"capacity":256,"snapshotCapacity":2,"snapshotBankCapacity":1,"residentSnapshots":0,"snapshotSlotHighWater":0,"allocatedBytes":720920,"uploadedBytes":80,"snapshotUploadedBytes":0}]})
PASS  heavy-motion: walk-frames/walk frame 10/right side: newly rendered frozen crop is byte-stable
PASS  heavy-motion: walk-frames/walk frame 10/rear: production weighted pose submitted  ({"sampled":{"clip":"walk","phase":0.3333333333333333,"duration":1},"lod":{"skinned":1,"impostors":0},"palettes":[{"bones":26,"visible":1,"capacity":256,"snapshotCapacity":2,"snapshotBankCapacity":1,"residentSnapshots":0,"snapshotSlotHighWater":0,"allocatedBytes":720920,"uploadedBytes":80,"snapshotUploadedBytes":0}]})
PASS  heavy-motion: walk-frames/walk frame 10/rear: newly rendered frozen crop is byte-stable
PASS  heavy-motion: walk-frames/walk frame 10/three-quarter: production weighted pose submitted  ({"sampled":{"clip":"walk","phase":0.3333333333333333,"duration":1},"lod":{"skinned":1,"impostors":0},"palettes":[{"bones":26,"visible":1,"capacity":256,"snapshotCapacity":2,"snapshotBankCapacity":1,"residentSnapshots":0,"snapshotSlotHighWater":0,"allocatedBytes":720920,"uploadedBytes":80,"snapshotUploadedBytes":0}]})
PASS  heavy-motion: walk-frames/walk frame 10/three-quarter: newly rendered frozen crop is byte-stable
PASS  heavy-motion: walk-frames/walk frame 11/front: production weighted pose submitted  ({"sampled":{"clip":"walk","phase":0.36666666666666664,"duration":1},"lod":{"skinned":1,"impostors":0},"palettes":[{"bones":26,"visible":1,"capacity":256,"snapshotCapacity":2,"snapshotBankCapacity":1,"residentSnapshots":0,"snapshotSlotHighWater":0,"allocatedBytes":720920,"uploadedBytes":80,"snapshotUploadedBytes":0}]})
PASS  heavy-motion: walk-frames/walk frame 11/front: newly rendered frozen crop is byte-stable
PASS  heavy-motion: walk-frames/walk frame 11/right side: production weighted pose submitted  ({"sampled":{"clip":"walk","phase":0.36666666666666664,"duration":1},"lod":{"skinned":1,"impostors":0},"palettes":[{"bones":26,"visible":1,"capacity":256,"snapshotCapacity":2,"snapshotBankCapacity":1,"residentSnapshots":0,"snapshotSlotHighWater":0,"allocatedBytes":720920,"uploadedBytes":80,"snapshotUploadedBytes":0}]})
PASS  heavy-motion: walk-frames/walk frame 11/right side: newly rendered frozen crop is byte-stable
PASS  heavy-motion: walk-frames/walk frame 11/rear: production weighted pose submitted  ({"sampled":{"clip":"walk","phase":0.36666666666666664,"duration":1},"lod":{"skinned":1,"impostors":0},"palettes":[{"bones":26,"visible":1,"capacity":256,"snapshotCapacity":2,"snapshotBankCapacity":1,"residentSnapshots":0,"snapshotSlotHighWater":0,"allocatedBytes":720920,"uploadedBytes":80,"snapshotUploadedBytes":0}]})
PASS  heavy-motion: walk-frames/walk frame 11/rear: newly rendered frozen crop is byte-stable
PASS  heavy-motion: walk-frames/walk frame 11/three-quarter: production weighted pose submitted  ({"sampled":{"clip":"walk","phase":0.36666666666666664,"duration":1},"lod":{"skinned":1,"impostors":0},"palettes":[{"bones":26,"visible":1,"capacity":256,"snapshotCapacity":2,"snapshotBankCapacity":1,"residentSnapshots":0,"snapshotSlotHighWater":0,"allocatedBytes":720920,"uploadedBytes":80,"snapshotUploadedBytes":0}]})
PASS  heavy-motion: walk-frames/walk frame 11/three-quarter: newly rendered frozen crop is byte-stable
PASS  heavy-motion: walk-frames/walk frame 12/front: production weighted pose submitted  ({"sampled":{"clip":"walk","phase":0.4,"duration":1},"lod":{"skinned":1,"impostors":0},"palettes":[{"bones":26,"visible":1,"capacity":256,"snapshotCapacity":2,"snapshotBankCapacity":1,"residentSnapshots":0,"snapshotSlotHighWater":0,"allocatedBytes":720920,"uploadedBytes":80,"snapshotUploadedBytes":0}]})
PASS  heavy-motion: walk-frames/walk frame 12/front: newly rendered frozen crop is byte-stable
PASS  heavy-motion: walk-frames/walk frame 12/right side: production weighted pose submitted  ({"sampled":{"clip":"walk","phase":0.4,"duration":1},"lod":{"skinned":1,"impostors":0},"palettes":[{"bones":26,"visible":1,"capacity":256,"snapshotCapacity":2,"snapshotBankCapacity":1,"residentSnapshots":0,"snapshotSlotHighWater":0,"allocatedBytes":720920,"uploadedBytes":80,"snapshotUploadedBytes":0}]})
PASS  heavy-motion: walk-frames/walk frame 12/right side: newly rendered frozen crop is byte-stable
PASS  heavy-motion: walk-frames/walk frame 12/rear: production weighted pose submitted  ({"sampled":{"clip":"walk","phase":0.4,"duration":1},"lod":{"skinned":1,"impostors":0},"palettes":[{"bones":26,"visible":1,"capacity":256,"snapshotCapacity":2,"snapshotBankCapacity":1,"residentSnapshots":0,"snapshotSlotHighWater":0,"allocatedBytes":720920,"uploadedBytes":80,"snapshotUploadedBytes":0}]})
PASS  heavy-motion: walk-frames/walk frame 12/rear: newly rendered frozen crop is byte-stable
PASS  heavy-motion: walk-frames/walk frame 12/three-quarter: production weighted pose submitted  ({"sampled":{"clip":"walk","phase":0.4,"duration":1},"lod":{"skinned":1,"impostors":0},"palettes":[{"bones":26,"visible":1,"capacity":256,"snapshotCapacity":2,"snapshotBankCapacity":1,"residentSnapshots":0,"snapshotSlotHighWater":0,"allocatedBytes":720920,"uploadedBytes":80,"snapshotUploadedBytes":0}]})
PASS  heavy-motion: walk-frames/walk frame 12/three-quarter: newly rendered frozen crop is byte-stable
PASS  heavy-motion: walk-frames/walk frame 13/front: production weighted pose submitted  ({"sampled":{"clip":"walk","phase":0.43333333333333335,"duration":1},"lod":{"skinned":1,"impostors":0},"palettes":[{"bones":26,"visible":1,"capacity":256,"snapshotCapacity":2,"snapshotBankCapacity":1,"residentSnapshots":0,"snapshotSlotHighWater":0,"allocatedBytes":720920,"uploadedBytes":80,"snapshotUploadedBytes":0}]})
PASS  heavy-motion: walk-frames/walk frame 13/front: newly rendered frozen crop is byte-stable
PASS  heavy-motion: walk-frames/walk frame 13/right side: production weighted pose submitted  ({"sampled":{"clip":"walk","phase":0.43333333333333335,"duration":1},"lod":{"skinned":1,"impostors":0},"palettes":[{"bones":26,"visible":1,"capacity":256,"snapshotCapacity":2,"snapshotBankCapacity":1,"residentSnapshots":0,"snapshotSlotHighWater":0,"allocatedBytes":720920,"uploadedBytes":80,"snapshotUploadedBytes":0}]})
PASS  heavy-motion: walk-frames/walk frame 13/right side: newly rendered frozen crop is byte-stable
PASS  heavy-motion: walk-frames/walk frame 13/rear: production weighted pose submitted  ({"sampled":{"clip":"walk","phase":0.43333333333333335,"duration":1},"lod":{"skinned":1,"impostors":0},"palettes":[{"bones":26,"visible":1,"capacity":256,"snapshotCapacity":2,"snapshotBankCapacity":1,"residentSnapshots":0,"snapshotSlotHighWater":0,"allocatedBytes":720920,"uploadedBytes":80,"snapshotUploadedBytes":0}]})
PASS  heavy-motion: walk-frames/walk frame 13/rear: newly rendered frozen crop is byte-stable
PASS  heavy-motion: walk-frames/walk frame 13/three-quarter: production weighted pose submitted  ({"sampled":{"clip":"walk","phase":0.43333333333333335,"duration":1},"lod":{"skinned":1,"impostors":0},"palettes":[{"bones":26,"visible":1,"capacity":256,"snapshotCapacity":2,"snapshotBankCapacity":1,"residentSnapshots":0,"snapshotSlotHighWater":0,"allocatedBytes":720920,"uploadedBytes":80,"snapshotUploadedBytes":0}]})
PASS  heavy-motion: walk-frames/walk frame 13/three-quarter: newly rendered frozen crop is byte-stable
PASS  heavy-motion: walk-frames/walk frame 14/front: production weighted pose submitted  ({"sampled":{"clip":"walk","phase":0.4666666666666667,"duration":1},"lod":{"skinned":1,"impostors":0},"palettes":[{"bones":26,"visible":1,"capacity":256,"snapshotCapacity":2,"snapshotBankCapacity":1,"residentSnapshots":0,"snapshotSlotHighWater":0,"allocatedBytes":720920,"uploadedBytes":80,"snapshotUploadedBytes":0}]})
PASS  heavy-motion: walk-frames/walk frame 14/front: newly rendered frozen crop is byte-stable
PASS  heavy-motion: walk-frames/walk frame 14/right side: production weighted pose submitted  ({"sampled":{"clip":"walk","phase":0.4666666666666667,"duration":1},"lod":{"skinned":1,"impostors":0},"palettes":[{"bones":26,"visible":1,"capacity":256,"snapshotCapacity":2,"snapshotBankCapacity":1,"residentSnapshots":0,"snapshotSlotHighWater":0,"allocatedBytes":720920,"uploadedBytes":80,"snapshotUploadedBytes":0}]})
PASS  heavy-motion: walk-frames/walk frame 14/right side: newly rendered frozen crop is byte-stable
PASS  heavy-motion: walk-frames/walk frame 14/rear: production weighted pose submitted  ({"sampled":{"clip":"walk","phase":0.4666666666666667,"duration":1},"lod":{"skinned":1,"impostors":0},"palettes":[{"bones":26,"visible":1,"capacity":256,"snapshotCapacity":2,"snapshotBankCapacity":1,"residentSnapshots":0,"snapshotSlotHighWater":0,"allocatedBytes":720920,"uploadedBytes":80,"snapshotUploadedBytes":0}]})
PASS  heavy-motion: walk-frames/walk frame 14/rear: newly rendered frozen crop is byte-stable
PASS  heavy-motion: walk-frames/walk frame 14/three-quarter: production weighted pose submitted  ({"sampled":{"clip":"walk","phase":0.4666666666666667,"duration":1},"lod":{"skinned":1,"impostors":0},"palettes":[{"bones":26,"visible":1,"capacity":256,"snapshotCapacity":2,"snapshotBankCapacity":1,"residentSnapshots":0,"snapshotSlotHighWater":0,"allocatedBytes":720920,"uploadedBytes":80,"snapshotUploadedBytes":0}]})
PASS  heavy-motion: walk-frames/walk frame 14/three-quarter: newly rendered frozen crop is byte-stable
PASS  heavy-motion: walk-frames/walk frame 15/front: production weighted pose submitted  ({"sampled":{"clip":"walk","phase":0.5,"duration":1},"lod":{"skinned":1,"impostors":0},"palettes":[{"bones":26,"visible":1,"capacity":256,"snapshotCapacity":2,"snapshotBankCapacity":1,"residentSnapshots":0,"snapshotSlotHighWater":0,"allocatedBytes":720920,"uploadedBytes":80,"snapshotUploadedBytes":0}]})
PASS  heavy-motion: walk-frames/walk frame 15/front: newly rendered frozen crop is byte-stable
PASS  heavy-motion: walk-frames/walk frame 15/right side: production weighted pose submitted  ({"sampled":{"clip":"walk","phase":0.5,"duration":1},"lod":{"skinned":1,"impostors":0},"palettes":[{"bones":26,"visible":1,"capacity":256,"snapshotCapacity":2,"snapshotBankCapacity":1,"residentSnapshots":0,"snapshotSlotHighWater":0,"allocatedBytes":720920,"uploadedBytes":80,"snapshotUploadedBytes":0}]})
PASS  heavy-motion: walk-frames/walk frame 15/right side: newly rendered frozen crop is byte-stable
PASS  heavy-motion: walk-frames/walk frame 15/rear: production weighted pose submitted  ({"sampled":{"clip":"walk","phase":0.5,"duration":1},"lod":{"skinned":1,"impostors":0},"palettes":[{"bones":26,"visible":1,"capacity":256,"snapshotCapacity":2,"snapshotBankCapacity":1,"residentSnapshots":0,"snapshotSlotHighWater":0,"allocatedBytes":720920,"uploadedBytes":80,"snapshotUploadedBytes":0}]})
PASS  heavy-motion: walk-frames/walk frame 15/rear: newly rendered frozen crop is byte-stable
PASS  heavy-motion: walk-frames/walk frame 15/three-quarter: production weighted pose submitted  ({"sampled":{"clip":"walk","phase":0.5,"duration":1},"lod":{"skinned":1,"impostors":0},"palettes":[{"bones":26,"visible":1,"capacity":256,"snapshotCapacity":2,"snapshotBankCapacity":1,"residentSnapshots":0,"snapshotSlotHighWater":0,"allocatedBytes":720920,"uploadedBytes":80,"snapshotUploadedBytes":0}]})
PASS  heavy-motion: walk-frames/walk frame 15/three-quarter: newly rendered frozen crop is byte-stable
PASS  heavy-motion: walk-frames/walk frame 16/front: production weighted pose submitted  ({"sampled":{"clip":"walk","phase":0.5333333333333333,"duration":1},"lod":{"skinned":1,"impostors":0},"palettes":[{"bones":26,"visible":1,"capacity":256,"snapshotCapacity":2,"snapshotBankCapacity":1,"residentSnapshots":0,"snapshotSlotHighWater":0,"allocatedBytes":720920,"uploadedBytes":80,"snapshotUploadedBytes":0}]})
PASS  heavy-motion: walk-frames/walk frame 16/front: newly rendered frozen crop is byte-stable
PASS  heavy-motion: walk-frames/walk frame 16/right side: production weighted pose submitted  ({"sampled":{"clip":"walk","phase":0.5333333333333333,"duration":1},"lod":{"skinned":1,"impostors":0},"palettes":[{"bones":26,"visible":1,"capacity":256,"snapshotCapacity":2,"snapshotBankCapacity":1,"residentSnapshots":0,"snapshotSlotHighWater":0,"allocatedBytes":720920,"uploadedBytes":80,"snapshotUploadedBytes":0}]})
PASS  heavy-motion: walk-frames/walk frame 16/right side: newly rendered frozen crop is byte-stable
PASS  heavy-motion: walk-frames/walk frame 16/rear: production weighted pose submitted  ({"sampled":{"clip":"walk","phase":0.5333333333333333,"duration":1},"lod":{"skinned":1,"impostors":0},"palettes":[{"bones":26,"visible":1,"capacity":256,"snapshotCapacity":2,"snapshotBankCapacity":1,"residentSnapshots":0,"snapshotSlotHighWater":0,"allocatedBytes":720920,"uploadedBytes":80,"snapshotUploadedBytes":0}]})
PASS  heavy-motion: walk-frames/walk frame 16/rear: newly rendered frozen crop is byte-stable
PASS  heavy-motion: walk-frames/walk frame 16/three-quarter: production weighted pose submitted  ({"sampled":{"clip":"walk","phase":0.5333333333333333,"duration":1},"lod":{"skinned":1,"impostors":0},"palettes":[{"bones":26,"visible":1,"capacity":256,"snapshotCapacity":2,"snapshotBankCapacity":1,"residentSnapshots":0,"snapshotSlotHighWater":0,"allocatedBytes":720920,"uploadedBytes":80,"snapshotUploadedBytes":0}]})
PASS  heavy-motion: walk-frames/walk frame 16/three-quarter: newly rendered frozen crop is byte-stable
PASS  heavy-motion: walk-frames/walk frame 17/front: production weighted pose submitted  ({"sampled":{"clip":"walk","phase":0.5666666666666667,"duration":1},"lod":{"skinned":1,"impostors":0},"palettes":[{"bones":26,"visible":1,"capacity":256,"snapshotCapacity":2,"snapshotBankCapacity":1,"residentSnapshots":0,"snapshotSlotHighWater":0,"allocatedBytes":720920,"uploadedBytes":80,"snapshotUploadedBytes":0}]})
PASS  heavy-motion: walk-frames/walk frame 17/front: newly rendered frozen crop is byte-stable
PASS  heavy-motion: walk-frames/walk frame 17/right side: production weighted pose submitted  ({"sampled":{"clip":"walk","phase":0.5666666666666667,"duration":1},"lod":{"skinned":1,"impostors":0},"palettes":[{"bones":26,"visible":1,"capacity":256,"snapshotCapacity":2,"snapshotBankCapacity":1,"residentSnapshots":0,"snapshotSlotHighWater":0,"allocatedBytes":720920,"uploadedBytes":80,"snapshotUploadedBytes":0}]})
PASS  heavy-motion: walk-frames/walk frame 17/right side: newly rendered frozen crop is byte-stable
PASS  heavy-motion: walk-frames/walk frame 17/rear: production weighted pose submitted  ({"sampled":{"clip":"walk","phase":0.5666666666666667,"duration":1},"lod":{"skinned":1,"impostors":0},"palettes":[{"bones":26,"visible":1,"capacity":256,"snapshotCapacity":2,"snapshotBankCapacity":1,"residentSnapshots":0,"snapshotSlotHighWater":0,"allocatedBytes":720920,"uploadedBytes":80,"snapshotUploadedBytes":0}]})
PASS  heavy-motion: walk-frames/walk frame 17/rear: newly rendered frozen crop is byte-stable
PASS  heavy-motion: walk-frames/walk frame 17/three-quarter: production weighted pose submitted  ({"sampled":{"clip":"walk","phase":0.5666666666666667,"duration":1},"lod":{"skinned":1,"impostors":0},"palettes":[{"bones":26,"visible":1,"capacity":256,"snapshotCapacity":2,"snapshotBankCapacity":1,"residentSnapshots":0,"snapshotSlotHighWater":0,"allocatedBytes":720920,"uploadedBytes":80,"snapshotUploadedBytes":0}]})
PASS  heavy-motion: walk-frames/walk frame 17/three-quarter: newly rendered frozen crop is byte-stable
PASS  heavy-motion: walk-frames/walk frame 18/front: production weighted pose submitted  ({"sampled":{"clip":"walk","phase":0.6,"duration":1},"lod":{"skinned":1,"impostors":0},"palettes":[{"bones":26,"visible":1,"capacity":256,"snapshotCapacity":2,"snapshotBankCapacity":1,"residentSnapshots":0,"snapshotSlotHighWater":0,"allocatedBytes":720920,"uploadedBytes":80,"snapshotUploadedBytes":0}]})
PASS  heavy-motion: walk-frames/walk frame 18/front: newly rendered frozen crop is byte-stable
PASS  heavy-motion: walk-frames/walk frame 18/right side: production weighted pose submitted  ({"sampled":{"clip":"walk","phase":0.6,"duration":1},"lod":{"skinned":1,"impostors":0},"palettes":[{"bones":26,"visible":1,"capacity":256,"snapshotCapacity":2,"snapshotBankCapacity":1,"residentSnapshots":0,"snapshotSlotHighWater":0,"allocatedBytes":720920,"uploadedBytes":80,"snapshotUploadedBytes":0}]})
PASS  heavy-motion: walk-frames/walk frame 18/right side: newly rendered frozen crop is byte-stable
PASS  heavy-motion: walk-frames/walk frame 18/rear: production weighted pose submitted  ({"sampled":{"clip":"walk","phase":0.6,"duration":1},"lod":{"skinned":1,"impostors":0},"palettes":[{"bones":26,"visible":1,"capacity":256,"snapshotCapacity":2,"snapshotBankCapacity":1,"residentSnapshots":0,"snapshotSlotHighWater":0,"allocatedBytes":720920,"uploadedBytes":80,"snapshotUploadedBytes":0}]})
PASS  heavy-motion: walk-frames/walk frame 18/rear: newly rendered frozen crop is byte-stable
PASS  heavy-motion: walk-frames/walk frame 18/three-quarter: production weighted pose submitted  ({"sampled":{"clip":"walk","phase":0.6,"duration":1},"lod":{"skinned":1,"impostors":0},"palettes":[{"bones":26,"visible":1,"capacity":256,"snapshotCapacity":2,"snapshotBankCapacity":1,"residentSnapshots":0,"snapshotSlotHighWater":0,"allocatedBytes":720920,"uploadedBytes":80,"snapshotUploadedBytes":0}]})
PASS  heavy-motion: walk-frames/walk frame 18/three-quarter: newly rendered frozen crop is byte-stable
PASS  heavy-motion: walk-frames/walk frame 19/front: production weighted pose submitted  ({"sampled":{"clip":"walk","phase":0.6333333333333333,"duration":1},"lod":{"skinned":1,"impostors":0},"palettes":[{"bones":26,"visible":1,"capacity":256,"snapshotCapacity":2,"snapshotBankCapacity":1,"residentSnapshots":0,"snapshotSlotHighWater":0,"allocatedBytes":720920,"uploadedBytes":80,"snapshotUploadedBytes":0}]})
PASS  heavy-motion: walk-frames/walk frame 19/front: newly rendered frozen crop is byte-stable
PASS  heavy-motion: walk-frames/walk frame 19/right side: production weighted pose submitted  ({"sampled":{"clip":"walk","phase":0.6333333333333333,"duration":1},"lod":{"skinned":1,"impostors":0},"palettes":[{"bones":26,"visible":1,"capacity":256,"snapshotCapacity":2,"snapshotBankCapacity":1,"residentSnapshots":0,"snapshotSlotHighWater":0,"allocatedBytes":720920,"uploadedBytes":80,"snapshotUploadedBytes":0}]})
PASS  heavy-motion: walk-frames/walk frame 19/right side: newly rendered frozen crop is byte-stable
PASS  heavy-motion: walk-frames/walk frame 19/rear: production weighted pose submitted  ({"sampled":{"clip":"walk","phase":0.6333333333333333,"duration":1},"lod":{"skinned":1,"impostors":0},"palettes":[{"bones":26,"visible":1,"capacity":256,"snapshotCapacity":2,"snapshotBankCapacity":1,"residentSnapshots":0,"snapshotSlotHighWater":0,"allocatedBytes":720920,"uploadedBytes":80,"snapshotUploadedBytes":0}]})
PASS  heavy-motion: walk-frames/walk frame 19/rear: newly rendered frozen crop is byte-stable
PASS  heavy-motion: walk-frames/walk frame 19/three-quarter: production weighted pose submitted  ({"sampled":{"clip":"walk","phase":0.6333333333333333,"duration":1},"lod":{"skinned":1,"impostors":0},"palettes":[{"bones":26,"visible":1,"capacity":256,"snapshotCapacity":2,"snapshotBankCapacity":1,"residentSnapshots":0,"snapshotSlotHighWater":0,"allocatedBytes":720920,"uploadedBytes":80,"snapshotUploadedBytes":0}]})
PASS  heavy-motion: walk-frames/walk frame 19/three-quarter: newly rendered frozen crop is byte-stable
PASS  heavy-motion: walk-frames/walk frame 20/front: production weighted pose submitted  ({"sampled":{"clip":"walk","phase":0.6666666666666666,"duration":1},"lod":{"skinned":1,"impostors":0},"palettes":[{"bones":26,"visible":1,"capacity":256,"snapshotCapacity":2,"snapshotBankCapacity":1,"residentSnapshots":0,"snapshotSlotHighWater":0,"allocatedBytes":720920,"uploadedBytes":80,"snapshotUploadedBytes":0}]})
PASS  heavy-motion: walk-frames/walk frame 20/front: newly rendered frozen crop is byte-stable
PASS  heavy-motion: walk-frames/walk frame 20/right side: production weighted pose submitted  ({"sampled":{"clip":"walk","phase":0.6666666666666666,"duration":1},"lod":{"skinned":1,"impostors":0},"palettes":[{"bones":26,"visible":1,"capacity":256,"snapshotCapacity":2,"snapshotBankCapacity":1,"residentSnapshots":0,"snapshotSlotHighWater":0,"allocatedBytes":720920,"uploadedBytes":80,"snapshotUploadedBytes":0}]})
PASS  heavy-motion: walk-frames/walk frame 20/right side: newly rendered frozen crop is byte-stable
PASS  heavy-motion: walk-frames/walk frame 20/rear: production weighted pose submitted  ({"sampled":{"clip":"walk","phase":0.6666666666666666,"duration":1},"lod":{"skinned":1,"impostors":0},"palettes":[{"bones":26,"visible":1,"capacity":256,"snapshotCapacity":2,"snapshotBankCapacity":1,"residentSnapshots":0,"snapshotSlotHighWater":0,"allocatedBytes":720920,"uploadedBytes":80,"snapshotUploadedBytes":0}]})
PASS  heavy-motion: walk-frames/walk frame 20/rear: newly rendered frozen crop is byte-stable
PASS  heavy-motion: walk-frames/walk frame 20/three-quarter: production weighted pose submitted  ({"sampled":{"clip":"walk","phase":0.6666666666666666,"duration":1},"lod":{"skinned":1,"impostors":0},"palettes":[{"bones":26,"visible":1,"capacity":256,"snapshotCapacity":2,"snapshotBankCapacity":1,"residentSnapshots":0,"snapshotSlotHighWater":0,"allocatedBytes":720920,"uploadedBytes":80,"snapshotUploadedBytes":0}]})
PASS  heavy-motion: walk-frames/walk frame 20/three-quarter: newly rendered frozen crop is byte-stable
PASS  heavy-motion: walk-frames/walk frame 21/front: production weighted pose submitted  ({"sampled":{"clip":"walk","phase":0.7,"duration":1},"lod":{"skinned":1,"impostors":0},"palettes":[{"bones":26,"visible":1,"capacity":256,"snapshotCapacity":2,"snapshotBankCapacity":1,"residentSnapshots":0,"snapshotSlotHighWater":0,"allocatedBytes":720920,"uploadedBytes":80,"snapshotUploadedBytes":0}]})
PASS  heavy-motion: walk-frames/walk frame 21/front: newly rendered frozen crop is byte-stable
PASS  heavy-motion: walk-frames/walk frame 21/right side: production weighted pose submitted  ({"sampled":{"clip":"walk","phase":0.7,"duration":1},"lod":{"skinned":1,"impostors":0},"palettes":[{"bones":26,"visible":1,"capacity":256,"snapshotCapacity":2,"snapshotBankCapacity":1,"residentSnapshots":0,"snapshotSlotHighWater":0,"allocatedBytes":720920,"uploadedBytes":80,"snapshotUploadedBytes":0}]})
PASS  heavy-motion: walk-frames/walk frame 21/right side: newly rendered frozen crop is byte-stable
PASS  heavy-motion: walk-frames/walk frame 21/rear: production weighted pose submitted  ({"sampled":{"clip":"walk","phase":0.7,"duration":1},"lod":{"skinned":1,"impostors":0},"palettes":[{"bones":26,"visible":1,"capacity":256,"snapshotCapacity":2,"snapshotBankCapacity":1,"residentSnapshots":0,"snapshotSlotHighWater":0,"allocatedBytes":720920,"uploadedBytes":80,"snapshotUploadedBytes":0}]})
PASS  heavy-motion: walk-frames/walk frame 21/rear: newly rendered frozen crop is byte-stable
PASS  heavy-motion: walk-frames/walk frame 21/three-quarter: production weighted pose submitted  ({"sampled":{"clip":"walk","phase":0.7,"duration":1},"lod":{"skinned":1,"impostors":0},"palettes":[{"bones":26,"visible":1,"capacity":256,"snapshotCapacity":2,"snapshotBankCapacity":1,"residentSnapshots":0,"snapshotSlotHighWater":0,"allocatedBytes":720920,"uploadedBytes":80,"snapshotUploadedBytes":0}]})
PASS  heavy-motion: walk-frames/walk frame 21/three-quarter: newly rendered frozen crop is byte-stable
PASS  heavy-motion: walk-frames/walk frame 22/front: production weighted pose submitted  ({"sampled":{"clip":"walk","phase":0.7333333333333333,"duration":1},"lod":{"skinned":1,"impostors":0},"palettes":[{"bones":26,"visible":1,"capacity":256,"snapshotCapacity":2,"snapshotBankCapacity":1,"residentSnapshots":0,"snapshotSlotHighWater":0,"allocatedBytes":720920,"uploadedBytes":80,"snapshotUploadedBytes":0}]})
PASS  heavy-motion: walk-frames/walk frame 22/front: newly rendered frozen crop is byte-stable
PASS  heavy-motion: walk-frames/walk frame 22/right side: production weighted pose submitted  ({"sampled":{"clip":"walk","phase":0.7333333333333333,"duration":1},"lod":{"skinned":1,"impostors":0},"palettes":[{"bones":26,"visible":1,"capacity":256,"snapshotCapacity":2,"snapshotBankCapacity":1,"residentSnapshots":0,"snapshotSlotHighWater":0,"allocatedBytes":720920,"uploadedBytes":80,"snapshotUploadedBytes":0}]})
PASS  heavy-motion: walk-frames/walk frame 22/right side: newly rendered frozen crop is byte-stable
PASS  heavy-motion: walk-frames/walk frame 22/rear: production weighted pose submitted  ({"sampled":{"clip":"walk","phase":0.7333333333333333,"duration":1},"lod":{"skinned":1,"impostors":0},"palettes":[{"bones":26,"visible":1,"capacity":256,"snapshotCapacity":2,"snapshotBankCapacity":1,"residentSnapshots":0,"snapshotSlotHighWater":0,"allocatedBytes":720920,"uploadedBytes":80,"snapshotUploadedBytes":0}]})
PASS  heavy-motion: walk-frames/walk frame 22/rear: newly rendered frozen crop is byte-stable
PASS  heavy-motion: walk-frames/walk frame 22/three-quarter: production weighted pose submitted  ({"sampled":{"clip":"walk","phase":0.7333333333333333,"duration":1},"lod":{"skinned":1,"impostors":0},"palettes":[{"bones":26,"visible":1,"capacity":256,"snapshotCapacity":2,"snapshotBankCapacity":1,"residentSnapshots":0,"snapshotSlotHighWater":0,"allocatedBytes":720920,"uploadedBytes":80,"snapshotUploadedBytes":0}]})
PASS  heavy-motion: walk-frames/walk frame 22/three-quarter: newly rendered frozen crop is byte-stable
PASS  heavy-motion: walk-frames/walk frame 23/front: production weighted pose submitted  ({"sampled":{"clip":"walk","phase":0.7666666666666667,"duration":1},"lod":{"skinned":1,"impostors":0},"palettes":[{"bones":26,"visible":1,"capacity":256,"snapshotCapacity":2,"snapshotBankCapacity":1,"residentSnapshots":0,"snapshotSlotHighWater":0,"allocatedBytes":720920,"uploadedBytes":80,"snapshotUploadedBytes":0}]})
PASS  heavy-motion: walk-frames/walk frame 23/front: newly rendered frozen crop is byte-stable
PASS  heavy-motion: walk-frames/walk frame 23/right side: production weighted pose submitted  ({"sampled":{"clip":"walk","phase":0.7666666666666667,"duration":1},"lod":{"skinned":1,"impostors":0},"palettes":[{"bones":26,"visible":1,"capacity":256,"snapshotCapacity":2,"snapshotBankCapacity":1,"residentSnapshots":0,"snapshotSlotHighWater":0,"allocatedBytes":720920,"uploadedBytes":80,"snapshotUploadedBytes":0}]})
PASS  heavy-motion: walk-frames/walk frame 23/right side: newly rendered frozen crop is byte-stable
PASS  heavy-motion: walk-frames/walk frame 23/rear: production weighted pose submitted  ({"sampled":{"clip":"walk","phase":0.7666666666666667,"duration":1},"lod":{"skinned":1,"impostors":0},"palettes":[{"bones":26,"visible":1,"capacity":256,"snapshotCapacity":2,"snapshotBankCapacity":1,"residentSnapshots":0,"snapshotSlotHighWater":0,"allocatedBytes":720920,"uploadedBytes":80,"snapshotUploadedBytes":0}]})
PASS  heavy-motion: walk-frames/walk frame 23/rear: newly rendered frozen crop is byte-stable
PASS  heavy-motion: walk-frames/walk frame 23/three-quarter: production weighted pose submitted  ({"sampled":{"clip":"walk","phase":0.7666666666666667,"duration":1},"lod":{"skinned":1,"impostors":0},"palettes":[{"bones":26,"visible":1,"capacity":256,"snapshotCapacity":2,"snapshotBankCapacity":1,"residentSnapshots":0,"snapshotSlotHighWater":0,"allocatedBytes":720920,"uploadedBytes":80,"snapshotUploadedBytes":0}]})
PASS  heavy-motion: walk-frames/walk frame 23/three-quarter: newly rendered frozen crop is byte-stable
PASS  heavy-motion: walk-frames/walk frame 24/front: production weighted pose submitted  ({"sampled":{"clip":"walk","phase":0.8,"duration":1},"lod":{"skinned":1,"impostors":0},"palettes":[{"bones":26,"visible":1,"capacity":256,"snapshotCapacity":2,"snapshotBankCapacity":1,"residentSnapshots":0,"snapshotSlotHighWater":0,"allocatedBytes":720920,"uploadedBytes":80,"snapshotUploadedBytes":0}]})
PASS  heavy-motion: walk-frames/walk frame 24/front: newly rendered frozen crop is byte-stable
PASS  heavy-motion: walk-frames/walk frame 24/right side: production weighted pose submitted  ({"sampled":{"clip":"walk","phase":0.8,"duration":1},"lod":{"skinned":1,"impostors":0},"palettes":[{"bones":26,"visible":1,"capacity":256,"snapshotCapacity":2,"snapshotBankCapacity":1,"residentSnapshots":0,"snapshotSlotHighWater":0,"allocatedBytes":720920,"uploadedBytes":80,"snapshotUploadedBytes":0}]})
PASS  heavy-motion: walk-frames/walk frame 24/right side: newly rendered frozen crop is byte-stable
PASS  heavy-motion: walk-frames/walk frame 24/rear: production weighted pose submitted  ({"sampled":{"clip":"walk","phase":0.8,"duration":1},"lod":{"skinned":1,"impostors":0},"palettes":[{"bones":26,"visible":1,"capacity":256,"snapshotCapacity":2,"snapshotBankCapacity":1,"residentSnapshots":0,"snapshotSlotHighWater":0,"allocatedBytes":720920,"uploadedBytes":80,"snapshotUploadedBytes":0}]})
PASS  heavy-motion: walk-frames/walk frame 24/rear: newly rendered frozen crop is byte-stable
PASS  heavy-motion: walk-frames/walk frame 24/three-quarter: production weighted pose submitted  ({"sampled":{"clip":"walk","phase":0.8,"duration":1},"lod":{"skinned":1,"impostors":0},"palettes":[{"bones":26,"visible":1,"capacity":256,"snapshotCapacity":2,"snapshotBankCapacity":1,"residentSnapshots":0,"snapshotSlotHighWater":0,"allocatedBytes":720920,"uploadedBytes":80,"snapshotUploadedBytes":0}]})
PASS  heavy-motion: walk-frames/walk frame 24/three-quarter: newly rendered frozen crop is byte-stable
PASS  heavy-motion: walk-frames/walk frame 25/front: production weighted pose submitted  ({"sampled":{"clip":"walk","phase":0.8333333333333334,"duration":1},"lod":{"skinned":1,"impostors":0},"palettes":[{"bones":26,"visible":1,"capacity":256,"snapshotCapacity":2,"snapshotBankCapacity":1,"residentSnapshots":0,"snapshotSlotHighWater":0,"allocatedBytes":720920,"uploadedBytes":80,"snapshotUploadedBytes":0}]})
PASS  heavy-motion: walk-frames/walk frame 25/front: newly rendered frozen crop is byte-stable
PASS  heavy-motion: walk-frames/walk frame 25/right side: production weighted pose submitted  ({"sampled":{"clip":"walk","phase":0.8333333333333334,"duration":1},"lod":{"skinned":1,"impostors":0},"palettes":[{"bones":26,"visible":1,"capacity":256,"snapshotCapacity":2,"snapshotBankCapacity":1,"residentSnapshots":0,"snapshotSlotHighWater":0,"allocatedBytes":720920,"uploadedBytes":80,"snapshotUploadedBytes":0}]})
PASS  heavy-motion: walk-frames/walk frame 25/right side: newly rendered frozen crop is byte-stable
PASS  heavy-motion: walk-frames/walk frame 25/rear: production weighted pose submitted  ({"sampled":{"clip":"walk","phase":0.8333333333333334,"duration":1},"lod":{"skinned":1,"impostors":0},"palettes":[{"bones":26,"visible":1,"capacity":256,"snapshotCapacity":2,"snapshotBankCapacity":1,"residentSnapshots":0,"snapshotSlotHighWater":0,"allocatedBytes":720920,"uploadedBytes":80,"snapshotUploadedBytes":0}]})
PASS  heavy-motion: walk-frames/walk frame 25/rear: newly rendered frozen crop is byte-stable
PASS  heavy-motion: walk-frames/walk frame 25/three-quarter: production weighted pose submitted  ({"sampled":{"clip":"walk","phase":0.8333333333333334,"duration":1},"lod":{"skinned":1,"impostors":0},"palettes":[{"bones":26,"visible":1,"capacity":256,"snapshotCapacity":2,"snapshotBankCapacity":1,"residentSnapshots":0,"snapshotSlotHighWater":0,"allocatedBytes":720920,"uploadedBytes":80,"snapshotUploadedBytes":0}]})
PASS  heavy-motion: walk-frames/walk frame 25/three-quarter: newly rendered frozen crop is byte-stable
PASS  heavy-motion: walk-frames/walk frame 26/front: production weighted pose submitted  ({"sampled":{"clip":"walk","phase":0.8666666666666667,"duration":1},"lod":{"skinned":1,"impostors":0},"palettes":[{"bones":26,"visible":1,"capacity":256,"snapshotCapacity":2,"snapshotBankCapacity":1,"residentSnapshots":0,"snapshotSlotHighWater":0,"allocatedBytes":720920,"uploadedBytes":80,"snapshotUploadedBytes":0}]})
PASS  heavy-motion: walk-frames/walk frame 26/front: newly rendered frozen crop is byte-stable
PASS  heavy-motion: walk-frames/walk frame 26/right side: production weighted pose submitted  ({"sampled":{"clip":"walk","phase":0.8666666666666667,"duration":1},"lod":{"skinned":1,"impostors":0},"palettes":[{"bones":26,"visible":1,"capacity":256,"snapshotCapacity":2,"snapshotBankCapacity":1,"residentSnapshots":0,"snapshotSlotHighWater":0,"allocatedBytes":720920,"uploadedBytes":80,"snapshotUploadedBytes":0}]})
PASS  heavy-motion: walk-frames/walk frame 26/right side: newly rendered frozen crop is byte-stable
PASS  heavy-motion: walk-frames/walk frame 26/rear: production weighted pose submitted  ({"sampled":{"clip":"walk","phase":0.8666666666666667,"duration":1},"lod":{"skinned":1,"impostors":0},"palettes":[{"bones":26,"visible":1,"capacity":256,"snapshotCapacity":2,"snapshotBankCapacity":1,"residentSnapshots":0,"snapshotSlotHighWater":0,"allocatedBytes":720920,"uploadedBytes":80,"snapshotUploadedBytes":0}]})
PASS  heavy-motion: walk-frames/walk frame 26/rear: newly rendered frozen crop is byte-stable
PASS  heavy-motion: walk-frames/walk frame 26/three-quarter: production weighted pose submitted  ({"sampled":{"clip":"walk","phase":0.8666666666666667,"duration":1},"lod":{"skinned":1,"impostors":0},"palettes":[{"bones":26,"visible":1,"capacity":256,"snapshotCapacity":2,"snapshotBankCapacity":1,"residentSnapshots":0,"snapshotSlotHighWater":0,"allocatedBytes":720920,"uploadedBytes":80,"snapshotUploadedBytes":0}]})
PASS  heavy-motion: walk-frames/walk frame 26/three-quarter: newly rendered frozen crop is byte-stable
PASS  heavy-motion: walk-frames/walk frame 27/front: production weighted pose submitted  ({"sampled":{"clip":"walk","phase":0.9,"duration":1},"lod":{"skinned":1,"impostors":0},"palettes":[{"bones":26,"visible":1,"capacity":256,"snapshotCapacity":2,"snapshotBankCapacity":1,"residentSnapshots":0,"snapshotSlotHighWater":0,"allocatedBytes":720920,"uploadedBytes":80,"snapshotUploadedBytes":0}]})
PASS  heavy-motion: walk-frames/walk frame 27/front: newly rendered frozen crop is byte-stable
PASS  heavy-motion: walk-frames/walk frame 27/right side: production weighted pose submitted  ({"sampled":{"clip":"walk","phase":0.9,"duration":1},"lod":{"skinned":1,"impostors":0},"palettes":[{"bones":26,"visible":1,"capacity":256,"snapshotCapacity":2,"snapshotBankCapacity":1,"residentSnapshots":0,"snapshotSlotHighWater":0,"allocatedBytes":720920,"uploadedBytes":80,"snapshotUploadedBytes":0}]})
PASS  heavy-motion: walk-frames/walk frame 27/right side: newly rendered frozen crop is byte-stable
PASS  heavy-motion: walk-frames/walk frame 27/rear: production weighted pose submitted  ({"sampled":{"clip":"walk","phase":0.9,"duration":1},"lod":{"skinned":1,"impostors":0},"palettes":[{"bones":26,"visible":1,"capacity":256,"snapshotCapacity":2,"snapshotBankCapacity":1,"residentSnapshots":0,"snapshotSlotHighWater":0,"allocatedBytes":720920,"uploadedBytes":80,"snapshotUploadedBytes":0}]})
PASS  heavy-motion: walk-frames/walk frame 27/rear: newly rendered frozen crop is byte-stable
PASS  heavy-motion: walk-frames/walk frame 27/three-quarter: production weighted pose submitted  ({"sampled":{"clip":"walk","phase":0.9,"duration":1},"lod":{"skinned":1,"impostors":0},"palettes":[{"bones":26,"visible":1,"capacity":256,"snapshotCapacity":2,"snapshotBankCapacity":1,"residentSnapshots":0,"snapshotSlotHighWater":0,"allocatedBytes":720920,"uploadedBytes":80,"snapshotUploadedBytes":0}]})
PASS  heavy-motion: walk-frames/walk frame 27/three-quarter: newly rendered frozen crop is byte-stable
PASS  heavy-motion: walk-frames/walk frame 28/front: production weighted pose submitted  ({"sampled":{"clip":"walk","phase":0.9333333333333333,"duration":1},"lod":{"skinned":1,"impostors":0},"palettes":[{"bones":26,"visible":1,"capacity":256,"snapshotCapacity":2,"snapshotBankCapacity":1,"residentSnapshots":0,"snapshotSlotHighWater":0,"allocatedBytes":720920,"uploadedBytes":80,"snapshotUploadedBytes":0}]})
PASS  heavy-motion: walk-frames/walk frame 28/front: newly rendered frozen crop is byte-stable
PASS  heavy-motion: walk-frames/walk frame 28/right side: production weighted pose submitted  ({"sampled":{"clip":"walk","phase":0.9333333333333333,"duration":1},"lod":{"skinned":1,"impostors":0},"palettes":[{"bones":26,"visible":1,"capacity":256,"snapshotCapacity":2,"snapshotBankCapacity":1,"residentSnapshots":0,"snapshotSlotHighWater":0,"allocatedBytes":720920,"uploadedBytes":80,"snapshotUploadedBytes":0}]})
PASS  heavy-motion: walk-frames/walk frame 28/right side: newly rendered frozen crop is byte-stable
PASS  heavy-motion: walk-frames/walk frame 28/rear: production weighted pose submitted  ({"sampled":{"clip":"walk","phase":0.9333333333333333,"duration":1},"lod":{"skinned":1,"impostors":0},"palettes":[{"bones":26,"visible":1,"capacity":256,"snapshotCapacity":2,"snapshotBankCapacity":1,"residentSnapshots":0,"snapshotSlotHighWater":0,"allocatedBytes":720920,"uploadedBytes":80,"snapshotUploadedBytes":0}]})
PASS  heavy-motion: walk-frames/walk frame 28/rear: newly rendered frozen crop is byte-stable
PASS  heavy-motion: walk-frames/walk frame 28/three-quarter: production weighted pose submitted  ({"sampled":{"clip":"walk","phase":0.9333333333333333,"duration":1},"lod":{"skinned":1,"impostors":0},"palettes":[{"bones":26,"visible":1,"capacity":256,"snapshotCapacity":2,"snapshotBankCapacity":1,"residentSnapshots":0,"snapshotSlotHighWater":0,"allocatedBytes":720920,"uploadedBytes":80,"snapshotUploadedBytes":0}]})
PASS  heavy-motion: walk-frames/walk frame 28/three-quarter: newly rendered frozen crop is byte-stable
PASS  heavy-motion: walk-frames/walk frame 29/front: production weighted pose submitted  ({"sampled":{"clip":"walk","phase":0.9666666666666667,"duration":1},"lod":{"skinned":1,"impostors":0},"palettes":[{"bones":26,"visible":1,"capacity":256,"snapshotCapacity":2,"snapshotBankCapacity":1,"residentSnapshots":0,"snapshotSlotHighWater":0,"allocatedBytes":720920,"uploadedBytes":80,"snapshotUploadedBytes":0}]})
PASS  heavy-motion: walk-frames/walk frame 29/front: newly rendered frozen crop is byte-stable
PASS  heavy-motion: walk-frames/walk frame 29/right side: production weighted pose submitted  ({"sampled":{"clip":"walk","phase":0.9666666666666667,"duration":1},"lod":{"skinned":1,"impostors":0},"palettes":[{"bones":26,"visible":1,"capacity":256,"snapshotCapacity":2,"snapshotBankCapacity":1,"residentSnapshots":0,"snapshotSlotHighWater":0,"allocatedBytes":720920,"uploadedBytes":80,"snapshotUploadedBytes":0}]})
PASS  heavy-motion: walk-frames/walk frame 29/right side: newly rendered frozen crop is byte-stable
PASS  heavy-motion: walk-frames/walk frame 29/rear: production weighted pose submitted  ({"sampled":{"clip":"walk","phase":0.9666666666666667,"duration":1},"lod":{"skinned":1,"impostors":0},"palettes":[{"bones":26,"visible":1,"capacity":256,"snapshotCapacity":2,"snapshotBankCapacity":1,"residentSnapshots":0,"snapshotSlotHighWater":0,"allocatedBytes":720920,"uploadedBytes":80,"snapshotUploadedBytes":0}]})
PASS  heavy-motion: walk-frames/walk frame 29/rear: newly rendered frozen crop is byte-stable
PASS  heavy-motion: walk-frames/walk frame 29/three-quarter: production weighted pose submitted  ({"sampled":{"clip":"walk","phase":0.9666666666666667,"duration":1},"lod":{"skinned":1,"impostors":0},"palettes":[{"bones":26,"visible":1,"capacity":256,"snapshotCapacity":2,"snapshotBankCapacity":1,"residentSnapshots":0,"snapshotSlotHighWater":0,"allocatedBytes":720920,"uploadedBytes":80,"snapshotUploadedBytes":0}]})
PASS  heavy-motion: walk-frames/walk frame 29/three-quarter: newly rendered frozen crop is byte-stable
PASS  heavy-motion: walk-frames/walk frame 30/front: production weighted pose submitted  ({"sampled":{"clip":"walk","phase":1,"duration":1},"lod":{"skinned":1,"impostors":0},"palettes":[{"bones":26,"visible":1,"capacity":256,"snapshotCapacity":2,"snapshotBankCapacity":1,"residentSnapshots":0,"snapshotSlotHighWater":0,"allocatedBytes":720920,"uploadedBytes":80,"snapshotUploadedBytes":0}]})
PASS  heavy-motion: walk-frames/walk frame 30/front: newly rendered frozen crop is byte-stable
PASS  heavy-motion: walk-frames/walk frame 30/right side: production weighted pose submitted  ({"sampled":{"clip":"walk","phase":1,"duration":1},"lod":{"skinned":1,"impostors":0},"palettes":[{"bones":26,"visible":1,"capacity":256,"snapshotCapacity":2,"snapshotBankCapacity":1,"residentSnapshots":0,"snapshotSlotHighWater":0,"allocatedBytes":720920,"uploadedBytes":80,"snapshotUploadedBytes":0}]})
PASS  heavy-motion: walk-frames/walk frame 30/right side: newly rendered frozen crop is byte-stable
PASS  heavy-motion: walk-frames/walk frame 30/rear: production weighted pose submitted  ({"sampled":{"clip":"walk","phase":1,"duration":1},"lod":{"skinned":1,"impostors":0},"palettes":[{"bones":26,"visible":1,"capacity":256,"snapshotCapacity":2,"snapshotBankCapacity":1,"residentSnapshots":0,"snapshotSlotHighWater":0,"allocatedBytes":720920,"uploadedBytes":80,"snapshotUploadedBytes":0}]})
PASS  heavy-motion: walk-frames/walk frame 30/rear: newly rendered frozen crop is byte-stable
PASS  heavy-motion: walk-frames/walk frame 30/three-quarter: production weighted pose submitted  ({"sampled":{"clip":"walk","phase":1,"duration":1},"lod":{"skinned":1,"impostors":0},"palettes":[{"bones":26,"visible":1,"capacity":256,"snapshotCapacity":2,"snapshotBankCapacity":1,"residentSnapshots":0,"snapshotSlotHighWater":0,"allocatedBytes":720920,"uploadedBytes":80,"snapshotUploadedBytes":0}]})
PASS  heavy-motion: walk-frames/walk frame 30/three-quarter: newly rendered frozen crop is byte-stable
PASS  heavy-motion: snapshot shared/soldiers/heavy-motion/walk-frames  (baseline created)
PASS  runner: no page errors

1 FAILURE(S)
