PASS  battle-benchmark-complete: entire live window completed
PASS  battle-benchmark-complete: timing starts at the canonical tick
PASS  battle-benchmark-complete: canonical contact state
PASS  battle-benchmark-complete: report declares a renderer-only held simulation
PASS  battle-benchmark-complete: simulation stayed exactly at the held state
PASS  battle-benchmark-complete: all camera phases recorded
PASS  battle-benchmark-complete: camera reached near wide and horizon views
PASS  battle-benchmark-complete: every recorded callback submitted a new primary frame
PASS  battle-benchmark-complete: recorded interval total agrees with run clock
PASS  battle-benchmark-complete: result actions remain inside the initial viewport
PASS  battle-benchmark-complete: export retains the full raw recording
PASS  runner: no page errors

ALL CHECKS PASSED
scenarioReport=throwaway/held-fixed/round-1/9000-raw/scenario-report.json
held-9000-raw-round-1: complete (renderer-only); functional=true quiet-rankable=false; archived in /Users/david/dev/game-battle-performance-spec/throwaway/held-fixed/round-1/9000-raw
  pre observation at 2026-09-19T11:41:31.380Z: shared system process(es) /System/Library/PrivateFrameworks/SkyLight.framework/Resources/WindowServer 36.4% cannot be split between this trial and anything else
  periodic observation at 2026-09-19T11:42:31.412Z: shared system process(es) /System/Library/PrivateFrameworks/SkyLight.framework/Resources/WindowServer 30.7% cannot be split between this trial and anything else
  periodic observation at 2026-09-19T11:43:31.466Z: shared system process(es) /System/Library/PrivateFrameworks/SkyLight.framework/Resources/WindowServer 28.3% cannot be split between this trial and anything else
  pre observation at 2026-09-19T11:41:31.380Z was not quiet (busiest other process 90.7%, load 3.89306640625)
  periodic observation at 2026-09-19T11:42:31.412Z was not quiet (busiest other process 39.1%, load 4.3564453125)
  periodic observation at 2026-09-19T11:43:31.466Z was not quiet (busiest other process 95.1%, load 5.53369140625)
  2 further busy observation(s)
