(node:44438) [MODULE_TYPELESS_PACKAGE_JSON] Warning: Module type of file:///Users/david/dev/game-heavy-hand-form/packages/soldier-assets/src/soldierMesh.ts is not specified and it doesn't parse as CommonJS.
Reparsing as ES module because module syntax was detected. This incurs a performance overhead.
To eliminate this warning, add "type": "module" to /Users/david/dev/game-heavy-hand-form/package.json.
(Use `node --trace-warnings ...` to show where the warning was created)
PASS  heavy-kit: heavy-kit candidate is manually inspectable for its declared classes  ({"catalog":"http://localhost:5193/assets/soldiers/candidates/heavy-kit/catalog.json","assets":[{"id":0,"name":"heavy-kit","presentation":null,"bones":26,"triangles":[85652,85652,85652],"clips":[{"name":"bend","duration":2,"loop":false},{"name":"bend-pronation","duration":2,"loop":false},{"name":"pronation","duration":2,"loop":false},{"name":"ready","duration":1.2000000476837158,"loop":true},{"name":"run","duration":0.800000011920929,"loop":true},{"name":"walk","duration":0.8999999761581421,"loop":true}]}]})
PASS  heavy-kit: sword-grip/neutral/front: production weighted pose submitted  ({"sampled":{"clip":"bend","phase":0,"duration":2},"lod":{"skinned":1,"impostors":0},"palettes":[{"bones":26,"visible":1,"capacity":256,"snapshotCapacity":2,"snapshotBankCapacity":1,"residentSnapshots":0,"snapshotSlotHighWater":0,"allocatedBytes":748480,"uploadedBytes":80,"snapshotUploadedBytes":0}]})
PASS  heavy-kit: sword-grip/neutral/front: newly rendered frozen crop is byte-stable
PASS  heavy-kit: sword-grip/neutral/right side: production weighted pose submitted  ({"sampled":{"clip":"bend","phase":0,"duration":2},"lod":{"skinned":1,"impostors":0},"palettes":[{"bones":26,"visible":1,"capacity":256,"snapshotCapacity":2,"snapshotBankCapacity":1,"residentSnapshots":0,"snapshotSlotHighWater":0,"allocatedBytes":748480,"uploadedBytes":80,"snapshotUploadedBytes":0}]})
PASS  heavy-kit: sword-grip/neutral/right side: newly rendered frozen crop is byte-stable
PASS  heavy-kit: sword-grip/neutral/rear: production weighted pose submitted  ({"sampled":{"clip":"bend","phase":0,"duration":2},"lod":{"skinned":1,"impostors":0},"palettes":[{"bones":26,"visible":1,"capacity":256,"snapshotCapacity":2,"snapshotBankCapacity":1,"residentSnapshots":0,"snapshotSlotHighWater":0,"allocatedBytes":748480,"uploadedBytes":80,"snapshotUploadedBytes":0}]})
PASS  heavy-kit: sword-grip/neutral/rear: newly rendered frozen crop is byte-stable
PASS  heavy-kit: sword-grip/neutral/right three-quarter: production weighted pose submitted  ({"sampled":{"clip":"bend","phase":0,"duration":2},"lod":{"skinned":1,"impostors":0},"palettes":[{"bones":26,"visible":1,"capacity":256,"snapshotCapacity":2,"snapshotBankCapacity":1,"residentSnapshots":0,"snapshotSlotHighWater":0,"allocatedBytes":748480,"uploadedBytes":80,"snapshotUploadedBytes":0}]})
PASS  heavy-kit: sword-grip/neutral/right three-quarter: newly rendered frozen crop is byte-stable
FAIL  heavy-kit: snapshot shared/soldiers/heavy-kit/sword-grip  (66980 px differ (4.0881%) — see shots/diff/shared/soldiers/heavy-kit/sword-grip.png)
PASS  heavy-kit: shield-grip/neutral/front: production weighted pose submitted  ({"sampled":{"clip":"bend","phase":0,"duration":2},"lod":{"skinned":1,"impostors":0},"palettes":[{"bones":26,"visible":1,"capacity":256,"snapshotCapacity":2,"snapshotBankCapacity":1,"residentSnapshots":0,"snapshotSlotHighWater":0,"allocatedBytes":748480,"uploadedBytes":80,"snapshotUploadedBytes":0}]})
PASS  heavy-kit: shield-grip/neutral/front: newly rendered frozen crop is byte-stable
PASS  heavy-kit: shield-grip/neutral/left side: production weighted pose submitted  ({"sampled":{"clip":"bend","phase":0,"duration":2},"lod":{"skinned":1,"impostors":0},"palettes":[{"bones":26,"visible":1,"capacity":256,"snapshotCapacity":2,"snapshotBankCapacity":1,"residentSnapshots":0,"snapshotSlotHighWater":0,"allocatedBytes":748480,"uploadedBytes":80,"snapshotUploadedBytes":0}]})
PASS  heavy-kit: shield-grip/neutral/left side: newly rendered frozen crop is byte-stable
PASS  heavy-kit: shield-grip/neutral/rear: production weighted pose submitted  ({"sampled":{"clip":"bend","phase":0,"duration":2},"lod":{"skinned":1,"impostors":0},"palettes":[{"bones":26,"visible":1,"capacity":256,"snapshotCapacity":2,"snapshotBankCapacity":1,"residentSnapshots":0,"snapshotSlotHighWater":0,"allocatedBytes":748480,"uploadedBytes":80,"snapshotUploadedBytes":0}]})
PASS  heavy-kit: shield-grip/neutral/rear: newly rendered frozen crop is byte-stable
PASS  heavy-kit: shield-grip/neutral/left three-quarter: production weighted pose submitted  ({"sampled":{"clip":"bend","phase":0,"duration":2},"lod":{"skinned":1,"impostors":0},"palettes":[{"bones":26,"visible":1,"capacity":256,"snapshotCapacity":2,"snapshotBankCapacity":1,"residentSnapshots":0,"snapshotSlotHighWater":0,"allocatedBytes":748480,"uploadedBytes":80,"snapshotUploadedBytes":0}]})
PASS  heavy-kit: shield-grip/neutral/left three-quarter: newly rendered frozen crop is byte-stable
FAIL  heavy-kit: snapshot shared/soldiers/heavy-kit/shield-grip  (44409 px differ (2.7105%) — see shots/diff/shared/soldiers/heavy-kit/shield-grip.png)
PASS  runner: no page errors

2 FAILURE(S)
