PASS  battle-benchmark-complete: entire live window completed
PASS  battle-benchmark-complete: timing starts at the canonical tick
PASS  battle-benchmark-complete: canonical contact state
PASS  battle-benchmark-complete: report declares a renderer-only held simulation
PASS  battle-benchmark-complete: simulation stayed exactly at the held state
PASS  battle-benchmark-complete: all camera phases recorded
PASS  battle-benchmark-complete: camera reached near wide and horizon views
PASS  battle-benchmark-complete: every recorded callback submitted a new primary frame
PASS  battle-benchmark-complete: recorded interval total agrees with run clock
PASS  battle-benchmark-complete: result actions remain inside the initial viewport
PASS  battle-benchmark-complete: export retains the full raw recording
PASS  runner: no page errors

ALL CHECKS PASSED
scenarioReport=throwaway/held-fixed/round-2/12000-three/scenario-report.json
held-12000-three-round-2: complete (renderer-only); functional=true quiet-rankable=false; archived in /Users/david/dev/game-battle-performance-spec/throwaway/held-fixed/round-2/12000-three
  pre observation at 2026-09-19T13:01:50.883Z: shared system process(es) /System/Library/PrivateFrameworks/SkyLight.framework/Resources/WindowServer 35.5% cannot be split between this trial and anything else
  periodic observation at 2026-09-19T13:02:50.916Z: shared system process(es) /System/Library/PrivateFrameworks/SkyLight.framework/Resources/WindowServer 31.4% cannot be split between this trial and anything else
  periodic observation at 2026-09-19T13:03:50.877Z: shared system process(es) /System/Library/PrivateFrameworks/SkyLight.framework/Resources/WindowServer 31.2% cannot be split between this trial and anything else
  7 further unattributable observation(s)
  pre observation at 2026-09-19T13:01:50.883Z was not quiet (busiest other process 96.4%, load 4.0751953125)
  periodic observation at 2026-09-19T13:02:50.916Z was not quiet (busiest other process 10%, load 4.62255859375)
  periodic observation at 2026-09-19T13:05:50.949Z was not quiet (busiest other process 17.9%, load 4.51806640625)
  1 further busy observation(s)
