$ vitest run

 RUN  v4.1.9 /Users/david/dev/game-map-landscape-quality/web

{"bodies":3,"distinctPosedMeshes":5,"snapshotSlots":6,"controllerSnapshotBytes":5280}
{"bodies":9,"distinctPosedMeshes":5,"snapshotSlots":18,"controllerSnapshotBytes":15840}
10:57:40 AM [vite] (ssr) warning: invalid import "/@fs${root}apps/renderer-lab/src/battleModelReplay.ts". Variable absolute imports are not supported, imports must start with ./ in the static part of the import. For example: import(`./foo/${bar}.js`).
  Plugin: vite:dynamic-import-vars
  File: /Users/david/dev/game-map-landscape-quality/web/scenes/models/_temporal-replay.mjs
10:57:40 AM [vite] (ssr) warning: invalid import "/@fs${root}web/scenes/models/_posed-bundle.ts". Variable absolute imports are not supported, imports must start with ./ in the static part of the import. For example: import(`./foo/${bar}.js`).
  Plugin: vite:dynamic-import-vars
  File: /Users/david/dev/game-map-landscape-quality/web/scenes/models/_temporal-replay.mjs
10:57:40 AM [vite] (ssr) warning: invalid import "/@fs${root}packages/crowd-runtime/src/actionTimeline.ts". Variable absolute imports are not supported, imports must start with ./ in the static part of the import. For example: import(`./foo/${bar}.js`).
  Plugin: vite:dynamic-import-vars
  File: /Users/david/dev/game-map-landscape-quality/web/scenes/models/_temporal-replay.mjs
10:57:40 AM [vite] (ssr) warning: invalid import "/@fs${root}packages/crowd-runtime/src/instanceData.ts". Variable absolute imports are not supported, imports must start with ./ in the static part of the import. For example: import(`./foo/${bar}.js`).
  Plugin: vite:dynamic-import-vars
  File: /Users/david/dev/game-map-landscape-quality/web/scenes/models/_temporal-replay.mjs
10:57:40 AM [vite] (ssr) warning: invalid import "/@fs${root}packages/soldier-assets/src/localPose.ts". Variable absolute imports are not supported, imports must start with ./ in the static part of the import. For example: import(`./foo/${bar}.js`).
  Plugin: vite:dynamic-import-vars
  File: /Users/david/dev/game-map-landscape-quality/web/scenes/models/_temporal-replay.mjs
10:57:40 AM [vite] (ssr) warning: invalid import "/@fs${root}web/scenes/models/_mounted-temporal-fixture.ts". Variable absolute imports are not supported, imports must start with ./ in the static part of the import. For example: import(`./foo/${bar}.js`).
  Plugin: vite:dynamic-import-vars
  File: /Users/david/dev/game-map-landscape-quality/web/scenes/models/_temporal-replay.mjs

 Test Files  91 passed (91)
      Tests  500 passed (500)
   Start at  10:57:37
   Duration  28.10s (transform 8.94s, setup 11.60s, import 14.05s, tests 37.79s, environment 13.47s)

