PASS  battle-benchmark-complete: entire live window completed
PASS  battle-benchmark-complete: timing starts at the canonical tick
PASS  battle-benchmark-complete: canonical contact state
PASS  battle-benchmark-complete: report declares a renderer-only held simulation
PASS  battle-benchmark-complete: simulation stayed exactly at the held state
PASS  battle-benchmark-complete: all camera phases recorded
PASS  battle-benchmark-complete: camera reached near wide and horizon views
PASS  battle-benchmark-complete: every recorded callback submitted a new primary frame
PASS  battle-benchmark-complete: recorded interval total agrees with run clock
PASS  battle-benchmark-complete: result actions remain inside the initial viewport
PASS  battle-benchmark-complete: export retains the full raw recording
PASS  runner: no page errors

ALL CHECKS PASSED
scenarioReport=throwaway/held-fixed/round-1/12000-vgpu/scenario-report.json
held-12000-vgpu-round-1: complete (renderer-only); functional=true quiet-rankable=false; archived in /Users/david/dev/game-battle-performance-spec/throwaway/held-fixed/round-1/12000-vgpu
  periodic observation at 2026-09-19T11:58:00.480Z: shared system process(es) /System/Library/PrivateFrameworks/SkyLight.framework/Resources/WindowServer 30.9% cannot be split between this trial and anything else
  periodic observation at 2026-09-19T11:59:00.518Z: shared system process(es) /System/Library/PrivateFrameworks/SkyLight.framework/Resources/WindowServer 30.6% cannot be split between this trial and anything else
  periodic observation at 2026-09-19T12:00:00.580Z: shared system process(es) /System/Library/PrivateFrameworks/SkyLight.framework/Resources/WindowServer 26.7% cannot be split between this trial and anything else
  3 further unattributable observation(s)
  pre observation at 2026-09-19T11:54:00.351Z was not quiet (busiest other process 97.7%, load 1.7275390625)
  periodic observation at 2026-09-19T11:55:00.382Z was not quiet (busiest other process 55.5%, load 3.40380859375)
