BlenderMCP: cannot start server in background mode (blender -b) - commands would never execute
BlenderMCP: run Blender with a GUI, or use a virtual display: xvfb-run -a blender
BlenderMCP addon registered
{"digit": "grip-finger-0.R", "external_centerline_mm_from_knuckle": 92.1891602474954, "section_lengths_mm": [10.770287188357617, 13.038412597790837, 12.041595534852393, 15.231533414286426, 13.453654582028724, 12.097901237029449, 9.867128440569235, 5.6886472525807035]}
{"digit": "grip-finger-1.R", "external_centerline_mm_from_knuckle": 97.06646795321055, "section_lengths_mm": [8.062230685083033, 13.038412597790837, 12.041595534852393, 15.231533414286426, 13.453654582028724, 12.084625054638346, 17.494014917001646, 5.6604011675291375]}
{"digit": "grip-finger-2.R", "external_centerline_mm_from_knuckle": 94.77704634020901, "section_lengths_mm": [9.84886029999781, 13.038412597790837, 12.041595534852393, 15.231533414286426, 13.453654582028724, 12.084689627959053, 13.417929082052519, 5.660371201241262]}
{"digit": "grip-finger-3.R", "external_centerline_mm_from_knuckle": 75.17722135592999, "section_lengths_mm": [3.999984306136093, 13.038412597790837, 12.041595534852393, 15.231533414286426, 13.453654582028724, 5.861724255900808, 5.861715877350939, 5.688600787583761]}
{"digit": "grip-finger-0.R", "external_centerline_mm_from_knuckle": 92.1891602474954, "section_lengths_mm": [10.770287188357617, 13.038412597790837, 12.041595534852393, 15.231533414286426, 13.453654582028724, 12.097901237029449, 9.867128440569235, 5.6886472525807035]}
{"digit": "grip-finger-1.R", "external_centerline_mm_from_knuckle": 97.06646795321055, "section_lengths_mm": [8.062230685083033, 13.038412597790837, 12.041595534852393, 15.231533414286426, 13.453654582028724, 12.084625054638346, 17.494014917001646, 5.6604011675291375]}
{"digit": "grip-finger-2.R", "external_centerline_mm_from_knuckle": 94.77704634020901, "section_lengths_mm": [9.84886029999781, 13.038412597790837, 12.041595534852393, 15.231533414286426, 13.453654582028724, 12.084689627959053, 13.417929082052519, 5.660371201241262]}
{"digit": "grip-finger-3.R", "external_centerline_mm_from_knuckle": 75.17722135592999, "section_lengths_mm": [3.999984306136093, 13.038412597790837, 12.041595534852393, 15.231533414286426, 13.453654582028724, 5.861724255900808, 5.861715877350939, 5.688600787583761]}
{'grip_surface_vertices': 6233, 'rigid_tracking_max_metres': {'bend': 3.6863436927953305e-07, 'pronation': 3.8886035533845093e-07, 'bend-pronation': 3.6378370570342845e-07}}
{"original_vertices": 16494, "new_vertices": 24665, "retained_original_vertices": 10822, "all_retained_weights_identical": true}
INFO Draco is available, use library at /Applications/Blender.app/Contents/Resources/5.2/scripts/addons_core/io_scene_gltf2/libbf_intern_draco_bridge.dylib
INFO MeshOptimizer is available, use library at /Applications/Blender.app/Contents/Resources/5.2/scripts/addons_core/io_scene_gltf2/libbf_intern_meshopt_bridge.dylib
14:18:00 | INFO: Starting glTF 2.0 export
14:18:00 | INFO: Extracting primitive: thorax-pelvis.001
14:18:00 | INFO: Primitives created: 1
14:18:01 | INFO: Finished glTF 2.0 export in 0.21466493606567383 s

BlenderMCP server stopped
BlenderMCP addon unregistered
Blender 5.2.1 LTS (hash 9e2066aef7ef built 2026-08-25 01:35:57)

Blender quit
