$ vite build
vite v8.0.16 building client environment for production...
[2Ktransforming...✓ 588 modules transformed.
rendering chunks...
computing gzip size...
dist/assets/ai-worker-DGuzNUX1.js               16.11 kB
dist/assets/battleSimWorker-CXH4dHfg.js         29.05 kB
dist/index.html                                 33.82 kB │ gzip:   7.34 kB
dist/assets/mounted-DFvJolqR.glb                49.21 kB
dist/assets/human-w4nskSxz.glb                  52.72 kB
dist/assets/human.landmarks-BnKL1m5c.json       57.49 kB │ gzip:   6.09 kB
dist/assets/mounted.landmarks-C4CyA-0j.json     97.95 kB │ gzip:   8.31 kB
dist/assets/game_wasm_bg-CiMyadEU.wasm       1,087.00 kB │ gzip: 416.39 kB
dist/assets/views-DLjJWCZr.css                   6.14 kB │ gzip:   1.92 kB
dist/assets/index-qY65BwGB.css                  10.43 kB │ gzip:   2.73 kB
dist/assets/game_wasm-C2f5pVHE.js                0.17 kB │ gzip:   0.14 kB
dist/assets/game_wasm-iL_-gdad.js               16.27 kB │ gzip:   3.66 kB
dist/assets/index-BpqE7Io7.js                  230.84 kB │ gzip:  79.19 kB
dist/assets/router-DNA8cIbL.js               1,053.39 kB │ gzip: 298.27 kB
dist/assets/views-B13VeCG_.js                1,106.82 kB │ gzip: 342.28 kB

[33m[PLUGIN_TIMINGS] [0mYour build spent significant time in plugins. Here is a breakdown:
  - vite:worker-import-meta-url (26%)
  - unplugin-typegpu (24%)
  - vite:prepare-out-dir (21%)
  - @tailwindcss/vite:generate:build (16%)
See https://rolldown.rs/options/checks#plugintimings for more details.

[plugin builtin:vite-reporter] 
(!) Some chunks are larger than 500 kB after minification. Consider:
- Using dynamic import() to code-split the application
- Use build.rolldownOptions.output.codeSplitting to improve chunking: https://rolldown.rs/reference/OutputOptions.codeSplitting
- Adjust chunk size limit for this warning via build.chunkSizeWarningLimit.
✓ built in 4.16s
