$ VERIFY_GPU=1 VERIFY_GPU_ADAPTER=hardware VERIFY_BROWSER_CHANNEL=chrome node scene.mjs battle-perf-30k
(node:78537) [MODULE_TYPELESS_PACKAGE_JSON] Warning: Module type of file:///Users/david/dev/game-battle-model-quality/packages/soldier-assets/src/soldierMesh.ts is not specified and it doesn't parse as CommonJS.
Reparsing as ES module because module syntax was detected. This incurs a performance overhead.
To eliminate this warning, add "type": "module" to /Users/david/dev/game-battle-model-quality/package.json.
(Use `node --trace-warnings ...` to show where the warning was created)
PASS  battle-perf-30k: sim is paused for the renderer measurement (rAF frames stay live draws)  ({"tickBefore":56,"tickAfter":56})
battle-perf-30k frame-time table:
[
  {
    "stop": "mid",
    "zoom": 3,
    "soldiers": 30560,
    "scenery": 585,
    "grassRecords": 992334,
    "grassTriangles": 0,
    "grassTierRecords": {
      "near": 0,
      "mid": 0,
      "far": 0
    },
    "grassTierDroppedByThinning": {
      "near": 0,
      "mid": 0,
      "far": 0
    },
    "grassThinnedRecords": 0,
    "grassSampleAccepted": 992334,
    "grassSampleCapacity": 1000000,
    "grassSampleLodCounts": [
      32,
      525,
      991777
    ],
    "grassSampleBudgetQuotas": [
      480000,
      370000,
      150000
    ],
    "grassSampleDroppedByBudget": [
      0,
      0,
      0
    ],
    "grassSampleStratifiedBudget": false,
    "grassActiveRecordBudget": 1000000,
    "grassAreaBudgetScale": 1,
    "grassVistaRecordBudget": 160000,
    "gpuMedianMs": 13,
    "gpuP95Ms": 20.47,
    "gpuSamples": 150,
    "rafMedianMs": 16.52,
    "rafP95Ms": 18.72,
    "device": "apple / metal-3"
  },
  {
    "stop": "vista",
    "zoom": 9.5,
    "soldiers": 30560,
    "scenery": 585,
    "grassRecords": 1663751,
    "grassTriangles": 9823432,
    "grassTierRecords": {
      "near": 4886,
      "mid": 36543,
      "far": 789107
    },
    "grassTierDroppedByThinning": {
      "near": 0,
      "mid": 0,
      "far": 563191
    },
    "grassThinnedRecords": 563191,
    "grassSampleAccepted": 671417,
    "grassSampleCapacity": 1000000,
    "grassSampleLodCounts": [
      217,
      3278,
      667922
    ],
    "grassSampleBudgetQuotas": [
      480000,
      370000,
      150000
    ],
    "grassSampleDroppedByBudget": [
      0,
      0,
      0
    ],
    "grassSampleStratifiedBudget": false,
    "grassActiveRecordBudget": 2000000,
    "grassAreaBudgetScale": 1,
    "grassVistaRecordBudget": 160000,
    "gpuMedianMs": 11.27,
    "gpuP95Ms": 12.2,
    "gpuSamples": 150,
    "rafMedianMs": 16.78,
    "rafP95Ms": 18.89,
    "device": "apple / metal-3"
  }
]
battle-perf-30k pan table:
{
  "distanceM": 200,
  "durationMs": 3000,
  "rafMedianMs": 16.65,
  "rafP95Ms": 18.51,
  "gpuMedianMs": 9.73,
  "gpuP95Ms": 16.42,
  "gpuSamples": 180,
  "rebuildsBefore": 1,
  "rebuildsAfter": 1,
  "lastSampleMs": 639.755,
  "recordCount": 992334,
  "pending": false
}
battle-perf-30k wheel-burst table:
{
  "events": 30,
  "durationMs": 1000,
  "sent": 30,
  "startZoom": 3,
  "finalZoom": 3.17,
  "settledZoom": 3.17,
  "minZoom": 0.4,
  "maxZoom": 60,
  "rafMedianMs": 16.58,
  "rafP95Ms": 19.03,
  "rebuildsBefore": 2,
  "rebuildsAfter": 2,
  "pending": false,
  "lastSampleMs": 503.955,
  "lastSlices": 28,
  "lastMaxSliceMs": 6.285
}
battle-perf-30k close-zoom-fill table:
[
  {
    "zoom": 24,
    "settledZoom": 22.86,
    "grassEnabled": true,
    "recordCount": 1663751,
    "activeBudget": 2000000,
    "areaScale": 1,
    "pending": false,
    "rafMedianMs": 16.72,
    "rafP95Ms": 18.85
  },
  {
    "zoom": 28,
    "settledZoom": 22.86,
    "grassEnabled": true,
    "recordCount": 1663751,
    "activeBudget": 2000000,
    "areaScale": 1,
    "pending": false,
    "rafMedianMs": 16.89,
    "rafP95Ms": 18.94
  }
]
PASS  battle-perf-30k: gate holds >= 30000 soldiers on the production battle renderer  ({"spawned":{"before":15560,"added":15000},"mid":30560,"vista":30560})
PASS  battle-perf-30k: gate holds the dense foliage fill on the static whole-map blade field  ({"table":[{"stop":"mid","scenery":585,"grassRecords":992334,"grassTriangles":0,"activeBudget":1000000,"areaScale":1},{"stop":"vista","scenery":585,"grassRecords":1663751,"grassTriangles":9823432,"activeBudget":2000000,"areaScale":1}]})
PASS  battle-perf-30k: static grass is sampled uniformly to the record cap (no stratified/area budget)  ([{"stop":"mid","accepted":992334,"capacity":1000000,"stratified":false},{"stop":"vista","accepted":671417,"capacity":1000000,"stratified":false}])
PASS  battle-perf-30k: close zoom fill keeps the close-gate-density grass budget active  ([{"zoom":24,"settledZoom":22.86,"grassEnabled":true,"recordCount":1663751,"activeBudget":2000000,"areaScale":1,"pending":false,"rafMedianMs":16.72,"rafP95Ms":18.85},{"zoom":28,"settledZoom":22.86,"grassEnabled":true,"recordCount":1663751,"activeBudget":2000000,"areaScale":1,"pending":false,"rafMedianMs":16.89,"rafP95Ms":18.94}])
PASS  battle-perf-30k: frames show the crowd and terrain at both stops (load is on screen)  ({"mid":{"crowd":155699,"terrain":1018407,"total":1024000},"vista":{"crowd":249362,"terrain":646460,"total":1024000}})
battle-perf-30k mid evidence shot: /Users/david/dev/game-battle-model-quality/web/reports/rendering/scenario-runs/battle-perf-30k-mid-hardware.png
battle-perf-30k vista evidence shot: /Users/david/dev/game-battle-model-quality/web/reports/rendering/scenario-runs/battle-perf-30k-vista-hardware.png
PASS  battle-perf-30k: hardware run measured a real (non-software) adapter with live GPU timestamps  ({"device":"apple / metal-3","gpuSamples":[150,150]})
PASS  battle-perf-30k: median GPU frame time within the 33 ms budget at both zoom stops  ([{"stop":"mid","zoom":3,"soldiers":30560,"scenery":585,"grassRecords":992334,"grassTriangles":0,"grassTierRecords":{"near":0,"mid":0,"far":0},"grassTierDroppedByThinning":{"near":0,"mid":0,"far":0},"grassThinnedRecords":0,"grassSampleAccepted":992334,"grassSampleCapacity":1000000,"grassSampleLodCounts":[32,525,991777],"grassSampleBudgetQuotas":[480000,370000,150000],"grassSampleDroppedByBudget":[0,0,0],"grassSampleStratifiedBudget":false,"grassActiveRecordBudget":1000000,"grassAreaBudgetScale":1,"grassVistaRecordBudget":160000,"gpuMedianMs":13,"gpuP95Ms":20.47,"gpuSamples":150,"rafMedianMs":16.52,"rafP95Ms":18.72,"device":"apple / metal-3"},{"stop":"vista","zoom":9.5,"soldiers":30560,"scenery":585,"grassRecords":1663751,"grassTriangles":9823432,"grassTierRecords":{"near":4886,"mid":36543,"far":789107},"grassTierDroppedByThinning":{"near":0,"mid":0,"far":563191},"grassThinnedRecords":563191,"grassSampleAccepted":671417,"grassSampleCapacity":1000000,"grassSampleLodCounts":[217,3278,667922],"grassSampleBudgetQuotas":[480000,370000,150000],"grassSampleDroppedByBudget":[0,0,0],"grassSampleStratifiedBudget":false,"grassActiveRecordBudget":2000000,"grassAreaBudgetScale":1,"grassVistaRecordBudget":160000,"gpuMedianMs":11.27,"gpuP95Ms":12.2,"gpuSamples":150,"rafMedianMs":16.78,"rafP95Ms":18.89,"device":"apple / metal-3"}])
PASS  battle-perf-30k: continuous 200m camera pan keeps rAF p95 within the 33 ms budget  ({"distanceM":200,"durationMs":3000,"rafMedianMs":16.65,"rafP95Ms":18.51,"gpuMedianMs":9.73,"gpuP95Ms":16.42,"gpuSamples":180,"rebuildsBefore":1,"rebuildsAfter":1,"lastSampleMs":639.755,"recordCount":992334,"pending":false})
PASS  battle-perf-30k: continuous zoom sweep keeps rAF p95 within the 33 ms budget  ({"durationMs":3000,"rafMedianMs":16.76,"rafP95Ms":21.06})
PASS  battle-perf-30k: wheel burst keeps rAF p95 within the 33 ms budget  ({"events":30,"durationMs":1000,"sent":30,"startZoom":3,"finalZoom":3.17,"settledZoom":3.17,"minZoom":0.4,"maxZoom":60,"rafMedianMs":16.58,"rafP95Ms":19.03,"rebuildsBefore":2,"rebuildsAfter":2,"pending":false,"lastSampleMs":503.955,"lastSlices":28,"lastMaxSliceMs":6.285})
PASS  battle-perf-30k: close zoom 24/28 grass-on fill keeps rAF p95 within the 33 ms budget  ([{"zoom":24,"settledZoom":22.86,"grassEnabled":true,"recordCount":1663751,"activeBudget":2000000,"areaScale":1,"pending":false,"rafMedianMs":16.72,"rafP95Ms":18.85},{"zoom":28,"settledZoom":22.86,"grassEnabled":true,"recordCount":1663751,"activeBudget":2000000,"areaScale":1,"pending":false,"rafMedianMs":16.89,"rafP95Ms":18.94}])
PASS  battle-perf-30k: wheel burst final zoom stays between min and max clamps  ({"events":30,"durationMs":1000,"sent":30,"startZoom":3,"finalZoom":3.17,"settledZoom":3.17,"minZoom":0.4,"maxZoom":60,"rafMedianMs":16.58,"rafP95Ms":19.03,"rebuildsBefore":2,"rebuildsAfter":2,"pending":false,"lastSampleMs":503.955,"lastSlices":28,"lastMaxSliceMs":6.285})
PASS  runner: no page errors

ALL CHECKS PASSED
scenarioReport=throwaway/04b-30k.json
