PASS  battle-benchmark-complete: entire live window completed
PASS  battle-benchmark-complete: timing starts at the canonical tick
PASS  battle-benchmark-complete: canonical contact state
PASS  battle-benchmark-complete: report declares a renderer-only held simulation
PASS  battle-benchmark-complete: simulation stayed exactly at the held state
PASS  battle-benchmark-complete: all camera phases recorded
PASS  battle-benchmark-complete: camera reached near wide and horizon views
PASS  battle-benchmark-complete: every recorded callback submitted a new primary frame
PASS  battle-benchmark-complete: recorded interval total agrees with run clock
PASS  battle-benchmark-complete: result actions remain inside the initial viewport
PASS  battle-benchmark-complete: export retains the full raw recording
PASS  runner: no page errors

ALL CHECKS PASSED
scenarioReport=throwaway/held-fixed/confirmation/disabled-9000-typegpu/scenario-report.json
held-disabled-9000-typegpu-confirmation: complete (renderer-only); functional=true quiet-rankable=false; archived in /Users/david/dev/game-battle-performance-spec/throwaway/held-fixed/confirmation/disabled-9000-typegpu
  periodic observation at 2026-09-19T19:11:07.476Z: shared system process(es) /System/Library/PrivateFrameworks/SkyLight.framework/Resources/WindowServer 32.4% cannot be split between this trial and anything else
  periodic observation at 2026-09-19T19:12:07.549Z: shared system process(es) /System/Library/PrivateFrameworks/SkyLight.framework/Resources/WindowServer 34.4% cannot be split between this trial and anything else
  periodic observation at 2026-09-19T19:13:07.583Z: shared system process(es) /System/Library/PrivateFrameworks/SkyLight.framework/Resources/WindowServer 42% cannot be split between this trial and anything else
  4 further unattributable observation(s)
  pre observation at 2026-09-19T19:10:07.449Z was not quiet (busiest other process 99%, load 4.580078125)
  periodic observation at 2026-09-19T19:11:07.476Z was not quiet (busiest other process 46.4%, load 5.31884765625)
  periodic observation at 2026-09-19T19:12:07.549Z was not quiet (busiest other process 44.2%, load 4.21142578125)
  4 further busy observation(s)
