vite v8.0.16 building client environment for production...
[2Ktransforming...[33m[PLUGIN_TIMINGS] [0mYour build spent significant time in plugin `vite:asset-import-meta-url`. See https://rolldown.rs/options/checks#plugintimings for more details.

[33m[PLUGIN_TIMINGS] [0mYour build spent significant time in plugin `vite:asset`. See https://rolldown.rs/options/checks#plugintimings for more details.

✓ 746 modules transformed.

(!) outDir /Users/david/dev/game-battle-performance-spec/throwaway/whole-map-root-review/raw is not inside project root and will not be emptied.
Use --emptyOutDir to override.

rendering chunks...
computing gzip size...
throwaway/whole-map-root-review/raw/assets/ai-worker-BpilnipM.js               16.11 kB
throwaway/whole-map-root-review/raw/assets/battleSimWorker-qWNR-QHs.js         29.05 kB
throwaway/whole-map-root-review/raw/index.html                                 34.32 kB │ gzip:   7.46 kB
throwaway/whole-map-root-review/raw/assets/mounted-DFvJolqR.glb                49.21 kB
throwaway/whole-map-root-review/raw/assets/human-w4nskSxz.glb                  52.72 kB
throwaway/whole-map-root-review/raw/assets/human.landmarks-BnKL1m5c.json       57.49 kB │ gzip:   6.09 kB
throwaway/whole-map-root-review/raw/assets/mounted.landmarks-C4CyA-0j.json     97.95 kB │ gzip:   8.31 kB
throwaway/whole-map-root-review/raw/assets/game_wasm_bg-D6GAYszC.wasm       1,086.62 kB │ gzip: 416.13 kB
throwaway/whole-map-root-review/raw/assets/views-DLjJWCZr.css                   6.14 kB │ gzip:   1.92 kB
throwaway/whole-map-root-review/raw/assets/index-qY65BwGB.css                  10.43 kB │ gzip:   2.73 kB
throwaway/whole-map-root-review/raw/assets/dist-CmQM45Fe.js                     0.08 kB │ gzip:   0.09 kB
throwaway/whole-map-root-review/raw/assets/depthContract-CJqOZnoO.js            0.12 kB │ gzip:   0.12 kB
throwaway/whole-map-root-review/raw/assets/game_wasm-D2Zw-ut6.js                0.17 kB │ gzip:   0.15 kB
throwaway/whole-map-root-review/raw/assets/sceneLifecycle-D9iqOP8u.js           0.50 kB │ gzip:   0.30 kB
throwaway/whole-map-root-review/raw/assets/chunk-QTnfLwEv.js                    0.69 kB │ gzip:   0.42 kB
throwaway/whole-map-root-review/raw/assets/grassPasses-3YOocXpd.js              2.45 kB │ gzip:   1.06 kB
throwaway/whole-map-root-review/raw/assets/readoutPreparation-B8q1vq7M.js       3.41 kB │ gzip:   1.61 kB
throwaway/whole-map-root-review/raw/assets/gpuAdmission-CYYpTRo0.js             7.62 kB │ gzip:   2.91 kB
throwaway/whole-map-root-review/raw/assets/rawPosePalette-Dm-FRhNi.js          11.26 kB │ gzip:   4.22 kB
throwaway/whole-map-root-review/raw/assets/game_wasm-CNn7ZWK-.js               16.27 kB │ gzip:   3.67 kB
throwaway/whole-map-root-review/raw/assets/cameraBridge-D7wfJSqh.js            32.05 kB │ gzip:  13.00 kB
throwaway/whole-map-root-review/raw/assets/battleScene-C3LX0fB9.js             53.30 kB │ gzip:  17.06 kB
throwaway/whole-map-root-review/raw/assets/battleScene-C0d53uW6.js             59.81 kB │ gzip:  16.18 kB
throwaway/whole-map-root-review/raw/assets/sceneCamera-DvSmJg5a.js             75.66 kB │ gzip:  26.62 kB
throwaway/whole-map-root-review/raw/assets/posePaletteWgsl-Bxi5xNgQ.js        125.94 kB │ gzip:  43.63 kB
throwaway/whole-map-root-review/raw/assets/dist-BEoBhBj4.js                   168.02 kB │ gzip:  52.88 kB
throwaway/whole-map-root-review/raw/assets/index-wCpaukKB.js                  218.01 kB │ gzip:  75.16 kB
throwaway/whole-map-root-review/raw/assets/battleScene-GCD5rjAz.js            390.66 kB │ gzip: 103.78 kB
throwaway/whole-map-root-review/raw/assets/views-hn0NlYWz.js                  451.58 kB │ gzip: 142.97 kB
throwaway/whole-map-root-review/raw/assets/router-D6EyCu1-.js               1,199.64 kB │ gzip: 344.55 kB

[33m[PLUGIN_TIMINGS] [0mYour build spent significant time in plugins. Here is a breakdown:
  - native-live-renderer (82%)
  - battle-whole-map-shadow-control (16%)
See https://rolldown.rs/options/checks#plugintimings for more details.

[plugin builtin:vite-reporter] 
(!) Some chunks are larger than 500 kB after minification. Consider:
- Using dynamic import() to code-split the application
- Use build.rolldownOptions.output.codeSplitting to improve chunking: https://rolldown.rs/reference/OutputOptions.codeSplitting
- Adjust chunk size limit for this warning via build.chunkSizeWarningLimit.
✓ built in 3.66s
