vite v8.0.16 building client environment for production...
[2Ktransforming...[33m[PLUGIN_TIMINGS] [0mYour build spent significant time in plugin `vite:asset-import-meta-url`. See https://rolldown.rs/options/checks#plugintimings for more details.

[33m[PLUGIN_TIMINGS] [0mYour build spent significant time in plugin `vite:asset-import-meta-url`. See https://rolldown.rs/options/checks#plugintimings for more details.

✓ 364 modules transformed.

(!) outDir /Users/david/dev/game-battle-performance-spec/throwaway/whole-map-root-review/source is not inside project root and will not be emptied.
Use --emptyOutDir to override.

rendering chunks...
computing gzip size...
throwaway/whole-map-root-review/source/assets/ai-worker-BpilnipM.js               16.11 kB
throwaway/whole-map-root-review/source/assets/battleSimWorker-qWNR-QHs.js         29.05 kB
throwaway/whole-map-root-review/source/index.html                                 33.82 kB │ gzip:   7.34 kB
throwaway/whole-map-root-review/source/assets/mounted-DFvJolqR.glb                49.21 kB
throwaway/whole-map-root-review/source/assets/human-w4nskSxz.glb                  52.72 kB
throwaway/whole-map-root-review/source/assets/human.landmarks-BnKL1m5c.json       57.49 kB │ gzip:   6.09 kB
throwaway/whole-map-root-review/source/assets/mounted.landmarks-C4CyA-0j.json     97.95 kB │ gzip:   8.31 kB
throwaway/whole-map-root-review/source/assets/game_wasm_bg-D6GAYszC.wasm       1,086.62 kB │ gzip: 416.13 kB
throwaway/whole-map-root-review/source/assets/views-DLjJWCZr.css                   6.14 kB │ gzip:   1.92 kB
throwaway/whole-map-root-review/source/assets/index-qY65BwGB.css                  10.43 kB │ gzip:   2.73 kB
throwaway/whole-map-root-review/source/assets/game_wasm-D2Zw-ut6.js                0.17 kB │ gzip:   0.15 kB
throwaway/whole-map-root-review/source/assets/game_wasm-CNn7ZWK-.js               16.27 kB │ gzip:   3.67 kB
throwaway/whole-map-root-review/source/assets/router-Cw-au4Px.js                 169.80 kB │ gzip:  56.89 kB
throwaway/whole-map-root-review/source/assets/index-B1ohnt2y.js                  204.70 kB │ gzip:  70.34 kB
throwaway/whole-map-root-review/source/assets/views-DLo-ReS2.js                1,646.34 kB │ gzip: 489.54 kB

[33m[PLUGIN_TIMINGS] [0mYour build spent significant time in plugins. Here is a breakdown:
  - pinned-three-timestamp-range-tap (79%)
  - vite:worker-import-meta-url (8%)
  - @tailwindcss/vite:generate:build (7%)
See https://rolldown.rs/options/checks#plugintimings for more details.

[plugin builtin:vite-reporter] 
(!) Some chunks are larger than 500 kB after minification. Consider:
- Using dynamic import() to code-split the application
- Use build.rolldownOptions.output.codeSplitting to improve chunking: https://rolldown.rs/reference/OutputOptions.codeSplitting
- Adjust chunk size limit for this warning via build.chunkSizeWarningLimit.
✓ built in 3.51s
