(node:10204) [MODULE_TYPELESS_PACKAGE_JSON] Warning: Module type of file:///Users/david/dev/game-heavy-kit-candidate/packages/soldier-assets/src/soldierMesh.ts is not specified and it doesn't parse as CommonJS.
Reparsing as ES module because module syntax was detected. This incurs a performance overhead.
To eliminate this warning, add "type": "module" to /Users/david/dev/game-heavy-kit-candidate/package.json.
(Use `node --trace-warnings ...` to show where the warning was created)
PASS  human-anatomy: human-anatomy candidate is manually inspectable for its declared classes  ({"catalog":"http://127.0.0.1:5177/assets/soldiers/candidates/human-anatomy/catalog.json","assets":[{"id":0,"name":"human-anatomy","presentation":null,"bones":26,"triangles":[20504,20504,20504],"clips":[{"name":"bend","duration":2,"loop":false},{"name":"bend-pronation","duration":2,"loop":false},{"name":"pronation","duration":2,"loop":false}]},{"id":14,"name":"human-anatomy","presentation":null,"bones":26,"triangles":[20504,20504,20504],"clips":[{"name":"bend","duration":2,"loop":false},{"name":"bend-pronation","duration":2,"loop":false},{"name":"pronation","duration":2,"loop":false}]}]})
PASS  human-anatomy: close/neutral/front: production weighted pose submitted  ({"sampled":{"clip":"bend","phase":0,"duration":2},"lod":{"skinned":1,"impostors":0},"palettes":[{"bones":26,"visible":1,"capacity":256,"snapshotCapacity":2,"snapshotBankCapacity":1,"residentSnapshots":0,"snapshotSlotHighWater":0,"allocatedBytes":679528,"uploadedBytes":80,"snapshotUploadedBytes":0}]})
PASS  human-anatomy: close/neutral/front: newly rendered frozen crop is byte-stable
PASS  human-anatomy: close: class 14 selects the same shared candidate pixels
PASS  human-anatomy: close/neutral/side: production weighted pose submitted  ({"sampled":{"clip":"bend","phase":0,"duration":2},"lod":{"skinned":1,"impostors":0},"palettes":[{"bones":26,"visible":1,"capacity":256,"snapshotCapacity":2,"snapshotBankCapacity":1,"residentSnapshots":0,"snapshotSlotHighWater":0,"allocatedBytes":679528,"uploadedBytes":80,"snapshotUploadedBytes":0}]})
PASS  human-anatomy: close/neutral/side: newly rendered frozen crop is byte-stable
PASS  human-anatomy: close/neutral/rear: production weighted pose submitted  ({"sampled":{"clip":"bend","phase":0,"duration":2},"lod":{"skinned":1,"impostors":0},"palettes":[{"bones":26,"visible":1,"capacity":256,"snapshotCapacity":2,"snapshotBankCapacity":1,"residentSnapshots":0,"snapshotSlotHighWater":0,"allocatedBytes":679528,"uploadedBytes":80,"snapshotUploadedBytes":0}]})
PASS  human-anatomy: close/neutral/rear: newly rendered frozen crop is byte-stable
PASS  human-anatomy: close/neutral/three-quarter: production weighted pose submitted  ({"sampled":{"clip":"bend","phase":0,"duration":2},"lod":{"skinned":1,"impostors":0},"palettes":[{"bones":26,"visible":1,"capacity":256,"snapshotCapacity":2,"snapshotBankCapacity":1,"residentSnapshots":0,"snapshotSlotHighWater":0,"allocatedBytes":679528,"uploadedBytes":80,"snapshotUploadedBytes":0}]})
PASS  human-anatomy: close/neutral/three-quarter: newly rendered frozen crop is byte-stable
PASS  human-anatomy: close/deep bend/front: production weighted pose submitted  ({"sampled":{"clip":"bend","phase":0.5,"duration":2},"lod":{"skinned":1,"impostors":0},"palettes":[{"bones":26,"visible":1,"capacity":256,"snapshotCapacity":2,"snapshotBankCapacity":1,"residentSnapshots":0,"snapshotSlotHighWater":0,"allocatedBytes":679528,"uploadedBytes":80,"snapshotUploadedBytes":0}]})
PASS  human-anatomy: close/deep bend/front: newly rendered frozen crop is byte-stable
PASS  human-anatomy: close/deep bend/side: production weighted pose submitted  ({"sampled":{"clip":"bend","phase":0.5,"duration":2},"lod":{"skinned":1,"impostors":0},"palettes":[{"bones":26,"visible":1,"capacity":256,"snapshotCapacity":2,"snapshotBankCapacity":1,"residentSnapshots":0,"snapshotSlotHighWater":0,"allocatedBytes":679528,"uploadedBytes":80,"snapshotUploadedBytes":0}]})
PASS  human-anatomy: close/deep bend/side: newly rendered frozen crop is byte-stable
PASS  human-anatomy: close/deep bend/rear: production weighted pose submitted  ({"sampled":{"clip":"bend","phase":0.5,"duration":2},"lod":{"skinned":1,"impostors":0},"palettes":[{"bones":26,"visible":1,"capacity":256,"snapshotCapacity":2,"snapshotBankCapacity":1,"residentSnapshots":0,"snapshotSlotHighWater":0,"allocatedBytes":679528,"uploadedBytes":80,"snapshotUploadedBytes":0}]})
PASS  human-anatomy: close/deep bend/rear: newly rendered frozen crop is byte-stable
PASS  human-anatomy: close/deep bend/three-quarter: production weighted pose submitted  ({"sampled":{"clip":"bend","phase":0.5,"duration":2},"lod":{"skinned":1,"impostors":0},"palettes":[{"bones":26,"visible":1,"capacity":256,"snapshotCapacity":2,"snapshotBankCapacity":1,"residentSnapshots":0,"snapshotSlotHighWater":0,"allocatedBytes":679528,"uploadedBytes":80,"snapshotUploadedBytes":0}]})
PASS  human-anatomy: close/deep bend/three-quarter: newly rendered frozen crop is byte-stable
FAIL  human-anatomy: snapshot shared/soldiers/anatomy/close  (57289 px differ (1.7483%) — see shots/diff/shared/soldiers/anatomy/close.png)
PASS  human-anatomy: gameplay-pitch/neutral/front: production weighted pose submitted  ({"sampled":{"clip":"bend","phase":0,"duration":2},"lod":{"skinned":1,"impostors":0},"palettes":[{"bones":26,"visible":1,"capacity":256,"snapshotCapacity":2,"snapshotBankCapacity":1,"residentSnapshots":0,"snapshotSlotHighWater":0,"allocatedBytes":679528,"uploadedBytes":80,"snapshotUploadedBytes":0}]})
PASS  human-anatomy: gameplay-pitch/neutral/front: newly rendered frozen crop is byte-stable
PASS  human-anatomy: gameplay-pitch: class 14 selects the same shared candidate pixels
PASS  human-anatomy: gameplay-pitch/neutral/side: production weighted pose submitted  ({"sampled":{"clip":"bend","phase":0,"duration":2},"lod":{"skinned":1,"impostors":0},"palettes":[{"bones":26,"visible":1,"capacity":256,"snapshotCapacity":2,"snapshotBankCapacity":1,"residentSnapshots":0,"snapshotSlotHighWater":0,"allocatedBytes":679528,"uploadedBytes":80,"snapshotUploadedBytes":0}]})
PASS  human-anatomy: gameplay-pitch/neutral/side: newly rendered frozen crop is byte-stable
PASS  human-anatomy: gameplay-pitch/neutral/rear: production weighted pose submitted  ({"sampled":{"clip":"bend","phase":0,"duration":2},"lod":{"skinned":1,"impostors":0},"palettes":[{"bones":26,"visible":1,"capacity":256,"snapshotCapacity":2,"snapshotBankCapacity":1,"residentSnapshots":0,"snapshotSlotHighWater":0,"allocatedBytes":679528,"uploadedBytes":80,"snapshotUploadedBytes":0}]})
PASS  human-anatomy: gameplay-pitch/neutral/rear: newly rendered frozen crop is byte-stable
PASS  human-anatomy: gameplay-pitch/neutral/three-quarter: production weighted pose submitted  ({"sampled":{"clip":"bend","phase":0,"duration":2},"lod":{"skinned":1,"impostors":0},"palettes":[{"bones":26,"visible":1,"capacity":256,"snapshotCapacity":2,"snapshotBankCapacity":1,"residentSnapshots":0,"snapshotSlotHighWater":0,"allocatedBytes":679528,"uploadedBytes":80,"snapshotUploadedBytes":0}]})
PASS  human-anatomy: gameplay-pitch/neutral/three-quarter: newly rendered frozen crop is byte-stable
PASS  human-anatomy: gameplay-pitch/deep bend/front: production weighted pose submitted  ({"sampled":{"clip":"bend","phase":0.5,"duration":2},"lod":{"skinned":1,"impostors":0},"palettes":[{"bones":26,"visible":1,"capacity":256,"snapshotCapacity":2,"snapshotBankCapacity":1,"residentSnapshots":0,"snapshotSlotHighWater":0,"allocatedBytes":679528,"uploadedBytes":80,"snapshotUploadedBytes":0}]})
PASS  human-anatomy: gameplay-pitch/deep bend/front: newly rendered frozen crop is byte-stable
PASS  human-anatomy: gameplay-pitch/deep bend/side: production weighted pose submitted  ({"sampled":{"clip":"bend","phase":0.5,"duration":2},"lod":{"skinned":1,"impostors":0},"palettes":[{"bones":26,"visible":1,"capacity":256,"snapshotCapacity":2,"snapshotBankCapacity":1,"residentSnapshots":0,"snapshotSlotHighWater":0,"allocatedBytes":679528,"uploadedBytes":80,"snapshotUploadedBytes":0}]})
PASS  human-anatomy: gameplay-pitch/deep bend/side: newly rendered frozen crop is byte-stable
PASS  human-anatomy: gameplay-pitch/deep bend/rear: production weighted pose submitted  ({"sampled":{"clip":"bend","phase":0.5,"duration":2},"lod":{"skinned":1,"impostors":0},"palettes":[{"bones":26,"visible":1,"capacity":256,"snapshotCapacity":2,"snapshotBankCapacity":1,"residentSnapshots":0,"snapshotSlotHighWater":0,"allocatedBytes":679528,"uploadedBytes":80,"snapshotUploadedBytes":0}]})
PASS  human-anatomy: gameplay-pitch/deep bend/rear: newly rendered frozen crop is byte-stable
PASS  human-anatomy: gameplay-pitch/deep bend/three-quarter: production weighted pose submitted  ({"sampled":{"clip":"bend","phase":0.5,"duration":2},"lod":{"skinned":1,"impostors":0},"palettes":[{"bones":26,"visible":1,"capacity":256,"snapshotCapacity":2,"snapshotBankCapacity":1,"residentSnapshots":0,"snapshotSlotHighWater":0,"allocatedBytes":679528,"uploadedBytes":80,"snapshotUploadedBytes":0}]})
PASS  human-anatomy: gameplay-pitch/deep bend/three-quarter: newly rendered frozen crop is byte-stable
FAIL  human-anatomy: snapshot shared/soldiers/anatomy/gameplay-pitch  (26490 px differ (0.8084%) — see shots/diff/shared/soldiers/anatomy/gameplay-pitch.png)
PASS  human-anatomy: head-detail/neutral/front: production weighted pose submitted  ({"sampled":{"clip":"bend","phase":0,"duration":2},"lod":{"skinned":1,"impostors":0},"palettes":[{"bones":26,"visible":1,"capacity":256,"snapshotCapacity":2,"snapshotBankCapacity":1,"residentSnapshots":0,"snapshotSlotHighWater":0,"allocatedBytes":679528,"uploadedBytes":80,"snapshotUploadedBytes":0}]})
PASS  human-anatomy: head-detail/neutral/front: newly rendered frozen crop is byte-stable
PASS  human-anatomy: head-detail: class 14 selects the same shared candidate pixels
PASS  human-anatomy: head-detail/neutral/side: production weighted pose submitted  ({"sampled":{"clip":"bend","phase":0,"duration":2},"lod":{"skinned":1,"impostors":0},"palettes":[{"bones":26,"visible":1,"capacity":256,"snapshotCapacity":2,"snapshotBankCapacity":1,"residentSnapshots":0,"snapshotSlotHighWater":0,"allocatedBytes":679528,"uploadedBytes":80,"snapshotUploadedBytes":0}]})
PASS  human-anatomy: head-detail/neutral/side: newly rendered frozen crop is byte-stable
PASS  human-anatomy: head-detail/neutral/rear: production weighted pose submitted  ({"sampled":{"clip":"bend","phase":0,"duration":2},"lod":{"skinned":1,"impostors":0},"palettes":[{"bones":26,"visible":1,"capacity":256,"snapshotCapacity":2,"snapshotBankCapacity":1,"residentSnapshots":0,"snapshotSlotHighWater":0,"allocatedBytes":679528,"uploadedBytes":80,"snapshotUploadedBytes":0}]})
PASS  human-anatomy: head-detail/neutral/rear: newly rendered frozen crop is byte-stable
PASS  human-anatomy: head-detail/neutral/three-quarter: production weighted pose submitted  ({"sampled":{"clip":"bend","phase":0,"duration":2},"lod":{"skinned":1,"impostors":0},"palettes":[{"bones":26,"visible":1,"capacity":256,"snapshotCapacity":2,"snapshotBankCapacity":1,"residentSnapshots":0,"snapshotSlotHighWater":0,"allocatedBytes":679528,"uploadedBytes":80,"snapshotUploadedBytes":0}]})
PASS  human-anatomy: head-detail/neutral/three-quarter: newly rendered frozen crop is byte-stable
FAIL  human-anatomy: snapshot shared/soldiers/anatomy/head-detail  (135938 px differ (8.2970%) — see shots/diff/shared/soldiers/anatomy/head-detail.png)
PASS  human-anatomy: hand-detail/neutral/front: production weighted pose submitted  ({"sampled":{"clip":"bend","phase":0,"duration":2},"lod":{"skinned":1,"impostors":0},"palettes":[{"bones":26,"visible":1,"capacity":256,"snapshotCapacity":2,"snapshotBankCapacity":1,"residentSnapshots":0,"snapshotSlotHighWater":0,"allocatedBytes":679528,"uploadedBytes":80,"snapshotUploadedBytes":0}]})
PASS  human-anatomy: hand-detail/neutral/front: newly rendered frozen crop is byte-stable
PASS  human-anatomy: hand-detail: class 14 selects the same shared candidate pixels
PASS  human-anatomy: hand-detail/neutral/side: production weighted pose submitted  ({"sampled":{"clip":"bend","phase":0,"duration":2},"lod":{"skinned":1,"impostors":0},"palettes":[{"bones":26,"visible":1,"capacity":256,"snapshotCapacity":2,"snapshotBankCapacity":1,"residentSnapshots":0,"snapshotSlotHighWater":0,"allocatedBytes":679528,"uploadedBytes":80,"snapshotUploadedBytes":0}]})
PASS  human-anatomy: hand-detail/neutral/side: newly rendered frozen crop is byte-stable
PASS  human-anatomy: hand-detail/neutral/rear: production weighted pose submitted  ({"sampled":{"clip":"bend","phase":0,"duration":2},"lod":{"skinned":1,"impostors":0},"palettes":[{"bones":26,"visible":1,"capacity":256,"snapshotCapacity":2,"snapshotBankCapacity":1,"residentSnapshots":0,"snapshotSlotHighWater":0,"allocatedBytes":679528,"uploadedBytes":80,"snapshotUploadedBytes":0}]})
PASS  human-anatomy: hand-detail/neutral/rear: newly rendered frozen crop is byte-stable
PASS  human-anatomy: hand-detail/neutral/three-quarter: production weighted pose submitted  ({"sampled":{"clip":"bend","phase":0,"duration":2},"lod":{"skinned":1,"impostors":0},"palettes":[{"bones":26,"visible":1,"capacity":256,"snapshotCapacity":2,"snapshotBankCapacity":1,"residentSnapshots":0,"snapshotSlotHighWater":0,"allocatedBytes":679528,"uploadedBytes":80,"snapshotUploadedBytes":0}]})
PASS  human-anatomy: hand-detail/neutral/three-quarter: newly rendered frozen crop is byte-stable
FAIL  human-anatomy: snapshot shared/soldiers/anatomy/hand-detail  (134256 px differ (8.1943%) — see shots/diff/shared/soldiers/anatomy/hand-detail.png)
PASS  human-anatomy: pronation-detail/without pronation/front: production weighted pose submitted  ({"sampled":{"clip":"bend","phase":0,"duration":2},"lod":{"skinned":1,"impostors":0},"palettes":[{"bones":26,"visible":1,"capacity":256,"snapshotCapacity":2,"snapshotBankCapacity":1,"residentSnapshots":0,"snapshotSlotHighWater":0,"allocatedBytes":679528,"uploadedBytes":80,"snapshotUploadedBytes":0}]})
PASS  human-anatomy: pronation-detail/without pronation/front: newly rendered frozen crop is byte-stable
PASS  human-anatomy: pronation-detail: class 14 selects the same shared candidate pixels
PASS  human-anatomy: pronation-detail/without pronation/rear: production weighted pose submitted  ({"sampled":{"clip":"bend","phase":0,"duration":2},"lod":{"skinned":1,"impostors":0},"palettes":[{"bones":26,"visible":1,"capacity":256,"snapshotCapacity":2,"snapshotBankCapacity":1,"residentSnapshots":0,"snapshotSlotHighWater":0,"allocatedBytes":679528,"uploadedBytes":80,"snapshotUploadedBytes":0}]})
PASS  human-anatomy: pronation-detail/without pronation/rear: newly rendered frozen crop is byte-stable
PASS  human-anatomy: pronation-detail/without pronation/three-quarter: production weighted pose submitted  ({"sampled":{"clip":"bend","phase":0,"duration":2},"lod":{"skinned":1,"impostors":0},"palettes":[{"bones":26,"visible":1,"capacity":256,"snapshotCapacity":2,"snapshotBankCapacity":1,"residentSnapshots":0,"snapshotSlotHighWater":0,"allocatedBytes":679528,"uploadedBytes":80,"snapshotUploadedBytes":0}]})
PASS  human-anatomy: pronation-detail/without pronation/three-quarter: newly rendered frozen crop is byte-stable
PASS  human-anatomy: pronation-detail/pronation 0/front: production weighted pose submitted  ({"sampled":{"clip":"pronation","phase":0,"duration":2},"lod":{"skinned":1,"impostors":0},"palettes":[{"bones":26,"visible":1,"capacity":256,"snapshotCapacity":2,"snapshotBankCapacity":1,"residentSnapshots":0,"snapshotSlotHighWater":0,"allocatedBytes":679528,"uploadedBytes":80,"snapshotUploadedBytes":0}]})
PASS  human-anatomy: pronation-detail/pronation 0/front: newly rendered frozen crop is byte-stable
PASS  human-anatomy: pronation-detail/pronation 0/rear: production weighted pose submitted  ({"sampled":{"clip":"pronation","phase":0,"duration":2},"lod":{"skinned":1,"impostors":0},"palettes":[{"bones":26,"visible":1,"capacity":256,"snapshotCapacity":2,"snapshotBankCapacity":1,"residentSnapshots":0,"snapshotSlotHighWater":0,"allocatedBytes":679528,"uploadedBytes":80,"snapshotUploadedBytes":0}]})
PASS  human-anatomy: pronation-detail/pronation 0/rear: newly rendered frozen crop is byte-stable
PASS  human-anatomy: pronation-detail/pronation 0/three-quarter: production weighted pose submitted  ({"sampled":{"clip":"pronation","phase":0,"duration":2},"lod":{"skinned":1,"impostors":0},"palettes":[{"bones":26,"visible":1,"capacity":256,"snapshotCapacity":2,"snapshotBankCapacity":1,"residentSnapshots":0,"snapshotSlotHighWater":0,"allocatedBytes":679528,"uploadedBytes":80,"snapshotUploadedBytes":0}]})
PASS  human-anatomy: pronation-detail/pronation 0/three-quarter: newly rendered frozen crop is byte-stable
PASS  human-anatomy: pronation-detail/pronation 0.25/front: production weighted pose submitted  ({"sampled":{"clip":"pronation","phase":0.25,"duration":2},"lod":{"skinned":1,"impostors":0},"palettes":[{"bones":26,"visible":1,"capacity":256,"snapshotCapacity":2,"snapshotBankCapacity":1,"residentSnapshots":0,"snapshotSlotHighWater":0,"allocatedBytes":679528,"uploadedBytes":80,"snapshotUploadedBytes":0}]})
PASS  human-anatomy: pronation-detail/pronation 0.25/front: newly rendered frozen crop is byte-stable
PASS  human-anatomy: pronation-detail/pronation 0.25/rear: production weighted pose submitted  ({"sampled":{"clip":"pronation","phase":0.25,"duration":2},"lod":{"skinned":1,"impostors":0},"palettes":[{"bones":26,"visible":1,"capacity":256,"snapshotCapacity":2,"snapshotBankCapacity":1,"residentSnapshots":0,"snapshotSlotHighWater":0,"allocatedBytes":679528,"uploadedBytes":80,"snapshotUploadedBytes":0}]})
PASS  human-anatomy: pronation-detail/pronation 0.25/rear: newly rendered frozen crop is byte-stable
PASS  human-anatomy: pronation-detail/pronation 0.25/three-quarter: production weighted pose submitted  ({"sampled":{"clip":"pronation","phase":0.25,"duration":2},"lod":{"skinned":1,"impostors":0},"palettes":[{"bones":26,"visible":1,"capacity":256,"snapshotCapacity":2,"snapshotBankCapacity":1,"residentSnapshots":0,"snapshotSlotHighWater":0,"allocatedBytes":679528,"uploadedBytes":80,"snapshotUploadedBytes":0}]})
PASS  human-anatomy: pronation-detail/pronation 0.25/three-quarter: newly rendered frozen crop is byte-stable
PASS  human-anatomy: pronation-detail/pronation 0.5/front: production weighted pose submitted  ({"sampled":{"clip":"pronation","phase":0.5,"duration":2},"lod":{"skinned":1,"impostors":0},"palettes":[{"bones":26,"visible":1,"capacity":256,"snapshotCapacity":2,"snapshotBankCapacity":1,"residentSnapshots":0,"snapshotSlotHighWater":0,"allocatedBytes":679528,"uploadedBytes":80,"snapshotUploadedBytes":0}]})
PASS  human-anatomy: pronation-detail/pronation 0.5/front: newly rendered frozen crop is byte-stable
PASS  human-anatomy: pronation-detail/pronation 0.5/rear: production weighted pose submitted  ({"sampled":{"clip":"pronation","phase":0.5,"duration":2},"lod":{"skinned":1,"impostors":0},"palettes":[{"bones":26,"visible":1,"capacity":256,"snapshotCapacity":2,"snapshotBankCapacity":1,"residentSnapshots":0,"snapshotSlotHighWater":0,"allocatedBytes":679528,"uploadedBytes":80,"snapshotUploadedBytes":0}]})
PASS  human-anatomy: pronation-detail/pronation 0.5/rear: newly rendered frozen crop is byte-stable
PASS  human-anatomy: pronation-detail/pronation 0.5/three-quarter: production weighted pose submitted  ({"sampled":{"clip":"pronation","phase":0.5,"duration":2},"lod":{"skinned":1,"impostors":0},"palettes":[{"bones":26,"visible":1,"capacity":256,"snapshotCapacity":2,"snapshotBankCapacity":1,"residentSnapshots":0,"snapshotSlotHighWater":0,"allocatedBytes":679528,"uploadedBytes":80,"snapshotUploadedBytes":0}]})
PASS  human-anatomy: pronation-detail/pronation 0.5/three-quarter: newly rendered frozen crop is byte-stable
PASS  human-anatomy: pronation-detail/pronation 0.75/front: production weighted pose submitted  ({"sampled":{"clip":"pronation","phase":0.75,"duration":2},"lod":{"skinned":1,"impostors":0},"palettes":[{"bones":26,"visible":1,"capacity":256,"snapshotCapacity":2,"snapshotBankCapacity":1,"residentSnapshots":0,"snapshotSlotHighWater":0,"allocatedBytes":679528,"uploadedBytes":80,"snapshotUploadedBytes":0}]})
PASS  human-anatomy: pronation-detail/pronation 0.75/front: newly rendered frozen crop is byte-stable
PASS  human-anatomy: pronation-detail/pronation 0.75/rear: production weighted pose submitted  ({"sampled":{"clip":"pronation","phase":0.75,"duration":2},"lod":{"skinned":1,"impostors":0},"palettes":[{"bones":26,"visible":1,"capacity":256,"snapshotCapacity":2,"snapshotBankCapacity":1,"residentSnapshots":0,"snapshotSlotHighWater":0,"allocatedBytes":679528,"uploadedBytes":80,"snapshotUploadedBytes":0}]})
PASS  human-anatomy: pronation-detail/pronation 0.75/rear: newly rendered frozen crop is byte-stable
PASS  human-anatomy: pronation-detail/pronation 0.75/three-quarter: production weighted pose submitted  ({"sampled":{"clip":"pronation","phase":0.75,"duration":2},"lod":{"skinned":1,"impostors":0},"palettes":[{"bones":26,"visible":1,"capacity":256,"snapshotCapacity":2,"snapshotBankCapacity":1,"residentSnapshots":0,"snapshotSlotHighWater":0,"allocatedBytes":679528,"uploadedBytes":80,"snapshotUploadedBytes":0}]})
PASS  human-anatomy: pronation-detail/pronation 0.75/three-quarter: newly rendered frozen crop is byte-stable
PASS  human-anatomy: pronation-detail/pronation 1/front: production weighted pose submitted  ({"sampled":{"clip":"pronation","phase":1,"duration":2},"lod":{"skinned":1,"impostors":0},"palettes":[{"bones":26,"visible":1,"capacity":256,"snapshotCapacity":2,"snapshotBankCapacity":1,"residentSnapshots":0,"snapshotSlotHighWater":0,"allocatedBytes":679528,"uploadedBytes":80,"snapshotUploadedBytes":0}]})
PASS  human-anatomy: pronation-detail/pronation 1/front: newly rendered frozen crop is byte-stable
PASS  human-anatomy: pronation-detail/pronation 1/rear: production weighted pose submitted  ({"sampled":{"clip":"pronation","phase":1,"duration":2},"lod":{"skinned":1,"impostors":0},"palettes":[{"bones":26,"visible":1,"capacity":256,"snapshotCapacity":2,"snapshotBankCapacity":1,"residentSnapshots":0,"snapshotSlotHighWater":0,"allocatedBytes":679528,"uploadedBytes":80,"snapshotUploadedBytes":0}]})
PASS  human-anatomy: pronation-detail/pronation 1/rear: newly rendered frozen crop is byte-stable
PASS  human-anatomy: pronation-detail/pronation 1/three-quarter: production weighted pose submitted  ({"sampled":{"clip":"pronation","phase":1,"duration":2},"lod":{"skinned":1,"impostors":0},"palettes":[{"bones":26,"visible":1,"capacity":256,"snapshotCapacity":2,"snapshotBankCapacity":1,"residentSnapshots":0,"snapshotSlotHighWater":0,"allocatedBytes":679528,"uploadedBytes":80,"snapshotUploadedBytes":0}]})
PASS  human-anatomy: pronation-detail/pronation 1/three-quarter: newly rendered frozen crop is byte-stable
PASS  human-anatomy: snapshot shared/soldiers/anatomy/pronation-detail  (0 px differ (0.0000%))
PASS  human-anatomy: bend-pronation-detail/without pronation/front: production weighted pose submitted  ({"sampled":{"clip":"bend","phase":0.5,"duration":2},"lod":{"skinned":1,"impostors":0},"palettes":[{"bones":26,"visible":1,"capacity":256,"snapshotCapacity":2,"snapshotBankCapacity":1,"residentSnapshots":0,"snapshotSlotHighWater":0,"allocatedBytes":679528,"uploadedBytes":80,"snapshotUploadedBytes":0}]})
PASS  human-anatomy: bend-pronation-detail/without pronation/front: newly rendered frozen crop is byte-stable
PASS  human-anatomy: bend-pronation-detail: class 14 selects the same shared candidate pixels
PASS  human-anatomy: bend-pronation-detail/without pronation/rear: production weighted pose submitted  ({"sampled":{"clip":"bend","phase":0.5,"duration":2},"lod":{"skinned":1,"impostors":0},"palettes":[{"bones":26,"visible":1,"capacity":256,"snapshotCapacity":2,"snapshotBankCapacity":1,"residentSnapshots":0,"snapshotSlotHighWater":0,"allocatedBytes":679528,"uploadedBytes":80,"snapshotUploadedBytes":0}]})
PASS  human-anatomy: bend-pronation-detail/without pronation/rear: newly rendered frozen crop is byte-stable
PASS  human-anatomy: bend-pronation-detail/without pronation/three-quarter: production weighted pose submitted  ({"sampled":{"clip":"bend","phase":0.5,"duration":2},"lod":{"skinned":1,"impostors":0},"palettes":[{"bones":26,"visible":1,"capacity":256,"snapshotCapacity":2,"snapshotBankCapacity":1,"residentSnapshots":0,"snapshotSlotHighWater":0,"allocatedBytes":679528,"uploadedBytes":80,"snapshotUploadedBytes":0}]})
PASS  human-anatomy: bend-pronation-detail/without pronation/three-quarter: newly rendered frozen crop is byte-stable
PASS  human-anatomy: bend-pronation-detail/bend-pronation 0/front: production weighted pose submitted  ({"sampled":{"clip":"bend-pronation","phase":0,"duration":2},"lod":{"skinned":1,"impostors":0},"palettes":[{"bones":26,"visible":1,"capacity":256,"snapshotCapacity":2,"snapshotBankCapacity":1,"residentSnapshots":0,"snapshotSlotHighWater":0,"allocatedBytes":679528,"uploadedBytes":80,"snapshotUploadedBytes":0}]})
PASS  human-anatomy: bend-pronation-detail/bend-pronation 0/front: newly rendered frozen crop is byte-stable
PASS  human-anatomy: bend-pronation-detail/bend-pronation 0/rear: production weighted pose submitted  ({"sampled":{"clip":"bend-pronation","phase":0,"duration":2},"lod":{"skinned":1,"impostors":0},"palettes":[{"bones":26,"visible":1,"capacity":256,"snapshotCapacity":2,"snapshotBankCapacity":1,"residentSnapshots":0,"snapshotSlotHighWater":0,"allocatedBytes":679528,"uploadedBytes":80,"snapshotUploadedBytes":0}]})
PASS  human-anatomy: bend-pronation-detail/bend-pronation 0/rear: newly rendered frozen crop is byte-stable
PASS  human-anatomy: bend-pronation-detail/bend-pronation 0/three-quarter: production weighted pose submitted  ({"sampled":{"clip":"bend-pronation","phase":0,"duration":2},"lod":{"skinned":1,"impostors":0},"palettes":[{"bones":26,"visible":1,"capacity":256,"snapshotCapacity":2,"snapshotBankCapacity":1,"residentSnapshots":0,"snapshotSlotHighWater":0,"allocatedBytes":679528,"uploadedBytes":80,"snapshotUploadedBytes":0}]})
PASS  human-anatomy: bend-pronation-detail/bend-pronation 0/three-quarter: newly rendered frozen crop is byte-stable
PASS  human-anatomy: bend-pronation-detail/bend-pronation 0.25/front: production weighted pose submitted  ({"sampled":{"clip":"bend-pronation","phase":0.25,"duration":2},"lod":{"skinned":1,"impostors":0},"palettes":[{"bones":26,"visible":1,"capacity":256,"snapshotCapacity":2,"snapshotBankCapacity":1,"residentSnapshots":0,"snapshotSlotHighWater":0,"allocatedBytes":679528,"uploadedBytes":80,"snapshotUploadedBytes":0}]})
PASS  human-anatomy: bend-pronation-detail/bend-pronation 0.25/front: newly rendered frozen crop is byte-stable
PASS  human-anatomy: bend-pronation-detail/bend-pronation 0.25/rear: production weighted pose submitted  ({"sampled":{"clip":"bend-pronation","phase":0.25,"duration":2},"lod":{"skinned":1,"impostors":0},"palettes":[{"bones":26,"visible":1,"capacity":256,"snapshotCapacity":2,"snapshotBankCapacity":1,"residentSnapshots":0,"snapshotSlotHighWater":0,"allocatedBytes":679528,"uploadedBytes":80,"snapshotUploadedBytes":0}]})
PASS  human-anatomy: bend-pronation-detail/bend-pronation 0.25/rear: newly rendered frozen crop is byte-stable
PASS  human-anatomy: bend-pronation-detail/bend-pronation 0.25/three-quarter: production weighted pose submitted  ({"sampled":{"clip":"bend-pronation","phase":0.25,"duration":2},"lod":{"skinned":1,"impostors":0},"palettes":[{"bones":26,"visible":1,"capacity":256,"snapshotCapacity":2,"snapshotBankCapacity":1,"residentSnapshots":0,"snapshotSlotHighWater":0,"allocatedBytes":679528,"uploadedBytes":80,"snapshotUploadedBytes":0}]})
PASS  human-anatomy: bend-pronation-detail/bend-pronation 0.25/three-quarter: newly rendered frozen crop is byte-stable
PASS  human-anatomy: bend-pronation-detail/bend-pronation 0.5/front: production weighted pose submitted  ({"sampled":{"clip":"bend-pronation","phase":0.5,"duration":2},"lod":{"skinned":1,"impostors":0},"palettes":[{"bones":26,"visible":1,"capacity":256,"snapshotCapacity":2,"snapshotBankCapacity":1,"residentSnapshots":0,"snapshotSlotHighWater":0,"allocatedBytes":679528,"uploadedBytes":80,"snapshotUploadedBytes":0}]})
PASS  human-anatomy: bend-pronation-detail/bend-pronation 0.5/front: newly rendered frozen crop is byte-stable
PASS  human-anatomy: bend-pronation-detail/bend-pronation 0.5/rear: production weighted pose submitted  ({"sampled":{"clip":"bend-pronation","phase":0.5,"duration":2},"lod":{"skinned":1,"impostors":0},"palettes":[{"bones":26,"visible":1,"capacity":256,"snapshotCapacity":2,"snapshotBankCapacity":1,"residentSnapshots":0,"snapshotSlotHighWater":0,"allocatedBytes":679528,"uploadedBytes":80,"snapshotUploadedBytes":0}]})
PASS  human-anatomy: bend-pronation-detail/bend-pronation 0.5/rear: newly rendered frozen crop is byte-stable
PASS  human-anatomy: bend-pronation-detail/bend-pronation 0.5/three-quarter: production weighted pose submitted  ({"sampled":{"clip":"bend-pronation","phase":0.5,"duration":2},"lod":{"skinned":1,"impostors":0},"palettes":[{"bones":26,"visible":1,"capacity":256,"snapshotCapacity":2,"snapshotBankCapacity":1,"residentSnapshots":0,"snapshotSlotHighWater":0,"allocatedBytes":679528,"uploadedBytes":80,"snapshotUploadedBytes":0}]})
PASS  human-anatomy: bend-pronation-detail/bend-pronation 0.5/three-quarter: newly rendered frozen crop is byte-stable
PASS  human-anatomy: bend-pronation-detail/bend-pronation 0.75/front: production weighted pose submitted  ({"sampled":{"clip":"bend-pronation","phase":0.75,"duration":2},"lod":{"skinned":1,"impostors":0},"palettes":[{"bones":26,"visible":1,"capacity":256,"snapshotCapacity":2,"snapshotBankCapacity":1,"residentSnapshots":0,"snapshotSlotHighWater":0,"allocatedBytes":679528,"uploadedBytes":80,"snapshotUploadedBytes":0}]})
PASS  human-anatomy: bend-pronation-detail/bend-pronation 0.75/front: newly rendered frozen crop is byte-stable
PASS  human-anatomy: bend-pronation-detail/bend-pronation 0.75/rear: production weighted pose submitted  ({"sampled":{"clip":"bend-pronation","phase":0.75,"duration":2},"lod":{"skinned":1,"impostors":0},"palettes":[{"bones":26,"visible":1,"capacity":256,"snapshotCapacity":2,"snapshotBankCapacity":1,"residentSnapshots":0,"snapshotSlotHighWater":0,"allocatedBytes":679528,"uploadedBytes":80,"snapshotUploadedBytes":0}]})
PASS  human-anatomy: bend-pronation-detail/bend-pronation 0.75/rear: newly rendered frozen crop is byte-stable
PASS  human-anatomy: bend-pronation-detail/bend-pronation 0.75/three-quarter: production weighted pose submitted  ({"sampled":{"clip":"bend-pronation","phase":0.75,"duration":2},"lod":{"skinned":1,"impostors":0},"palettes":[{"bones":26,"visible":1,"capacity":256,"snapshotCapacity":2,"snapshotBankCapacity":1,"residentSnapshots":0,"snapshotSlotHighWater":0,"allocatedBytes":679528,"uploadedBytes":80,"snapshotUploadedBytes":0}]})
PASS  human-anatomy: bend-pronation-detail/bend-pronation 0.75/three-quarter: newly rendered frozen crop is byte-stable
PASS  human-anatomy: bend-pronation-detail/bend-pronation 1/front: production weighted pose submitted  ({"sampled":{"clip":"bend-pronation","phase":1,"duration":2},"lod":{"skinned":1,"impostors":0},"palettes":[{"bones":26,"visible":1,"capacity":256,"snapshotCapacity":2,"snapshotBankCapacity":1,"residentSnapshots":0,"snapshotSlotHighWater":0,"allocatedBytes":679528,"uploadedBytes":80,"snapshotUploadedBytes":0}]})
PASS  human-anatomy: bend-pronation-detail/bend-pronation 1/front: newly rendered frozen crop is byte-stable
PASS  human-anatomy: bend-pronation-detail/bend-pronation 1/rear: production weighted pose submitted  ({"sampled":{"clip":"bend-pronation","phase":1,"duration":2},"lod":{"skinned":1,"impostors":0},"palettes":[{"bones":26,"visible":1,"capacity":256,"snapshotCapacity":2,"snapshotBankCapacity":1,"residentSnapshots":0,"snapshotSlotHighWater":0,"allocatedBytes":679528,"uploadedBytes":80,"snapshotUploadedBytes":0}]})
PASS  human-anatomy: bend-pronation-detail/bend-pronation 1/rear: newly rendered frozen crop is byte-stable
PASS  human-anatomy: bend-pronation-detail/bend-pronation 1/three-quarter: production weighted pose submitted  ({"sampled":{"clip":"bend-pronation","phase":1,"duration":2},"lod":{"skinned":1,"impostors":0},"palettes":[{"bones":26,"visible":1,"capacity":256,"snapshotCapacity":2,"snapshotBankCapacity":1,"residentSnapshots":0,"snapshotSlotHighWater":0,"allocatedBytes":679528,"uploadedBytes":80,"snapshotUploadedBytes":0}]})
PASS  human-anatomy: bend-pronation-detail/bend-pronation 1/three-quarter: newly rendered frozen crop is byte-stable
PASS  human-anatomy: snapshot shared/soldiers/anatomy/bend-pronation-detail  (0 px differ (0.0000%))
PASS  runner: no page errors

4 FAILURE(S)
