(node:64006) [MODULE_TYPELESS_PACKAGE_JSON] Warning: Module type of file:///Users/david/dev/game-battle-performance-spec/packages/game-renderer/src/battle/unitInfoLayout.ts is not specified and it doesn't parse as CommonJS.
Reparsing as ES module because module syntax was detected. This incurs a performance overhead.
To eliminate this warning, add "type": "module" to /Users/david/dev/game-battle-performance-spec/package.json.
(Use `node --trace-warnings ...` to show where the warning was created)
PASS  battle-perf-30k: sim is paused for the renderer measurement (rAF frames stay live draws)  ({"tickBefore":7,"tickAfter":7})
battle-perf-30k frame-time table:
[
  {
    "stop": "mid",
    "zoom": 3,
    "camera": {
      "requested": {
        "target": [
          0,
          0,
          -4.999698281288147
        ],
        "distance": 3199.9999999952884,
        "pitch": 1.35,
        "yaw": 0,
        "fovY": 0.5,
        "aspect": 1.6,
        "near": 1
      },
      "submitted": {
        "target": [
          0,
          0,
          -4.999698281288147
        ],
        "distance": 3199.9999999952884,
        "pitch": 1.35,
        "yaw": 0,
        "fovY": 0.5,
        "aspect": 1.6,
        "near": 1
      },
      "zoomT": 0.33098591549295775
    },
    "focus": {
      "active": false,
      "accepted": 581177,
      "capacity": 1024000,
      "slotCapacity": 640,
      "slotRecords": 1600,
      "coverageResident": true,
      "coverageTiles": 0
    },
    "soldiers": 30560,
    "scenery": 585,
    "grassRecords": 992334,
    "grassTriangles": 1910560,
    "grassTierRecords": {
      "near": 0,
      "mid": 0,
      "far": 238820
    },
    "grassTierDroppedByThinning": {
      "near": 0,
      "mid": 0,
      "far": 486940
    },
    "grassThinnedRecords": 486940,
    "grassSampleAccepted": 992334,
    "grassSampleCapacity": 1000000,
    "grassSampleLodCounts": [
      32,
      525,
      991777
    ],
    "grassSampleBudgetQuotas": [
      480000,
      370000,
      150000
    ],
    "grassSampleDroppedByBudget": [
      0,
      0,
      0
    ],
    "grassSampleStratifiedBudget": false,
    "grassActiveRecordBudget": 1000000,
    "grassAreaBudgetScale": 1,
    "grassVistaRecordBudget": 160000,
    "gpuMedianMs": 11.98,
    "gpuP95Ms": 16.52,
    "gpuSamples": 150,
    "rafMedianMs": 19.58,
    "rafP95Ms": 21.98,
    "device": "apple / metal-3"
  },
  {
    "stop": "vista",
    "requestedDistance": 10,
    "camera": {
      "requested": {
        "target": [
          0,
          -310,
          -0.5457954039202725
        ],
        "distance": 10,
        "pitch": 0.3,
        "yaw": 0,
        "fovY": 0.85,
        "aspect": 1.6,
        "near": 1
      },
      "submitted": {
        "target": [
          0,
          -310,
          -0.5457954039202725
        ],
        "distance": 10,
        "pitch": 0.3,
        "yaw": 0,
        "fovY": 0.85,
        "aspect": 1.6,
        "near": 1
      },
      "zoomT": 1
    },
    "focus": {
      "active": true,
      "accepted": 653895,
      "capacity": 1024000,
      "slotCapacity": 640,
      "slotRecords": 1600,
      "coverageResident": true,
      "coverageTiles": 476
    },
    "soldiers": 30560,
    "scenery": 585,
    "grassRecords": 1753934,
    "grassTriangles": 4124784,
    "grassTierRecords": {
      "near": 4208,
      "mid": 31540,
      "far": 395730
    },
    "grassTierDroppedByThinning": {
      "near": 0,
      "mid": 0,
      "far": 467500
    },
    "grassThinnedRecords": 467500,
    "grassSampleAccepted": 992334,
    "grassSampleCapacity": 1000000,
    "grassSampleLodCounts": [
      32,
      525,
      991777
    ],
    "grassSampleBudgetQuotas": [
      480000,
      370000,
      150000
    ],
    "grassSampleDroppedByBudget": [
      0,
      0,
      0
    ],
    "grassSampleStratifiedBudget": false,
    "grassActiveRecordBudget": 2024000,
    "grassAreaBudgetScale": 1,
    "grassVistaRecordBudget": 160000,
    "gpuMedianMs": 14.29,
    "gpuP95Ms": 22.58,
    "gpuSamples": 150,
    "rafMedianMs": 16.61,
    "rafP95Ms": 18.87,
    "device": "apple / metal-3"
  }
]
battle-perf-30k pan table:
{
  "distanceM": 200,
  "actualDistanceM": 200,
  "elapsedMs": 3028.3949999809265,
  "startTarget": [
    -100,
    -310,
    -0.16702307388186455
  ],
  "endTarget": [
    100,
    -310,
    -1.3989071249961853
  ],
  "submitted": [
    100,
    -310,
    -1.3989071249961853
  ],
  "durationMs": 3000,
  "rafMedianMs": 16.58,
  "rafP95Ms": 19.25,
  "gpuMedianMs": 13.21,
  "gpuP95Ms": 18.26,
  "gpuSamples": 181,
  "rebuildsBefore": 62,
  "rebuildsAfter": 90,
  "lastSampleMs": 0.045,
  "recordCount": 1753934,
  "pending": false
}
battle-perf-30k wheel-burst table:
{
  "events": 30,
  "durationMs": 1000,
  "sent": 30,
  "startZoom": 3,
  "finalZoom": 6.48,
  "settledZoom": 6.48,
  "startDistance": 3199.9999999952884,
  "settledDistance": 2872.64074329978,
  "zoomT": 0.796280405134894,
  "rafMedianMs": 19.86,
  "rafP95Ms": 23.5,
  "rebuildsBefore": 106,
  "rebuildsAfter": 106,
  "pending": false,
  "lastSampleMs": 1.605,
  "lastSlices": 15,
  "lastMaxSliceMs": 2.91
}
battle-perf-30k close-zoom-fill table:
[
  {
    "requestedDistance": 20,
    "camera": {
      "requested": {
        "target": [
          0,
          -310,
          -0.6956946700811386
        ],
        "distance": 19.99999986370767,
        "pitch": 0.30694253787061776,
        "yaw": 0,
        "fovY": 0.8301142610071681,
        "aspect": 1.6,
        "near": 1
      },
      "submitted": {
        "target": [
          0,
          -310,
          -0.6956946700811386
        ],
        "distance": 19.99999986370767,
        "pitch": 0.30694253787061776,
        "yaw": 0,
        "fovY": 0.8301142610071681,
        "aspect": 1.6,
        "near": 1
      },
      "zoomT": 0.992748880875297
    },
    "baseAccepted": 992334,
    "focusAccepted": 653895,
    "coverageResident": true,
    "settledZoom": 7.95,
    "grassEnabled": true,
    "recordCount": 1753934,
    "activeBudget": 2024000,
    "areaScale": 1,
    "pending": false,
    "rafMedianMs": 16.67,
    "rafP95Ms": 19.02
  },
  {
    "requestedDistance": 10,
    "camera": {
      "requested": {
        "target": [
          0,
          -310,
          -0.5457954039202725
        ],
        "distance": 10,
        "pitch": 0.3,
        "yaw": 0,
        "fovY": 0.85,
        "aspect": 1.6,
        "near": 1
      },
      "submitted": {
        "target": [
          0,
          -310,
          -0.5457954039202725
        ],
        "distance": 10,
        "pitch": 0.3,
        "yaw": 0,
        "fovY": 0.85,
        "aspect": 1.6,
        "near": 1
      },
      "zoomT": 1
    },
    "baseAccepted": 992334,
    "focusAccepted": 653895,
    "coverageResident": true,
    "settledZoom": 8,
    "grassEnabled": true,
    "recordCount": 1753934,
    "activeBudget": 2024000,
    "areaScale": 1,
    "pending": false,
    "rafMedianMs": 16.54,
    "rafP95Ms": 18.93
  }
]
PASS  battle-perf-30k: gate holds >= 30000 soldiers on the production battle renderer  ({"spawned":{"before":15560,"added":15000},"mid":30560,"vista":30560})
PASS  battle-perf-30k: gate holds the dense foliage fill on the static whole-map blade field  ({"table":[{"stop":"mid","scenery":585,"grassRecords":992334,"grassTriangles":1910560,"activeBudget":1000000,"areaScale":1},{"stop":"vista","scenery":585,"grassRecords":1753934,"grassTriangles":4124784,"activeBudget":2024000,"areaScale":1}]})
PASS  battle-perf-30k: static grass is sampled uniformly to the record cap (no stratified/area budget)  ([{"stop":"mid","accepted":992334,"capacity":1000000,"stratified":false},{"stop":"vista","accepted":992334,"capacity":1000000,"stratified":false}])
PASS  battle-perf-30k: close physical views keep accepted grass content and resident coverage  ([{"requestedDistance":20,"camera":{"requested":{"target":[0,-310,-0.6956946700811386],"distance":19.99999986370767,"pitch":0.30694253787061776,"yaw":0,"fovY":0.8301142610071681,"aspect":1.6,"near":1},"submitted":{"target":[0,-310,-0.6956946700811386],"distance":19.99999986370767,"pitch":0.30694253787061776,"yaw":0,"fovY":0.8301142610071681,"aspect":1.6,"near":1},"zoomT":0.992748880875297},"baseAccepted":992334,"focusAccepted":653895,"coverageResident":true,"settledZoom":7.95,"grassEnabled":true,"recordCount":1753934,"activeBudget":2024000,"areaScale":1,"pending":false,"rafMedianMs":16.67,"rafP95Ms":19.02},{"requestedDistance":10,"camera":{"requested":{"target":[0,-310,-0.5457954039202725],"distance":10,"pitch":0.3,"yaw":0,"fovY":0.85,"aspect":1.6,"near":1},"submitted":{"target":[0,-310,-0.5457954039202725],"distance":10,"pitch":0.3,"yaw":0,"fovY":0.85,"aspect":1.6,"near":1},"zoomT":1},"baseAccepted":992334,"focusAccepted":653895,"coverageResident":true,"settledZoom":8,"grassEnabled":true,"recordCount":1753934,"activeBudget":2024000,"areaScale":1,"pending":false,"rafMedianMs":16.54,"rafP95Ms":18.93}])
PASS  battle-perf-30k: physical camera requests reach the submitted view, including the 10m endpoint  ([{"camera":{"requested":{"target":[0,0,-4.999698281288147],"distance":3199.9999999952884,"pitch":1.35,"yaw":0,"fovY":0.5,"aspect":1.6,"near":1},"submitted":{"target":[0,0,-4.999698281288147],"distance":3199.9999999952884,"pitch":1.35,"yaw":0,"fovY":0.5,"aspect":1.6,"near":1},"zoomT":0.33098591549295775}},{"requestedDistance":10,"camera":{"requested":{"target":[0,-310,-0.5457954039202725],"distance":10,"pitch":0.3,"yaw":0,"fovY":0.85,"aspect":1.6,"near":1},"submitted":{"target":[0,-310,-0.5457954039202725],"distance":10,"pitch":0.3,"yaw":0,"fovY":0.85,"aspect":1.6,"near":1},"zoomT":1}},{"requestedDistance":20,"camera":{"requested":{"target":[0,-310,-0.6956946700811386],"distance":19.99999986370767,"pitch":0.30694253787061776,"yaw":0,"fovY":0.8301142610071681,"aspect":1.6,"near":1},"submitted":{"target":[0,-310,-0.6956946700811386],"distance":19.99999986370767,"pitch":0.30694253787061776,"yaw":0,"fovY":0.8301142610071681,"aspect":1.6,"near":1},"zoomT":0.992748880875297}},{"requestedDistance":10,"camera":{"requested":{"target":[0,-310,-0.5457954039202725],"distance":10,"pitch":0.3,"yaw":0,"fovY":0.85,"aspect":1.6,"near":1},"submitted":{"target":[0,-310,-0.5457954039202725],"distance":10,"pitch":0.3,"yaw":0,"fovY":0.85,"aspect":1.6,"near":1},"zoomT":1}}])
PASS  battle-perf-30k: zoom sweep visits near and returns to its starting distance  ({"durationMs":3000,"elapsedMs":3089.149999976158,"startDistance":3199.9999999952884,"nearestDistance":10,"finalDistance":3199.9999999952884,"rafMedianMs":17.75,"rafP95Ms":21.92})
PASS  battle-perf-30k: camera pan traverses the requested ground distance in the rendered view  ({"distanceM":200,"actualDistanceM":200,"elapsedMs":3028.3949999809265,"startTarget":[-100,-310,-0.16702307388186455],"endTarget":[100,-310,-1.3989071249961853],"submitted":[100,-310,-1.3989071249961853],"durationMs":3000,"rafMedianMs":16.58,"rafP95Ms":19.25,"gpuMedianMs":13.21,"gpuP95Ms":18.26,"gpuSamples":181,"rebuildsBefore":62,"rebuildsAfter":90,"lastSampleMs":0.045,"recordCount":1753934,"pending":false})
PASS  battle-perf-30k: frames show the crowd and terrain at both stops (load is on screen)  ({"mid":{"crowd":153212,"terrain":1018246,"total":1024000},"vista":{"crowd":402599,"terrain":903026,"total":1024000}})
battle-perf-30k mid evidence shot: /Users/david/dev/game-battle-performance-spec/web/reports/rendering/scenario-runs/battle-perf-30k-mid-hardware.png
battle-perf-30k vista evidence shot: /Users/david/dev/game-battle-performance-spec/web/reports/rendering/scenario-runs/battle-perf-30k-vista-hardware.png
PASS  battle-perf-30k: hardware run measured a real (non-software) adapter with live GPU timestamps  ({"device":"apple / metal-3","gpuSamples":[150,150]})
PASS  battle-perf-30k: median GPU frame time within the 33 ms budget at both zoom stops  ([{"stop":"mid","zoom":3,"camera":{"requested":{"target":[0,0,-4.999698281288147],"distance":3199.9999999952884,"pitch":1.35,"yaw":0,"fovY":0.5,"aspect":1.6,"near":1},"submitted":{"target":[0,0,-4.999698281288147],"distance":3199.9999999952884,"pitch":1.35,"yaw":0,"fovY":0.5,"aspect":1.6,"near":1},"zoomT":0.33098591549295775},"focus":{"active":false,"accepted":581177,"capacity":1024000,"slotCapacity":640,"slotRecords":1600,"coverageResident":true,"coverageTiles":0},"soldiers":30560,"scenery":585,"grassRecords":992334,"grassTriangles":1910560,"grassTierRecords":{"near":0,"mid":0,"far":238820},"grassTierDroppedByThinning":{"near":0,"mid":0,"far":486940},"grassThinnedRecords":486940,"grassSampleAccepted":992334,"grassSampleCapacity":1000000,"grassSampleLodCounts":[32,525,991777],"grassSampleBudgetQuotas":[480000,370000,150000],"grassSampleDroppedByBudget":[0,0,0],"grassSampleStratifiedBudget":false,"grassActiveRecordBudget":1000000,"grassAreaBudgetScale":1,"grassVistaRecordBudget":160000,"gpuMedianMs":11.98,"gpuP95Ms":16.52,"gpuSamples":150,"rafMedianMs":19.58,"rafP95Ms":21.98,"device":"apple / metal-3"},{"stop":"vista","requestedDistance":10,"camera":{"requested":{"target":[0,-310,-0.5457954039202725],"distance":10,"pitch":0.3,"yaw":0,"fovY":0.85,"aspect":1.6,"near":1},"submitted":{"target":[0,-310,-0.5457954039202725],"distance":10,"pitch":0.3,"yaw":0,"fovY":0.85,"aspect":1.6,"near":1},"zoomT":1},"focus":{"active":true,"accepted":653895,"capacity":1024000,"slotCapacity":640,"slotRecords":1600,"coverageResident":true,"coverageTiles":476},"soldiers":30560,"scenery":585,"grassRecords":1753934,"grassTriangles":4124784,"grassTierRecords":{"near":4208,"mid":31540,"far":395730},"grassTierDroppedByThinning":{"near":0,"mid":0,"far":467500},"grassThinnedRecords":467500,"grassSampleAccepted":992334,"grassSampleCapacity":1000000,"grassSampleLodCounts":[32,525,991777],"grassSampleBudgetQuotas":[480000,370000,150000],"grassSampleDroppedByBudget":[0,0,0],"grassSampleStratifiedBudget":false,"grassActiveRecordBudget":2024000,"grassAreaBudgetScale":1,"grassVistaRecordBudget":160000,"gpuMedianMs":14.29,"gpuP95Ms":22.58,"gpuSamples":150,"rafMedianMs":16.61,"rafP95Ms":18.87,"device":"apple / metal-3"}])
PASS  battle-perf-30k: continuous 200m camera pan keeps rAF p95 within the 33 ms budget  ({"distanceM":200,"actualDistanceM":200,"elapsedMs":3028.3949999809265,"startTarget":[-100,-310,-0.16702307388186455],"endTarget":[100,-310,-1.3989071249961853],"submitted":[100,-310,-1.3989071249961853],"durationMs":3000,"rafMedianMs":16.58,"rafP95Ms":19.25,"gpuMedianMs":13.21,"gpuP95Ms":18.26,"gpuSamples":181,"rebuildsBefore":62,"rebuildsAfter":90,"lastSampleMs":0.045,"recordCount":1753934,"pending":false})
PASS  battle-perf-30k: continuous zoom sweep keeps rAF p95 within the 33 ms budget  ({"durationMs":3000,"elapsedMs":3089.149999976158,"startDistance":3199.9999999952884,"nearestDistance":10,"finalDistance":3199.9999999952884,"rafMedianMs":17.75,"rafP95Ms":21.92})
PASS  battle-perf-30k: wheel burst keeps rAF p95 within the 33 ms budget  ({"events":30,"durationMs":1000,"sent":30,"startZoom":3,"finalZoom":6.48,"settledZoom":6.48,"startDistance":3199.9999999952884,"settledDistance":2872.64074329978,"zoomT":0.796280405134894,"rafMedianMs":19.86,"rafP95Ms":23.5,"rebuildsBefore":106,"rebuildsAfter":106,"pending":false,"lastSampleMs":1.605,"lastSlices":15,"lastMaxSliceMs":2.91})
PASS  battle-perf-30k: close distance 20/10m grass-on fill keeps rAF p95 within the 33 ms budget  ([{"requestedDistance":20,"camera":{"requested":{"target":[0,-310,-0.6956946700811386],"distance":19.99999986370767,"pitch":0.30694253787061776,"yaw":0,"fovY":0.8301142610071681,"aspect":1.6,"near":1},"submitted":{"target":[0,-310,-0.6956946700811386],"distance":19.99999986370767,"pitch":0.30694253787061776,"yaw":0,"fovY":0.8301142610071681,"aspect":1.6,"near":1},"zoomT":0.992748880875297},"baseAccepted":992334,"focusAccepted":653895,"coverageResident":true,"settledZoom":7.95,"grassEnabled":true,"recordCount":1753934,"activeBudget":2024000,"areaScale":1,"pending":false,"rafMedianMs":16.67,"rafP95Ms":19.02},{"requestedDistance":10,"camera":{"requested":{"target":[0,-310,-0.5457954039202725],"distance":10,"pitch":0.3,"yaw":0,"fovY":0.85,"aspect":1.6,"near":1},"submitted":{"target":[0,-310,-0.5457954039202725],"distance":10,"pitch":0.3,"yaw":0,"fovY":0.85,"aspect":1.6,"near":1},"zoomT":1},"baseAccepted":992334,"focusAccepted":653895,"coverageResident":true,"settledZoom":8,"grassEnabled":true,"recordCount":1753934,"activeBudget":2024000,"areaScale":1,"pending":false,"rafMedianMs":16.54,"rafP95Ms":18.93}])
PASS  battle-perf-30k: wheel burst delivers all events inside the playable rig range  ({"events":30,"durationMs":1000,"sent":30,"startZoom":3,"finalZoom":6.48,"settledZoom":6.48,"startDistance":3199.9999999952884,"settledDistance":2872.64074329978,"zoomT":0.796280405134894,"rafMedianMs":19.86,"rafP95Ms":23.5,"rebuildsBefore":106,"rebuildsAfter":106,"pending":false,"lastSampleMs":1.605,"lastSlices":15,"lastMaxSliceMs":2.91})
PASS  battle-perf-30k: continuous rendering emits no non-audio-policy browser warnings  ([object Object])
PASS  runner: no page errors

ALL CHECKS PASSED
