(node:57503) [MODULE_TYPELESS_PACKAGE_JSON] Warning: Module type of file:///Users/david/dev/game-battle-performance-spec/packages/game-renderer/src/battle/unitInfoLayout.ts is not specified and it doesn't parse as CommonJS.
Reparsing as ES module because module syntax was detected. This incurs a performance overhead.
To eliminate this warning, add "type": "module" to /Users/david/dev/game-battle-performance-spec/package.json.
(Use `node --trace-warnings ...` to show where the warning was created)
FAIL  battle-model-far-properties: scene completed without throwing  (Error: battle-model-far-properties: screenshot baselines require VERIFY_GPU=1 and VERIFY_GPU_ADAPTER=swiftshader (or unset). Hardware/default browser captures are not comparable; no screenshots were taken.
    at requireSwiftShaderBaseline (file:///Users/david/dev/game-battle-performance-spec/web/scenes/models/_swiftshader-baseline.ts:7:11)
    at Object.run (file:///Users/david/dev/game-battle-performance-spec/web/scenes/models/battle-model-far-properties.mjs:35:3)
    at runSelected (file:///Users/david/dev/game-battle-performance-spec/web/scene.mjs:189:21))
PASS  lod-tiers: lod-tiers: each coarser mesh tier draws fewer triangles  ({"triCounts":[7958,3960,982,782]})
PASS  lod-tiers: lod-tiers: per-instance distance binning coarsens monotonically and reaches every mesh tier  ({"probeLevels":{"0":0,"1":0,"2":1,"3":2,"4":2,"5":2,"6":3,"7":3,"8":3,"9":3,"10":3,"11":3,"12":3,"13":3,"14":4,"15":4},"tiersReached":4})
PASS  lod-tiers: lod-tiers: hysteresis holds the tier inside the boundary deadband (no per-frame flip)  ({"heldL0":0,"heldL1":1})
PASS  lod-tiers: lod-tiers: the pipeline builds a resource per (class, lod) tier  ({"meshVariants":80,"tiers":4})
PASS  lod-tiers: lod-tiers: one soldier per mesh tier renders a nonblank frame  ({"pixels":327652})
PASS  raw-pose-palette: raw pose 0: one palette per submitted mesh occurrence  ([object Object],[object Object],[object Object])
PASS  raw-pose-palette: raw pose 0: authored body reaches real depth  ([object Object])
PASS  raw-pose-palette: raw pose 0: visible weighted result matches CPU oracle  ([object Object])
PASS  raw-pose-palette: raw pose 0: depth matches CPU oracle  ([object Object])
PASS  raw-pose-palette: raw pose 1: one palette per submitted mesh occurrence  ([object Object],[object Object],[object Object])
PASS  raw-pose-palette: raw pose 1: authored body reaches real depth  ([object Object])
PASS  raw-pose-palette: raw pose 1: visible weighted result matches CPU oracle  ([object Object])
PASS  raw-pose-palette: raw pose 1: depth matches CPU oracle  ([object Object])
PASS  raw-pose-palette: raw pose 2: one palette per submitted mesh occurrence  ([object Object],[object Object],[object Object])
PASS  raw-pose-palette: raw pose 2: authored body reaches real depth  ([object Object])
PASS  raw-pose-palette: raw pose 2: visible weighted result matches CPU oracle  ([object Object])
PASS  raw-pose-palette: raw pose 2: depth matches CPU oracle  ([object Object])
PASS  raw-pose-palette: raw pose 3: one palette per submitted mesh occurrence  ([object Object],[object Object],[object Object])
PASS  raw-pose-palette: raw pose 3: authored body reaches real depth  ([object Object])
PASS  raw-pose-palette: raw pose 3: visible weighted result matches CPU oracle  ([object Object])
PASS  raw-pose-palette: raw pose 3: depth matches CPU oracle  ([object Object])
PASS  raw-pose-palette: raw pose 4: one palette per submitted mesh occurrence  ([object Object],[object Object],[object Object])
PASS  raw-pose-palette: raw pose 4: authored body reaches real depth  ([object Object])
PASS  raw-pose-palette: raw pose 4: visible weighted result matches CPU oracle  ([object Object])
PASS  raw-pose-palette: raw pose 4: depth matches CPU oracle  ([object Object])
PASS  raw-pose-palette: raw pose 5: one palette per submitted mesh occurrence  ([object Object],[object Object],[object Object])
PASS  raw-pose-palette: raw pose 5: authored body reaches real depth  ([object Object])
PASS  raw-pose-palette: raw pose 5: visible weighted result matches CPU oracle  ([object Object])
PASS  raw-pose-palette: raw pose 5: depth matches CPU oracle  ([object Object])
PASS  raw-pose-palette: raw pose 6: one palette per submitted mesh occurrence  ([object Object],[object Object],[object Object])
PASS  raw-pose-palette: raw growth keeps three immutable snapshot sources resident  ([object Object])
PASS  raw-pose-palette: raw pose 6: authored body reaches real depth  ([object Object])
PASS  raw-pose-palette: raw pose 6: visible weighted result matches CPU oracle  ([object Object])
PASS  raw-pose-palette: raw pose 6: depth matches CPU oracle  ([object Object])
PASS  raw-pose-palette: raw pose 7: one palette per submitted mesh occurrence  ([object Object],[object Object],[object Object])
PASS  raw-pose-palette: raw shrink reuses the retained immutable source without upload  ([object Object])
PASS  raw-pose-palette: raw pose 7: authored body reaches real depth  ([object Object])
PASS  raw-pose-palette: raw pose 7: visible weighted result matches CPU oracle  ([object Object])
PASS  raw-pose-palette: raw pose 7: depth matches CPU oracle  ([object Object])
PASS  raw-pose-palette: raw pose 8: one palette per submitted mesh occurrence  ([object Object],[object Object],[object Object])
PASS  raw-pose-palette: raw pose 8: authored body reaches real depth  ([object Object])
PASS  raw-pose-palette: raw pose 8: visible weighted result matches CPU oracle  ([object Object])
PASS  raw-pose-palette: raw pose 8: depth matches CPU oracle  ([object Object])
PASS  raw-pose-palette: raw pose 9: one palette per submitted mesh occurrence  ([object Object],[object Object],[object Object])
PASS  raw-pose-palette: raw pose 9: authored body reaches real depth  ([object Object])
PASS  raw-pose-palette: raw pose 9: visible weighted result matches CPU oracle  ([object Object])
PASS  raw-pose-palette: raw pose 9: depth matches CPU oracle  ([object Object])
PASS  raw-pose-palette: raw pose resource generations are released exactly once  ([object Object])
PASS  raw-pose-palette: raw pose commands pass actual GPU validation  ()
PASS  runner: no page errors

1 FAILURE(S)
