(node:62384) [MODULE_TYPELESS_PACKAGE_JSON] Warning: Module type of file:///Users/david/dev/game-battle-performance-spec/packages/game-renderer/src/battle/unitInfoLayout.ts is not specified and it doesn't parse as CommonJS.
Reparsing as ES module because module syntax was detected. This incurs a performance overhead.
To eliminate this warning, add "type": "module" to /Users/david/dev/game-battle-performance-spec/package.json.
(Use `node --trace-warnings ...` to show where the warning was created)
PASS  battle-model-far-grounding: near: requested representation  ({"camera":{"x":0,"y":0,"zoom":80,"zoomT":1,"camera3d":{"target":[0.045835405588150024,0.07664388790726662,1.1900000274181366],"distance":2000,"pitch":0.3737921748345104,"yaw":-1.373400766945016,"fovY":0.004999989583372396,"aspect":1.6,"near":0.17721157314762573,"far":4000}},"lod":{"skinned":1,"impostors":0},"shadow":{"l0":0,"l1":0,"l2":1,"l3":0},"allocatedBytes":11796456})
FAIL  battle-model-far-grounding: near: shadow audience remains independent of the main representation  ({"l0":0,"l1":0,"l2":1,"l3":0})
PASS  battle-model-far-grounding: near: atlas allocation unchanged  (11796456)
FAIL  battle-model-far-grounding: snapshot battle/far-grounding/near  (10273 px differ (1.0032%) — see shots/diff/battle/far-grounding/near.png)
PASS  battle-model-far-grounding: near: frozen pixels
PASS  battle-model-far-grounding: near-unshadowed: requested representation  ({"camera":{"x":0,"y":0,"zoom":80,"zoomT":1,"camera3d":{"target":[0.045835405588150024,0.07664388790726662,1.1900000274181366],"distance":2000,"pitch":0.3737921748345104,"yaw":-1.373400766945016,"fovY":0.004999989583372396,"aspect":1.6,"near":0.17721157314762573,"far":4000}},"lod":{"skinned":1,"impostors":0},"shadow":{"l0":0,"l1":0,"l2":1,"l3":0},"allocatedBytes":11796456})
FAIL  battle-model-far-grounding: near-unshadowed: shadow audience remains independent of the main representation  ({"l0":0,"l1":0,"l2":1,"l3":0})
PASS  battle-model-far-grounding: near-unshadowed: atlas allocation unchanged  (11796456)
FAIL  battle-model-far-grounding: snapshot battle/far-grounding/near-unshadowed  (10114 px differ (0.9877%) — see shots/diff/battle/far-grounding/near-unshadowed.png)
PASS  battle-model-far-grounding: near-unshadowed: frozen pixels
PASS  battle-model-far-grounding: near-authored-ao: requested representation  ({"camera":{"x":0,"y":0,"zoom":80,"zoomT":1,"camera3d":{"target":[0.045835405588150024,0.07664388790726662,1.1900000274181366],"distance":2000,"pitch":0.3737921748345104,"yaw":-1.373400766945016,"fovY":0.004999989583372396,"aspect":1.6,"near":0.17721157314762573,"far":4000}},"lod":{"skinned":1,"impostors":0},"shadow":{"l0":0,"l1":0,"l2":1,"l3":0},"allocatedBytes":11796456})
FAIL  battle-model-far-grounding: near-authored-ao: shadow audience remains independent of the main representation  ({"l0":0,"l1":0,"l2":1,"l3":0})
PASS  battle-model-far-grounding: near-authored-ao: atlas allocation unchanged  (11796456)
FAIL  battle-model-far-grounding: snapshot battle/far-grounding/near-authored-ao  (10126 px differ (0.9889%) — see shots/diff/battle/far-grounding/near-authored-ao.png)
PASS  battle-model-far-grounding: near-authored-ao: frozen pixels
PASS  battle-model-far-grounding: far: requested representation  ({"camera":{"x":0,"y":0,"zoom":80,"zoomT":1,"camera3d":{"target":[0.045835405588150024,0.07664388790726662,1.1900000274181366],"distance":2000,"pitch":0.3737921748345104,"yaw":-1.373400766945016,"fovY":0.004999989583372396,"aspect":1.6,"near":0.17721157314762573,"far":4000}},"lod":{"skinned":0,"impostors":1},"shadow":{"l0":0,"l1":0,"l2":1,"l3":0},"selectedTile":5,"allocatedBytes":11796456})
FAIL  battle-model-far-grounding: far: shadow audience remains independent of the main representation  ({"l0":0,"l1":0,"l2":1,"l3":0})
PASS  battle-model-far-grounding: snapshot battle/far-grounding/far-production  (0 px differ (0.0000%))
PASS  battle-model-far-grounding: far: production far pixels frozen
PASS  battle-model-far-grounding: far: atlas allocation unchanged  (11796456)
FAIL  battle-model-far-grounding: snapshot battle/far-grounding/far  (16573 px differ (1.6185%) — see shots/diff/battle/far-grounding/far.png)
PASS  battle-model-far-grounding: far: frozen pixels
PASS  battle-model-far-grounding: far-half-properties: requested representation  ({"camera":{"x":0,"y":0,"zoom":80,"zoomT":1,"camera3d":{"target":[0.045835405588150024,0.07664388790726662,1.1900000274181366],"distance":2000,"pitch":0.3737921748345104,"yaw":-1.373400766945016,"fovY":0.004999989583372396,"aspect":1.6,"near":0.17721157314762573,"far":4000}},"lod":{"skinned":0,"impostors":1},"shadow":{"l0":0,"l1":0,"l2":1,"l3":0},"selectedTile":5,"allocatedBytes":11796456})
FAIL  battle-model-far-grounding: far-half-properties: shadow audience remains independent of the main representation  ({"l0":0,"l1":0,"l2":1,"l3":0})
FAIL  battle-model-far-grounding: snapshot battle/far-grounding/far-half-properties  (16410 px differ (1.6025%) — see shots/diff/battle/far-grounding/far-half-properties.png)
PASS  battle-model-far-grounding: far-half-properties: frozen pixels
PASS  battle-model-far-grounding: far-dead: requested representation  ({"camera":{"x":0,"y":0,"zoom":80,"zoomT":1,"camera3d":{"target":[0.045835405588150024,0.07664388790726662,1.1900000274181366],"distance":2000,"pitch":0.3737921748345104,"yaw":-1.373400766945016,"fovY":0.004999989583372396,"aspect":1.6,"near":0.17721157314762573,"far":4000}},"lod":{"skinned":0,"impostors":1},"shadow":{"l0":0,"l1":0,"l2":1,"l3":0},"selectedTile":5,"allocatedBytes":11796456})
FAIL  battle-model-far-grounding: far-dead: shadow audience remains independent of the main representation  ({"l0":0,"l1":0,"l2":1,"l3":0})
PASS  battle-model-far-grounding: far-dead: atlas allocation unchanged  (11796456)
FAIL  battle-model-far-grounding: snapshot battle/far-grounding/far-dead  (17757 px differ (1.7341%) — see shots/diff/battle/far-grounding/far-dead.png)
PASS  battle-model-far-grounding: far-dead: frozen pixels
PASS  battle-model-far-grounding: far-nearest-properties: requested representation  ({"camera":{"x":0,"y":0,"zoom":80,"zoomT":1,"camera3d":{"target":[0.045835405588150024,0.07664388790726662,1.1900000274181366],"distance":2000,"pitch":0.3737921748345104,"yaw":-1.373400766945016,"fovY":0.004999989583372396,"aspect":1.6,"near":0.17721157314762573,"far":4000}},"lod":{"skinned":0,"impostors":1},"shadow":{"l0":0,"l1":0,"l2":1,"l3":0},"selectedTile":5,"allocatedBytes":11796456})
FAIL  battle-model-far-grounding: far-nearest-properties: shadow audience remains independent of the main representation  ({"l0":0,"l1":0,"l2":1,"l3":0})
PASS  battle-model-far-grounding: far-nearest-properties: atlas allocation unchanged  (11796456)
FAIL  battle-model-far-grounding: snapshot battle/far-grounding/far-nearest-properties  (16414 px differ (1.6029%) — see shots/diff/battle/far-grounding/far-nearest-properties.png)
PASS  battle-model-far-grounding: far-nearest-properties: frozen pixels
PASS  battle-model-far-grounding: living interior material response matches  ({"count":4209,"mean":0,"max":0,"p99":0})
FAIL  battle-model-far-grounding: dead instances disable contact grounding  ({"count":4239,"mean":33.733427695211134,"max":34,"p99":34})
PASS  battle-model-far-grounding: normal and ORM precision do not cause stronger highlights  ({"count":4209,"mean":0,"max":0,"p99":0})
PASS  battle-model-far-grounding: living contact factor actually affects lower body  ({"count":4209,"mean":33.59396531242575,"max":37,"p99":37})
PASS  runner: no page errors

15 FAILURE(S)
