PASS  battle-benchmark-complete: entire live window completed
PASS  battle-benchmark-complete: timing starts at the canonical tick
PASS  battle-benchmark-complete: canonical contact state
PASS  battle-benchmark-complete: report declares a renderer-only held simulation
PASS  battle-benchmark-complete: simulation stayed exactly at the held state
PASS  battle-benchmark-complete: all camera phases recorded
PASS  battle-benchmark-complete: camera reached near wide and horizon views
PASS  battle-benchmark-complete: every recorded callback submitted a new primary frame
PASS  battle-benchmark-complete: recorded interval total agrees with run clock
PASS  battle-benchmark-complete: result actions remain inside the initial viewport
PASS  battle-benchmark-complete: export retains the full raw recording
PASS  runner: no page errors

ALL CHECKS PASSED
scenarioReport=throwaway/held-fixed/confirmation/disabled-12000-typegpu/scenario-report.json
held-disabled-12000-typegpu-confirmation: complete (renderer-only); functional=true quiet-rankable=false; archived in /Users/david/dev/game-battle-performance-spec/throwaway/held-fixed/confirmation/disabled-12000-typegpu
  pre observation at 2026-09-19T19:22:34.817Z: shared system process(es) /System/Library/PrivateFrameworks/SkyLight.framework/Resources/WindowServer 36.6% cannot be split between this trial and anything else
  periodic observation at 2026-09-19T19:23:34.844Z: shared system process(es) /System/Library/PrivateFrameworks/SkyLight.framework/Resources/WindowServer 36.2% cannot be split between this trial and anything else
  periodic observation at 2026-09-19T19:24:34.872Z: shared system process(es) /System/Library/PrivateFrameworks/SkyLight.framework/Resources/WindowServer 28.6% cannot be split between this trial and anything else
  6 further unattributable observation(s)
  pre observation at 2026-09-19T19:22:34.817Z was not quiet (busiest other process 54.4%, load 4.6591796875)
  periodic observation at 2026-09-19T19:23:34.844Z was not quiet (busiest other process 16.2%, load 4.62939453125)
  periodic observation at 2026-09-19T19:24:34.872Z was not quiet (busiest other process 99.6%, load 4.8173828125)
  7 further busy observation(s)
