PASS  battle-benchmark-complete: entire live window completed
PASS  battle-benchmark-complete: timing starts at the canonical tick
PASS  battle-benchmark-complete: canonical contact state
PASS  battle-benchmark-complete: report declares a renderer-only held simulation
PASS  battle-benchmark-complete: simulation stayed exactly at the held state
PASS  battle-benchmark-complete: all camera phases recorded
PASS  battle-benchmark-complete: camera reached near wide and horizon views
PASS  battle-benchmark-complete: every recorded callback submitted a new primary frame
PASS  battle-benchmark-complete: recorded interval total agrees with run clock
PASS  battle-benchmark-complete: result actions remain inside the initial viewport
PASS  battle-benchmark-complete: export retains the full raw recording
PASS  runner: no page errors

ALL CHECKS PASSED
scenarioReport=throwaway/held-fixed/round-2/9000-typegpu/scenario-report.json
held-9000-typegpu-round-2: complete (renderer-only); functional=true quiet-rankable=false; archived in /Users/david/dev/game-battle-performance-spec/throwaway/held-fixed/round-2/9000-typegpu
  periodic observation at 2026-09-19T12:49:30.419Z: shared system process(es) /System/Library/PrivateFrameworks/SkyLight.framework/Resources/WindowServer 27.9% cannot be split between this trial and anything else
  periodic observation at 2026-09-19T12:50:30.456Z: shared system process(es) /System/Library/PrivateFrameworks/SkyLight.framework/Resources/WindowServer 27.7% cannot be split between this trial and anything else
  periodic observation at 2026-09-19T12:51:30.491Z: shared system process(es) /System/Library/PrivateFrameworks/SkyLight.framework/Resources/WindowServer 25.7% cannot be split between this trial and anything else
  2 further unattributable observation(s)
  pre observation at 2026-09-19T12:47:30.339Z was not quiet (busiest other process 83.2%, load 2.73046875)
  periodic observation at 2026-09-19T12:50:30.456Z was not quiet (busiest other process 90.7%, load 3.12939453125)
  periodic observation at 2026-09-19T12:51:30.491Z was not quiet (busiest other process 50.3%, load 3.8623046875)
  1 further busy observation(s)
